Component: ARM Compiler 5.05 update 2 (build 169) Tool: armlink [4d0f33]

==============================================================================

Section Cross References

    main.o(i.main) refers to rt_cmsis.o(i.osKernelInitialize) for osKernelInitialize
    main.o(i.main) refers to stm32f4xx_hal.o(i.HAL_Init) for HAL_Init
    main.o(i.main) refers to cc2500.o(i.CC2500_Init) for CC2500_Init
    main.o(i.main) refers to cc2500.o(i.CC2500_Reset) for CC2500_Reset
    main.o(i.main) refers to sysclk_config.o(i.SystemClock_Config) for SystemClock_Config
    main.o(i.main) refers to tim.o(i.Tim4Init) for Tim4Init
    main.o(i.main) refers to usbd_core.o(i.USBD_Initialize) for USBD_Initialize
    main.o(i.main) refers to usbd_core.o(i.USBD_Connect) for USBD_Connect
    main.o(i.main) refers to accelerometer_thread.o(i.start_accelerometer_thread) for start_accelerometer_thread
    main.o(i.main) refers to transceiver_thread.o(i.start_transceiver_thread) for start_transceiver_thread
    main.o(i.main) refers to led_thread.o(i.start_LED_thread) for start_LED_thread
    main.o(i.main) refers to mouse_thread.o(i.start_mouse_thread) for start_mouse_thread
    main.o(i.main) refers to rt_cmsis.o(i.osKernelStart) for osKernelStart
    main.o(i.main) refers to rt_cmsis.o(i.osDelay) for osDelay
    supporting_functions.o(i.Error_Handler) refers to printf5.o(i.__0printf$5) for __2printf
    stm32f4xx_it.o(i.EXTI0_IRQHandler) refers to stm32f4xx_hal_gpio.o(i.HAL_GPIO_EXTI_IRQHandler) for HAL_GPIO_EXTI_IRQHandler
    stm32f4xx_it.o(i.TIM4_IRQHandler) refers to stm32f4xx_hal_tim.o(i.HAL_TIM_IRQHandler) for HAL_TIM_IRQHandler
    stm32f4xx_it.o(i.TIM4_IRQHandler) refers to tim.o(.bss) for TIM4_handle
    sysclk_config.o(i.SystemClock_Config) refers to stm32f4xx_hal_rcc.o(i.HAL_RCC_OscConfig) for HAL_RCC_OscConfig
    sysclk_config.o(i.SystemClock_Config) refers to supporting_functions.o(i.Error_Handler) for Error_Handler
    sysclk_config.o(i.SystemClock_Config) refers to stm32f4xx_hal_rcc.o(i.HAL_RCC_ClockConfig) for HAL_RCC_ClockConfig
    led_thread.o(i.LED_thread) refers to led_thread.o(i.LED_thread_periph_init) for LED_thread_periph_init
    led_thread.o(i.LED_thread) refers to rt_cmsis.o(i.osSignalWait) for osSignalWait
    led_thread.o(i.LED_thread) refers to stm32f4xx_hal_gpio.o(i.HAL_GPIO_TogglePin) for HAL_GPIO_TogglePin
    led_thread.o(i.LED_thread) refers to printf5.o(i.__0printf$5) for __2printf
    led_thread.o(i.LED_thread_periph_init) refers to stm32f4xx_hal_gpio.o(i.HAL_GPIO_Init) for HAL_GPIO_Init
    led_thread.o(i.start_LED_thread) refers to rt_cmsis.o(i.osThreadCreate) for osThreadCreate
    led_thread.o(i.start_LED_thread) refers to led_thread.o(.constdata) for os_thread_def_LED_thread
    led_thread.o(i.start_LED_thread) refers to led_thread.o(.data) for LED_thread_ID
    led_thread.o(.constdata) refers to led_thread.o(i.LED_thread) for LED_thread
    mouse_thread.o(i.get_pitch_from_accelerometer) refers to rt_cmsis.o(i.osMutexWait) for osMutexWait
    mouse_thread.o(i.get_pitch_from_accelerometer) refers to rt_cmsis.o(i.osMutexRelease) for osMutexRelease
    mouse_thread.o(i.get_pitch_from_accelerometer) refers to mouse_thread.o(.data) for mouse_mutex
    mouse_thread.o(i.get_roll_from_accelerometer) refers to rt_cmsis.o(i.osMutexWait) for osMutexWait
    mouse_thread.o(i.get_roll_from_accelerometer) refers to rt_cmsis.o(i.osMutexRelease) for osMutexRelease
    mouse_thread.o(i.get_roll_from_accelerometer) refers to mouse_thread.o(.data) for mouse_mutex
    mouse_thread.o(i.mouse_thread) refers to mouse_thread.o(i.mouse_thread_periph_init) for mouse_thread_periph_init
    mouse_thread.o(i.mouse_thread) refers to rt_cmsis.o(i.osSignalWait) for osSignalWait
    mouse_thread.o(i.mouse_thread) refers to mouse_thread.o(i.get_roll_from_accelerometer) for get_roll_from_accelerometer
    mouse_thread.o(i.mouse_thread) refers to mouse_thread.o(i.get_pitch_from_accelerometer) for get_pitch_from_accelerometer
    mouse_thread.o(i.mouse_thread) refers to stm32f4xx_hal_gpio.o(i.HAL_GPIO_ReadPin) for HAL_GPIO_ReadPin
    mouse_thread.o(i.mouse_thread) refers to transceiver_thread.o(i.set_report_array) for set_report_array
    mouse_thread.o(i.mouse_thread) refers to mouse_thread.o(.data) for mouse_in_report
    mouse_thread.o(i.mouse_thread_periph_init) refers to stm32f4xx_hal_gpio.o(i.HAL_GPIO_Init) for HAL_GPIO_Init
    mouse_thread.o(i.set_roll_and_pitch_to_mouse) refers to rt_cmsis.o(i.osMutexWait) for osMutexWait
    mouse_thread.o(i.set_roll_and_pitch_to_mouse) refers to rt_cmsis.o(i.osMutexRelease) for osMutexRelease
    mouse_thread.o(i.set_roll_and_pitch_to_mouse) refers to mouse_thread.o(.data) for mouse_mutex
    mouse_thread.o(i.start_mouse_thread) refers to rt_cmsis.o(i.osThreadCreate) for osThreadCreate
    mouse_thread.o(i.start_mouse_thread) refers to mouse_thread.o(.constdata) for os_thread_def_mouse_thread
[...]
    __0printf$5                              0x08006e91   Thumb Code    22  printf5.o(i.__0printf$5)
    __1printf$5                              0x08006e91   Thumb Code     0  printf5.o(i.__0printf$5)
    __2printf                                0x08006e91   Thumb Code     0  printf5.o(i.__0printf$5)
    __ARM_fpclassify                         0x08006eb1   Thumb Code    48  fpclassify.o(i.__ARM_fpclassify)
    __hardfp_atan                            0x08006f19   Thumb Code   622  atan.o(i.__hardfp_atan)
    __hardfp_sqrt                            0x080071f1   Thumb Code   122  sqrt_full.o(i.__hardfp_sqrt)
    __kernel_poly                            0x0800726b   Thumb Code   248  poly.o(i.__kernel_poly)
    __mathlib_dbl_infnan                     0x08007363   Thumb Code    20  dunder.o(i.__mathlib_dbl_infnan)
    __mathlib_dbl_underflow                  0x08007379   Thumb Code    24  dunder.o(i.__mathlib_dbl_underflow)
    __scatterload_copy                       0x08007399   Thumb Code    14  handlers.o(i.__scatterload_copy)
    __scatterload_null                       0x080073a7   Thumb Code     2  handlers.o(i.__scatterload_null)
    __scatterload_zeroinit                   0x080073a9   Thumb Code    14  handlers.o(i.__scatterload_zeroinit)
    __set_errno                              0x080073b9   Thumb Code     6  errno.o(i.__set_errno)
    _init_box                                0x080073c5   Thumb Code    70  rt_membox.o(i._init_box)
    burst_transmit                           0x080076cd   Thumb Code   108  transceiver_protocol.o(i.burst_transmit)
    dbg_init                                 0x080077a9   Thumb Code    34  hal_cm.o(i.dbg_init)
    dbg_task_notify                          0x080077d9   Thumb Code    32  hal_cm.o(i.dbg_task_notify)
    dbg_task_switch                          0x080077f9   Thumb Code    16  hal_cm.o(i.dbg_task_switch)
    extract_col                              0x08007809   Thumb Code    42  kalman_filter_funcs.o(i.extract_col)
    fabs                                     0x08007833   Thumb Code    24  fabs.o(i.fabs)
    fill_me_up                               0x0800784b   Thumb Code    28  kalman_filter_funcs.o(i.fill_me_up)
    fputc                                    0x08007869   Thumb Code    26  retarget_io.o(i.fputc)
    free                                     0x08007889   Thumb Code    76  malloc.o(i.free)
    get_pitch_from_accelerometer             0x080078d9   Thumb Code    30  mouse_thread.o(i.get_pitch_from_accelerometer)
    get_report_array                         0x08007901   Thumb Code    42  transceiver_thread.o(i.get_report_array)
    get_roll_from_accelerometer              0x08007939   Thumb Code    30  mouse_thread.o(i.get_roll_from_accelerometer)
    initKalman                               0x08007961   Thumb Code   104  kalman_filter_funcs.o(i.initKalman)
    isrMessageGet                            0x080079d1   Thumb Code    42  rt_cmsis.o(i.isrMessageGet)
    isrMessagePut                            0x080079fb   Thumb Code    44  rt_cmsis.o(i.isrMessagePut)
    isrSemaphoreRelease                      0x08007a27   Thumb Code    40  rt_cmsis.o(i.isrSemaphoreRelease)
    isrSignalSet                             0x08007a4f   Thumb Code    36  rt_cmsis.o(i.isrSignalSet)
    isr_evt_set                              0x08007a75   Thumb Code    34  rt_event.o(i.isr_evt_set)
    isr_mbx_receive                          0x08007a9d   Thumb Code    86  rt_mailbox.o(i.isr_mbx_receive)
    isr_mbx_send                             0x08007af3   Thumb Code    14  rt_mailbox.o(i.isr_mbx_send)
    isr_sem_send                             0x08007b01   Thumb Code    16  rt_semaphore.o(i.isr_sem_send)
    main                                     0x08007b11   Thumb Code    78  main.o(i.main)
    malloc                                   0x08007b61   Thumb Code    92  malloc.o(i.malloc)
    mouse_thread                             0x08007bcd   Thumb Code   178  mouse_thread.o(i.mouse_thread)
    mouse_thread_periph_init                 0x08007c89   Thumb Code   142  mouse_thread.o(i.mouse_thread_periph_init)
    osDelay                                  0x08007d21   Thumb Code    18  rt_cmsis.o(i.osDelay)
    osKernelInitialize                       0x08007d39   Thumb Code    30  rt_cmsis.o(i.osKernelInitialize)
    osKernelStart                            0x08007d5d   Thumb Code    98  rt_cmsis.o(i.osKernelStart)
    osMessageGet                             0x08007dc9   Thumb Code    18  rt_cmsis.o(i.osMessageGet)
    osMutexCreate                            0x08007de1   Thumb Code    38  rt_cmsis.o(i.osMutexCreate)
    osMutexRelease                           0x08007e11   Thumb Code    18  rt_cmsis.o(i.osMutexRelease)
    osMutexWait                              0x08007e29   Thumb Code    18  rt_cmsis.o(i.osMutexWait)
    osSemaphoreCreate                        0x08007e41   Thumb Code    38  rt_cmsis.o(i.osSemaphoreCreate)
    osSemaphoreRelease                       0x08007e71   Thumb Code    18  rt_cmsis.o(i.osSemaphoreRelease)
    osSemaphoreWait                          0x08007e89   Thumb Code    20  rt_cmsis.o(i.osSemaphoreWait)
    osSignalSet                              0x08007ea1   Thumb Code    18  rt_cmsis.o(i.osSignalSet)
    osSignalWait                             0x08007eb9   Thumb Code    18  rt_cmsis.o(i.osSignalWait)
    osThreadCreate                           0x08007ed1   Thumb Code    38  rt_cmsis.o(i.osThreadCreate)
    osThreadExit                             0x08007f01   Thumb Code    14  rt_cmsis.o(i.osThreadExit)
    osTimerCall                              0x08007f19   Thumb Code     8  rt_cmsis.o(i.osTimerCall)
    osTimerCreate                            0x08007f25   Thumb Code    44  rt_cmsis.o(i.osTimerCreate)
    osTimerStart                             0x08007f59   Thumb Code    18  rt_cmsis.o(i.osTimerStart)
    osTimerStop                              0x08007f71   Thumb Code    18  rt_cmsis.o(i.osTimerStop)
    osTimerThread                            0x08007f89   Thumb Code    38  rt_cmsis.o(i.osTimerThread)
    os_error                                 0x08007fb5   Thumb Code    34  rtx_conf_cm.o(i.os_error)
    os_idle_demon                            0x08007fd7   Thumb Code     4  rtx_conf_cm.o(i.os_idle_demon)
    os_tick_init                             0x08007fdd   Thumb Code    32  rt_system.o(i.os_tick_init)
    os_tick_irqack                           0x08008005   Thumb Code     2  rt_system.o(i.os_tick_irqack)
    rt_alloc_box                             0x08008007   Thumb Code    26  rt_membox.o(i.rt_alloc_box)
    rt_alloc_mem                             0x08008021   Thumb Code    62  rt_memory.o(i.rt_alloc_mem)
    rt_block                                 0x08008061   Thumb Code    48  rt_task.o(i.rt_block)
    rt_chk_robin                             0x08008099   Thumb Code    60  rt_robin.o(i.rt_chk_robin)
    rt_dec_dly                               0x080080e1   Thumb Code   102  rt_list.o(i.rt_dec_dly)
    rt_dispatch                              0x08008151   Thumb Code    60  rt_task.o(i.rt_dispatch)
    rt_dly_wait                              0x08008195   Thumb Code     6  rt_time.o(i.rt_dly_wait)
    rt_evt_psh                               0x0800819d   Thumb Code    76  rt_event.o(i.rt_evt_psh)
    rt_evt_set                               0x080081ed   Thumb Code    88  rt_event.o(i.rt_evt_set)
    rt_evt_wait                              0x08008249   Thumb Code    56  rt_event.o(i.rt_evt_wait)
    rt_free_box                              0x08008285   Thumb Code    44  rt_membox.o(i.rt_free_box)
    rt_free_mem                              0x080082b1   Thumb Code    40  rt_memory.o(i.rt_free_mem)
    rt_get_first                             0x080082d9   Thumb Code    40  rt_list.o(i.rt_get_first)
    rt_init_mem                              0x08008351   Thumb Code    26  rt_memory.o(i.rt_init_mem)
    rt_init_robin                            0x0800836d   Thumb Code    14  rt_robin.o(i.rt_init_robin)
    rt_init_stack                            0x08008385   Thumb Code   118  hal_cm.o(i.rt_init_stack)
    rt_mbx_check                             0x08008405   Thumb Code     8  rt_mailbox.o(i.rt_mbx_check)
    rt_mbx_init                              0x0800840d   Thumb Code    26  rt_mailbox.o(i.rt_mbx_init)
    rt_mbx_psh                               0x08008429   Thumb Code   236  rt_mailbox.o(i.rt_mbx_psh)
    rt_mbx_wait                              0x08008519   Thumb Code   174  rt_mailbox.o(i.rt_mbx_wait)
    rt_mut_init                              0x08008611   Thumb Code    16  rt_mutex.o(i.rt_mut_init)
    rt_mut_release                           0x08008621   Thumb Code   208  rt_mutex.o(i.rt_mut_release)
    rt_mut_wait                              0x080086f9   Thumb Code   100  rt_mutex.o(i.rt_mut_wait)
    rt_pop_req                               0x08008761   Thumb Code   112  rt_system.o(i.rt_pop_req)
    rt_psh_req                               0x080087dd   Thumb Code    22  rt_system.o(i.rt_psh_req)
    rt_psq_enq                               0x080087fd   Thumb Code    88  rt_list.o(i.rt_psq_enq)
    rt_put_dly                               0x08008859   Thumb Code    68  rt_list.o(i.rt_put_dly)
    rt_put_prio                              0x080088a1   Thumb Code    54  rt_list.o(i.rt_put_prio)
    rt_put_rdy_first                         0x080088d9   Thumb Code    14  rt_list.o(i.rt_put_rdy_first)
    rt_resort_prio                           0x080088ed   Thumb Code    46  rt_list.o(i.rt_resort_prio)
    rt_ret_val                               0x08008931   Thumb Code    12  hal_cm.o(i.rt_ret_val)
    rt_ret_val2                              0x0800893d   Thumb Code    16  hal_cm.o(i.rt_ret_val2)
    rt_rmv_dly                               0x0800894d   Thumb Code    40  rt_list.o(i.rt_rmv_dly)
    rt_rmv_list                              0x08008975   Thumb Code    44  rt_list.o(i.rt_rmv_list)
    rt_sem_init                              0x080089a5   Thumb Code    12  rt_semaphore.o(i.rt_sem_init)
    rt_sem_psh                               0x080089b1   Thumb Code    48  rt_semaphore.o(i.rt_sem_psh)
    rt_sem_send                              0x080089e5   Thumb Code    42  rt_semaphore.o(i.rt_sem_send)
    rt_sem_wait                              0x08008a11   Thumb Code    58  rt_semaphore.o(i.rt_sem_wait)
    rt_stk_check                             0x08008a51   Thumb Code    28  rt_system.o(i.rt_stk_check)
    rt_switch_req                            0x08008a75   Thumb Code    30  rt_task.o(i.rt_switch_req)
    rt_sys_init                              0x08008a9d   Thumb Code   138  rt_task.o(i.rt_sys_init)
    rt_sys_start                             0x08008b69   Thumb Code   110  rt_task.o(i.rt_sys_start)
    rt_systick                               0x08008be1   Thumb Code    50  rt_system.o(i.rt_systick)
    rt_tsk_create                            0x08008ca5   Thumb Code   118  rt_task.o(i.rt_tsk_create)
    rt_tsk_delete                            0x08008d2d   Thumb Code   352  rt_task.o(i.rt_tsk_delete)
    rt_tsk_prio                              0x08008ea9   Thumb Code   108  rt_task.o(i.rt_tsk_prio)
    rt_tsk_self                              0x08008f25   Thumb Code    12  rt_task.o(i.rt_tsk_self)
    runKalman                                0x08008f35   Thumb Code    34  kalman_filter_funcs.o(i.runKalman)
    set_report_array                         0x08008f59   Thumb Code    42  transceiver_thread.o(i.set_report_array)
    set_roll_and_pitch_to_mouse              0x08008f8d   Thumb Code    36  mouse_thread.o(i.set_roll_and_pitch_to_mouse)
    start_LED_thread                         0x08008fbd   Thumb Code    18  led_thread.o(i.start_LED_thread)
    start_accelerometer_thread               0x08008fd9   Thumb Code    40  accelerometer_thread.o(i.start_accelerometer_thread)
    start_mouse_thread                       0x08009069   Thumb Code    18  mouse_thread.o(i.start_mouse_thread)
    start_transceiver_thread                 0x08009085   Thumb Code    18  transceiver_thread.o(i.start_transceiver_thread)
    svcDelay                                 0x080090ad   Thumb Code    18  rt_cmsis.o(i.svcDelay)
    svcKernelInitialize                      0x080090c1   Thumb Code    80  rt_cmsis.o(i.svcKernelInitialize)
    svcKernelStart                           0x08009131   Thumb Code    62  rt_cmsis.o(i.svcKernelStart)
    svcMessageCreate                         0x08009179   Thumb Code    36  rt_cmsis.o(i.svcMessageCreate)
    svcMessageGet                            0x0800919d   Thumb Code    58  rt_cmsis.o(i.svcMessageGet)
    svcMutexCreate                           0x080091d7   Thumb Code    28  rt_cmsis.o(i.svcMutexCreate)
    svcMutexRelease                          0x080091f3   Thumb Code    34  rt_cmsis.o(i.svcMutexRelease)
    svcMutexWait                             0x08009215   Thumb Code    54  rt_cmsis.o(i.svcMutexWait)
    svcSemaphoreCreate                       0x0800924b   Thumb Code    36  rt_cmsis.o(i.svcSemaphoreCreate)
    svcSemaphoreRelease                      0x0800926f   Thumb Code    40  rt_cmsis.o(i.svcSemaphoreRelease)
    svcSemaphoreWait                         0x08009297   Thumb Code    50  rt_cmsis.o(i.svcSemaphoreWait)
    svcSignalSet                             0x080092c9   Thumb Code    36  rt_cmsis.o(i.svcSignalSet)
    svcSignalWait                            0x080092ed   Thumb Code    80  rt_cmsis.o(i.svcSignalWait)
    svcThreadCreate                          0x08009341   Thumb Code   100  rt_cmsis.o(i.svcThreadCreate)
    svcThreadGetId                           0x080093b1   Thumb Code    22  rt_cmsis.o(i.svcThreadGetId)
    svcThreadTerminate                       0x080093cd   Thumb Code    50  rt_cmsis.o(i.svcThreadTerminate)
    svcTimerCall                             0x08009405   Thumb Code    24  rt_cmsis.o(i.svcTimerCall)
    svcTimerCreate                           0x0800941d   Thumb Code    52  rt_cmsis.o(i.svcTimerCreate)
    svcTimerStart                            0x08009455   Thumb Code    96  rt_cmsis.o(i.svcTimerStart)
    svcTimerStop                             0x080094b9   Thumb Code    36  rt_cmsis.o(i.svcTimerStop)
    sysTimerTick                             0x080094dd   Thumb Code    84  rt_cmsis.o(i.sysTimerTick)
    transceiver_thread                       0x08009539   Thumb Code    32  transceiver_thread.o(i.transceiver_thread)
    update_col                               0x0800955d   Thumb Code    42  kalman_filter_funcs.o(i.update_col)
    os_thread_def_LED_thread                 0x08009588   Data          16  led_thread.o(.constdata)
    os_thread_def_mouse_thread               0x08009598   Data          16  mouse_thread.o(.constdata)
    os_mutex_def_mouse_mutex                 0x080095a8   Data           4  mouse_thread.o(.constdata)
    os_thread_def_Thread_Accelerometer       0x080095ac   Data          16  accelerometer_thread.o(.constdata)
    os_mutex_def_transceiver_mutex           0x080095bc   Data           4  transceiver_thread.o(.constdata)
    os_thread_def_transceiver_thread         0x080095c0   Data          16  transceiver_thread.o(.constdata)
    usbd_hid0_report_descriptor              0x080095d0   Data          52  usbd_user_hid_mouse_0.o(.constdata)
    os_maxtaskrun                            0x08009604   Data           2  rtx_conf_cm.o(.constdata)
    os_stackinfo                             0x08009608   Data           4  rtx_conf_cm.o(.constdata)
    os_rrobin                                0x0800960c   Data           4  rtx_conf_cm.o(.constdata)
    os_tickfreq                              0x08009610   Data           4  rtx_conf_cm.o(.constdata)
    os_tickus_i                              0x08009614   Data           2  rtx_conf_cm.o(.constdata)
    os_tickus_f                              0x08009616   Data           2  rtx_conf_cm.o(.constdata)
    os_trv                                   0x08009618   Data           4  rtx_conf_cm.o(.constdata)
    os_flags                                 0x0800961c   Data           1  rtx_conf_cm.o(.constdata)
    CMSIS_RTOS_API_Version                   0x08009620   Data           4  rtx_conf_cm.o(.constdata)
    CMSIS_RTOS_RTX_Version                   0x08009624   Data           4  rtx_conf_cm.o(.constdata)
    os_clockrate                             0x08009628   Data           4  rtx_conf_cm.o(.constdata)
    os_timernum                              0x0800962c   Data           4  rtx_conf_cm.o(.constdata)
    mp_tcb_size                              0x08009630   Data           2  rtx_conf_cm.o(.constdata)
    mp_stk_size                              0x08009634   Data           4  rtx_conf_cm.o(.constdata)
    os_stack_sz                              0x08009638   Data           4  rtx_conf_cm.o(.constdata)
    os_fifo_size                             0x0800963c   Data           1  rtx_conf_cm.o(.constdata)
    os_thread_def_osTimerThread              0x08009640   Data          16  rtx_conf_cm.o(.constdata)
    os_messageQ_def_osTimerMessageQ          0x08009650   Data           8  rtx_conf_cm.o(.constdata)
    mp_tmr_size                              0x08009658   Data           2  rtx_conf_cm.o(.constdata)
    os_thread_def_main                       0x0800965c   Data          16  rtx_conf_cm.o(.constdata)
    Driver_USBD0                             0x08009674   Data          72  usbd_fs_stm32f4xx.o(.constdata)
    APBAHBPrescTable                         0x080096bc   Data          16  stm32f4xx_hal_rcc.o(.constdata)
    os_thread_def_USBD0_Core_Thread          0x080096cc   Data          16  usbd_config_0.o(.constdata)
    usbd0_dev                                0x080096dc   Data          24  usbd_config_0.o(.constdata)
    os_semaphore_def_usbd0_driver_semaphore_def 0x080096f4   Data           4  usbd_config_0.o(.constdata)
    os_semaphore_def_usbd0_driver_ep0out_semaphore_def 0x080096f8   Data           4  usbd_config_0.o(.constdata)
    os_semaphore_def_usbd0_driver_ep0in_semaphore_def 0x080096fc   Data           4  usbd_config_0.o(.constdata)
    os_semaphore_def_usbd0_driver_ep1out_semaphore_def 0x08009700   Data           4  usbd_config_0.o(.constdata)
    os_semaphore_def_usbd0_driver_ep1in_semaphore_def 0x08009704   Data           4  usbd_config_0.o(.constdata)
    os_semaphore_def_usbd0_driver_ep2out_semaphore_def 0x08009708   Data           4  usbd_config_0.o(.constdata)
    os_semaphore_def_usbd0_driver_ep2in_semaphore_def 0x0800970c   Data           4  usbd_config_0.o(.constdata)
    os_semaphore_def_usbd0_driver_ep3out_semaphore_def 0x08009710   Data           4  usbd_config_0.o(.constdata)
    os_semaphore_def_usbd0_driver_ep3in_semaphore_def 0x08009714   Data           4  usbd_config_0.o(.constdata)
    os_semaphore_def_usbd0_driver_ep4out_semaphore_def 0x08009718   Data           4  usbd_config_0.o(.constdata)
    os_semaphore_def_usbd0_driver_ep4in_semaphore_def 0x0800971c   Data           4  usbd_config_0.o(.constdata)
    os_semaphore_def_usbd0_driver_ep5out_semaphore_def 0x08009720   Data           4  usbd_config_0.o(.constdata)
    os_semaphore_def_usbd0_driver_ep5in_semaphore_def 0x08009724   Data           4  usbd_config_0.o(.constdata)
    os_semaphore_def_usbd0_driver_ep6out_semaphore_def 0x08009728   Data           4  usbd_config_0.o(.constdata)
    os_semaphore_def_usbd0_driver_ep6in_semaphore_def 0x0800972c   Data           4  usbd_config_0.o(.constdata)
    os_semaphore_def_usbd0_driver_ep7out_semaphore_def 0x08009730   Data           4  usbd_config_0.o(.constdata)
    os_semaphore_def_usbd0_driver_ep7in_semaphore_def 0x08009734   Data           4  usbd_config_0.o(.constdata)
    os_semaphore_def_usbd0_driver_ep8out_semaphore_def 0x08009738   Data           4  usbd_config_0.o(.constdata)
    os_semaphore_def_usbd0_driver_ep8in_semaphore_def 0x0800973c   Data           4  usbd_config_0.o(.constdata)
    os_semaphore_def_usbd0_driver_ep9out_semaphore_def 0x08009740   Data           4  usbd_config_0.o(.constdata)
    os_semaphore_def_usbd0_driver_ep9in_semaphore_def 0x08009744   Data           4  usbd_config_0.o(.constdata)
    os_semaphore_def_usbd0_driver_ep10out_semaphore_def 0x08009748   Data           4  usbd_config_0.o(.constdata)
    os_semaphore_def_usbd0_driver_ep10in_semaphore_def 0x0800974c   Data           4  usbd_config_0.o(.constdata)
    os_semaphore_def_usbd0_driver_ep11out_semaphore_def 0x08009750   Data           4  usbd_config_0.o(.constdata)
    os_semaphore_def_usbd0_driver_ep11in_semaphore_def 0x08009754   Data           4  usbd_config_0.o(.constdata)
    os_semaphore_def_usbd0_driver_ep12out_semaphore_def 0x08009758   Data           4  usbd_config_0.o(.constdata)
    os_semaphore_def_usbd0_driver_ep12in_semaphore_def 0x0800975c   Data           4  usbd_config_0.o(.constdata)
    os_semaphore_def_usbd0_driver_ep13out_semaphore_def 0x08009760   Data           4  usbd_config_0.o(.constdata)
    os_semaphore_def_usbd0_driver_ep13in_semaphore_def 0x08009764   Data           4  usbd_config_0.o(.constdata)
    os_semaphore_def_usbd0_driver_ep14out_semaphore_def 0x08009768   Data           4  usbd_config_0.o(.constdata)
    os_semaphore_def_usbd0_driver_ep14in_semaphore_def 0x0800976c   Data           4  usbd_config_0.o(.constdata)
    os_semaphore_def_usbd0_driver_ep15out_semaphore_def 0x08009770   Data           4  usbd_config_0.o(.constdata)
    os_semaphore_def_usbd0_driver_ep15in_semaphore_def 0x08009774   Data           4  usbd_config_0.o(.constdata)
    usbd_driver_semaphore_def_ptr            0x08009778   Data           4  usbd_config_0.o(.constdata)
    usbd_driver_ep_semaphore_def_ptr         0x0800977c   Data         128  usbd_config_0.o(.constdata)
    usbd_dev_num                             0x080097fc   Data           1  usbd_config_0.o(.constdata)
    usbd_dev_ptr                             0x08009800   Data           4  usbd_config_0.o(.constdata)
    os_thread_def_USBD_HID0_Thread           0x08009804   Data          16  usbd_config_0.o(.constdata)
    usbd_hid_thread_def_ptr                  0x08009814   Data           4  usbd_config_0.o(.constdata)
    os_timer_def_usbd_hid0_timer             0x08009818   Data           8  usbd_config_0.o(.constdata)
    usbd_hid_timer_def_ptr                   0x08009820   Data           4  usbd_config_0.o(.constdata)
    os_mutex_def_usbd_hid0_mutex             0x08009824   Data           4  usbd_config_0.o(.constdata)
    usbd_hid_mutex_def_ptr                   0x08009828   Data           4  usbd_config_0.o(.constdata)
    usbd_hid_num                             0x0800982c   Data           1  usbd_config_0.o(.constdata)
    usbd_hid                                 0x08009830   Data          56  usbd_config_0.o(.constdata)
    usbd_ep_max_num                          0x08009868   Data           1  usbd_config_0.o(.constdata)
    usbd_core_thread_def_ptr                 0x0800986c   Data           4  usbd_config_0.o(.constdata)
    usbd_cb_device_event_ptr                 0x08009870   Data           4  usbd_config_0.o(.constdata)
    usbd_cb_endpoint_event_ptr               0x08009874   Data           4  usbd_config_0.o(.constdata)
    USBD_HID_Initialize                      0x08009878   Data           4  usbd_config_0.o(.constdata)
    USBD_HID_Uninitialize                    0x0800987c   Data           4  usbd_config_0.o(.constdata)
    USBD_HID_GetReport                       0x08009880   Data           4  usbd_config_0.o(.constdata)
    USBD_HID_SetReport                       0x08009884   Data           4  usbd_config_0.o(.constdata)
    USBD_HID_GetProtocol                     0x08009888   Data           4  usbd_config_0.o(.constdata)
    USBD_HID_SetProtocol                     0x0800988c   Data           4  usbd_config_0.o(.constdata)
    USBD_Device_Initialize                   0x08009890   Data           4  usbd_config_0.o(.constdata)
    USBD_Device_Uninitialize                 0x08009894   Data           4  usbd_config_0.o(.constdata)
    USBD_Device_EventReset                   0x08009898   Data           4  usbd_config_0.o(.constdata)
    USBD_Device_Endpoint0_SetupPacketReceived 0x0800989c   Data           4  usbd_config_0.o(.constdata)
    USBD_Device_Endpoint0_SetupPacketProcessed 0x080098a0   Data           4  usbd_config_0.o(.constdata)
    USBD_Device_Endpoint0_OutDataReceived    0x080098a4   Data           4  usbd_config_0.o(.constdata)
    USBD_Device_Endpoint0_InDataSent         0x080098a8   Data           4  usbd_config_0.o(.constdata)
    usbd_hid_desc_ptr                        0x080098ac   Data           4  usbd_config_0.o(.constdata)
    usbd0_ep0_descriptor                     0x080098b0   Data           7  usbd_config_0.o(.constdata)
    usbd0_device_descriptor                  0x080098b7   Data          18  usbd_config_0.o(.constdata)
    usbd0_config_descriptor_fs               0x080098c9   Data          42  usbd_config_0.o(.constdata)
    usbd0_device_qualifier_fs                0x080098f3   Data           1  usbd_config_0.o(.constdata)
    usbd0_device_qualifier_hs                0x080098f4   Data           1  usbd_config_0.o(.constdata)
    usbd0_config_descriptor_hs               0x080098f5   Data           1  usbd_config_0.o(.constdata)
    usbd0_other_speed_config_descriptor_fs   0x080098f6   Data           1  usbd_config_0.o(.constdata)
    usbd0_other_speed_config_descriptor_hs   0x080098f7   Data           1  usbd_config_0.o(.constdata)
    usbd0_string_descriptor                  0x080098f8   Data          98  usbd_config_0.o(.constdata)
    INTERVAL_HS                              0x0800995a   Data          32  usbd_hid.o(.constdata)
    Region$$Table$$Base                      0x08009a18   Number         0  anon$$obj.o(Region$$Table)
    Region$$Table$$Limit                     0x08009a38   Number         0  anon$$obj.o(Region$$Table)
    LED_thread_ID                            0x20000000   Data           4  led_thread.o(.data)
    mouse_thread_ID                          0x20000004   Data           4  mouse_thread.o(.data)
    mouse_in_report                          0x20000008   Data           4  mouse_thread.o(.data)
    roll                                     0x2000000c   Data           4  mouse_thread.o(.data)
    pitch                                    0x20000010   Data           4  mouse_thread.o(.data)
    mouse_mutex                              0x20000014   Data           4  mouse_thread.o(.data)
    AccelInit                                0x20000018   Data           6  accelerometer_thread.o(.data)
    AccelInterrupt                           0x2000001e   Data           3  accelerometer_thread.o(.data)
    tid_Thread_Accelerometer                 0x20000024   Data           4  accelerometer_thread.o(.data)
    tid_Thread_Keypad                        0x20000028   Data           4  keypad_thread.o(.data)
    segment_thread_ID                        0x2000002c   Data           4  segment_display.o(.data)
    selected_mode                            0x20000030   Data           4  segment_display.o(.data)
    filteredTemp                             0x20000034   Data           4  segment_display.o(.data)
    displayed_angle                          0x20000038   Data           4  segment_display.o(.data)
    segment_mutex                            0x2000003c   Data           4  segment_display.o(.data)
    tid_Thread_ADCTemp                       0x20000040   Data           4  temperature_thread.o(.data)
    keypad_TIM_counter                       0x20000044   Data           4  tim.o(.data)
    segment_TIM_counter                      0x20000048   Data           4  tim.o(.data)
    mouse_TIM_counter                        0x2000004c   Data           4  tim.o(.data)
    transceiver_TIM_counter                  0x20000050   Data           4  tim.o(.data)
    cc2500_initial_configuration             0x20000054   Data          72  cc2500.o(.data)
    CC2500Timeout                            0x2000009c   Data           4  cc2500.o(.data)
    transceiver_thread_ID                    0x200000a4   Data           4  transceiver_thread.o(.data)
    transceiver_mutex                        0x200000a8   Data           4  transceiver_thread.o(.data)
    mouse_report_array_set                   0x200000ac   Data           4  transceiver_thread.o(.data)
    mouse_report_array_get                   0x200000b0   Data           4  transceiver_thread.o(.data)
    LIS3DSHTimeout                           0x200000b4   Data           4  lis3dsh.o(.data)
    osThreadId_osTimerThread                 0x200000b8   Data           4  rtx_conf_cm.o(.data)
    osMessageQId_osTimerMessageQ             0x200000bc   Data           4  rtx_conf_cm.o(.data)
    os_tmr                                   0x200000c0   Data           4  rtx_conf_cm.o(.data)
    m_tmr                                    0x200000c4   Data           4  rtx_conf_cm.o(.data)
    otg_fs_role                              0x200000c8   Data           1  otg_fs_stm32f4xx.o(.data)
    uwTick                                   0x200000ec   Data           4  stm32f4xx_hal.o(.data)
    SystemCoreClock                          0x200000f0   Data           4  system_stm32f4xx.o(.data)
    usbd0_alt_setting                        0x200000f4   Data           1  usbd_config_0.o(.data)
    usbd0_ep0_buf                            0x200000f8   Data           8  usbd_config_0.o(.data)
    usbd_core_thread_id                      0x20000100   Data           4  usbd_config_0.o(.data)
    usbd_driver_semaphore_id                 0x20000104   Data           4  usbd_config_0.o(.data)
    os_semaphore_cb_usbd0_driver_semaphore_def 0x20000108   Data           8  usbd_config_0.o(.data)
    os_semaphore_cb_usbd0_driver_ep0out_semaphore_def 0x20000110   Data           8  usbd_config_0.o(.data)
    os_semaphore_cb_usbd0_driver_ep0in_semaphore_def 0x20000118   Data           8  usbd_config_0.o(.data)
    os_semaphore_cb_usbd0_driver_ep1out_semaphore_def 0x20000120   Data           8  usbd_config_0.o(.data)
    os_semaphore_cb_usbd0_driver_ep1in_semaphore_def 0x20000128   Data           8  usbd_config_0.o(.data)
    os_semaphore_cb_usbd0_driver_ep2out_semaphore_def 0x20000130   Data           8  usbd_config_0.o(.data)
    os_semaphore_cb_usbd0_driver_ep2in_semaphore_def 0x20000138   Data           8  usbd_config_0.o(.data)
    os_semaphore_cb_usbd0_driver_ep3out_semaphore_def 0x20000140   Data           8  usbd_config_0.o(.data)
    os_semaphore_cb_usbd0_driver_ep3in_semaphore_def 0x20000148   Data           8  usbd_config_0.o(.data)
    os_semaphore_cb_usbd0_driver_ep4out_semaphore_def 0x20000150   Data           8  usbd_config_0.o(.data)
    os_semaphore_cb_usbd0_driver_ep4in_semaphore_def 0x20000158   Data           8  usbd_config_0.o(.data)
    os_semaphore_cb_usbd0_driver_ep5out_semaphore_def 0x20000160   Data           8  usbd_config_0.o(.data)
    os_semaphore_cb_usbd0_driver_ep5in_semaphore_def 0x20000168   Data           8  usbd_config_0.o(.data)
    os_semaphore_cb_usbd0_driver_ep6out_semaphore_def 0x20000170   Data           8  usbd_config_0.o(.data)
    os_semaphore_cb_usbd0_driver_ep6in_semaphore_def 0x20000178   Data           8  usbd_config_0.o(.data)
    os_semaphore_cb_usbd0_driver_ep7out_semaphore_def 0x20000180   Data           8  usbd_config_0.o(.data)
    os_semaphore_cb_usbd0_driver_ep7in_semaphore_def 0x20000188   Data           8  usbd_config_0.o(.data)
    os_semaphore_cb_usbd0_driver_ep8out_semaphore_def 0x20000190   Data           8  usbd_config_0.o(.data)
    os_semaphore_cb_usbd0_driver_ep8in_semaphore_def 0x20000198   Data           8  usbd_config_0.o(.data)
    os_semaphore_cb_usbd0_driver_ep9out_semaphore_def 0x200001a0   Data           8  usbd_config_0.o(.data)
    os_semaphore_cb_usbd0_driver_ep9in_semaphore_def 0x200001a8   Data           8  usbd_config_0.o(.data)
    os_semaphore_cb_usbd0_driver_ep10out_semaphore_def 0x200001b0   Data           8  usbd_config_0.o(.data)
    os_semaphore_cb_usbd0_driver_ep10in_semaphore_def 0x200001b8   Data           8  usbd_config_0.o(.data)
    os_semaphore_cb_usbd0_driver_ep11out_semaphore_def 0x200001c0   Data           8  usbd_config_0.o(.data)
    os_semaphore_cb_usbd0_driver_ep11in_semaphore_def 0x200001c8   Data           8  usbd_config_0.o(.data)
    os_semaphore_cb_usbd0_driver_ep12out_semaphore_def 0x200001d0   Data           8  usbd_config_0.o(.data)
    os_semaphore_cb_usbd0_driver_ep12in_semaphore_def 0x200001d8   Data           8  usbd_config_0.o(.data)
    os_semaphore_cb_usbd0_driver_ep13out_semaphore_def 0x200001e0   Data           8  usbd_config_0.o(.data)
    os_semaphore_cb_usbd0_driver_ep13in_semaphore_def 0x200001e8   Data           8  usbd_config_0.o(.data)
    os_semaphore_cb_usbd0_driver_ep14out_semaphore_def 0x200001f0   Data           8  usbd_config_0.o(.data)
    os_semaphore_cb_usbd0_driver_ep14in_semaphore_def 0x200001f8   Data           8  usbd_config_0.o(.data)
    os_semaphore_cb_usbd0_driver_ep15out_semaphore_def 0x20000200   Data           8  usbd_config_0.o(.data)
    os_semaphore_cb_usbd0_driver_ep15in_semaphore_def 0x20000208   Data           8  usbd_config_0.o(.data)
    usbd_hid_thread_id                       0x20000210   Data           4  usbd_config_0.o(.data)
    usbd_hid_timer_id                        0x20000214   Data           4  usbd_config_0.o(.data)
    usbd_hid_mutex_id                        0x20000218   Data           4  usbd_config_0.o(.data)
    usbd_hid0_idle_count                     0x2000021c   Data           2  usbd_config_0.o(.data)
    usbd_hid0_idle_reload                    0x2000021e   Data           2  usbd_config_0.o(.data)
    usbd_hid0_idle_set                       0x20000220   Data           1  usbd_config_0.o(.data)
    usbd_hid0_in_report                      0x20000224   Data           5  usbd_config_0.o(.data)
    usbd_hid0_out_report                     0x2000022c   Data           1  usbd_config_0.o(.data)
    usbd_hid0_feat_report                    0x20000230   Data           1  usbd_config_0.o(.data)
    usbd_hid_ptr                             0x20000234   Data           4  usbd_config_0.o(.data)
    usbd_ep_thread_id_ptr                    0x20000238   Data           8  usbd_config_0.o(.data)
    usbd_drv_version                         0x20000240   Data           4  usbd_config_0.o(.data)
    usbd_capabilities                        0x20000244   Data           4  usbd_config_0.o(.data)
    usbd_hid0_desc                           0x20000248   Data           8  usbd_config_0.o(.data)
    usbd0_desc                               0x20000250   Data          36  usbd_config_0.o(.data)
    usbd_desc_ptr                            0x20000274   Data           4  usbd_config_0.o(.data)
    os_initialized                           0x20000278   Data           1  rt_cmsis.o(.data)
    os_running                               0x20000279   Data           1  rt_cmsis.o(.data)
    os_timer_head                            0x2000027c   Data           4  rt_cmsis.o(.data)
    os_tsk                                   0x20000280   Data           8  rt_task.o(.data)
    os_tick_irqn                             0x2000028c   Data           4  rt_system.o(.data)
    os_time                                  0x20000290   Data           4  rt_time.o(.data)
    dbg_msg                                  0x20000294   Data           1  hal_cm.o(.data)
    os_robin                                 0x20000298   Data           8  rt_robin.o(.data)
    __stdout                                 0x200002a0   Data           4  stdout.o(.data)
    __microlib_freelist                      0x200002a4   Data           4  mvars.o(.data)
    __microlib_freelist_initialised          0x200002a8   Data           4  mvars.o(.data)
    os_mutex_cb_mouse_mutex                  0x200002b0   Data          16  mouse_thread.o(.bss)
    AccelGPIO                                0x200002c0   Data          20  accelerometer_thread.o(.bss)
    kalman1                                  0x200002d4   Data          28  accelerometer_thread.o(.bss)
    kalman2                                  0x200002f0   Data          28  accelerometer_thread.o(.bss)
    kalman3                                  0x2000030c   Data          28  accelerometer_thread.o(.bss)
    TIM3_handle                              0x20000328   Data          60  tim.o(.bss)
    TIM4_handle                              0x20000364   Data          60  tim.o(.bss)
    SpiHandle_CC2500                         0x200003a0   Data          88  cc2500.o(.bss)
    os_mutex_cb_transceiver_mutex            0x200003f8   Data          16  transceiver_thread.o(.bss)
    SpiHandle                                0x20000408   Data          88  lis3dsh.o(.bss)
    mp_tcb                                   0x20000460   Data         584  rtx_conf_cm.o(.bss)
    mp_stk                                   0x200006a8   Data        4816  rtx_conf_cm.o(.bss)
    os_stack_mem                             0x20001978   Data        3112  rtx_conf_cm.o(.bss)
    os_fifo                                  0x200025a0   Data         132  rtx_conf_cm.o(.bss)
    os_active_TCB                            0x20002624   Data          44  rtx_conf_cm.o(.bss)
    os_messageQ_q_osTimerMessageQ            0x20002650   Data          32  rtx_conf_cm.o(.bss)
    usbd0_data                               0x20002710   Data          80  usbd_config_0.o(.bss)
    usbd_driver_ep_semaphore_id              0x20002760   Data         128  usbd_config_0.o(.bss)
    os_timer_cb_usbd_hid0_timer              0x200027e0   Data          24  usbd_config_0.o(.bss)
    os_mutex_cb_usbd_hid0_mutex              0x200027f8   Data          16  usbd_config_0.o(.bss)
    usbd_hid_data                            0x20002808   Data          36  usbd_config_0.o(.bss)
    os_idle_TCB                              0x2000282c   Data          52  rt_task.o(.bss)
    os_rdy                                   0x20002860   Data          24  rt_list.o(.bss)
    os_dly                                   0x20002878   Data          24  rt_list.o(.bss)
    __heap_base                              0x20002890   Data           0  startup_stm32f407xx.o(HEAP)
    __heap_limit                             0x20002a90   Data           0  startup_stm32f407xx.o(HEAP)
    __initial_sp                             0x20002e90   Data           0  startup_stm32f407xx.o(STACK)



==============================================================================

Memory Map of the image

  Image Entry point : 0x08000345

  Load Region LR_1 (Base: 0x08000000, Size: 0x00009ce8, Max: 0xffffffff, ABSOLUTE, COMPRESSED[0x00009acc])

    Execution Region ER_RO (Base: 0x08000000, Size: 0x00009a38, Max: 0xffffffff, ABSOLUTE)

    Base Addr    Size         Type   Attr      Idx    E Section Name        Object

    0x08000000   0x00000188   Data   RO         5146    RESET               startup_stm32f407xx.o
    0x08000188   0x00000000   Code   RO         7208  * .ARM.Collect$$$$00000000  mc_w.l(entry.o)
    0x08000188   0x00000004   Code   RO         7553    .ARM.Collect$$$$00000001  mc_w.l(entry2.o)
    0x0800018c   0x00000004   Code   RO         7556    .ARM.Collect$$$$00000004  mc_w.l(entry5.o)
    0x08000190   0x00000000   Code   RO         7558    .ARM.Collect$$$$00000008  mc_w.l(entry7b.o)
    0x08000190   0x00000000   Code   RO         7560    .ARM.Collect$$$$0000000A  mc_w.l(entry8b.o)
    0x08000190   0x00000000   Code   RO         7561    .ARM.Collect$$$$0000000D  mc_w.l(entry10a.o)
    0x08000190   0x00000000   Code   RO         7563    .ARM.Collect$$$$0000000F  mc_w.l(entry11a.o)
    0x08000190   0x00000018   Code   RO         1462    .ARM.Collect$$$$000000FF  rtx_conf_cm.o
    0x080001a8   0x00000004   Code   RO         7554    .ARM.Collect$$$$00002712  mc_w.l(entry2.o)
    0x080001ac   0x00000198   Code   RO         7143    .emb_text           RTX_CM4.lib(hal_cm4.o)
    0x08000344   0x00000024   Code   RO         5147  * .text               startup_stm32f407xx.o
    0x08000368   0x00000108   Code   RO         5489    .text               arm_cortexM4lf_math.lib(arm_mat_add_f32.o)
    0x08000470   0x00000008   Code   RO         5541    .text               arm_cortexM4lf_math.lib(arm_mat_init_f32.o)
    0x08000478   0x00000530   Code   RO         5565    .text               arm_cortexM4lf_math.lib(arm_mat_inverse_f32.o)
    0x080009a8   0x0000013c   Code   RO         5589    .text               arm_cortexM4lf_math.lib(arm_mat_mult_f32.o)
    0x08000ae4   0x00000108   Code   RO         5613    .text               arm_cortexM4lf_math.lib(arm_mat_sub_f32.o)
    0x08000bec   0x00000114   Code   RO         5637    .text               arm_cortexM4lf_math.lib(arm_mat_trans_f32.o)
    0x08000d00   0x00000084   Code   RO         5712    .text               arm_cortexM4lf_math.lib(arm_copy_f32.o)
    0x08000d84   0x00000062   Code   RO         7217    .text               mc_w.l(uldiv.o)
    0x08000de6   0x00000024   Code   RO         7221    .text               mc_w.l(memseta.o)
    0x08000e0a   0x0000014e   Code   RO         7514    .text               mf_w.l(dadd.o)
    0x08000f58   0x000000e4   Code   RO         7516    .text               mf_w.l(dmul.o)
    0x0800103c   0x000000de   Code   RO         7518    .text               mf_w.l(ddiv.o)
    0x0800111a   0x0000003e   Code   RO         7522    .text               mf_w.l(dfixi.o)
    0x08001158   0x00000026   Code   RO         7524    .text               mf_w.l(f2d.o)
    0x0800117e   0x00000038   Code   RO         7526    .text               mf_w.l(d2f.o)
    0x080011b6   0x0000001e   Code   RO         7567    .text               mc_w.l(llshl.o)
    0x080011d4   0x00000020   Code   RO         7569    .text               mc_w.l(llushr.o)
    0x080011f4   0x00000024   Code   RO         7571    .text               mc_w.l(llsshr.o)
    0x08001218   0x00000000   Code   RO         7582    .text               mc_w.l(iusefp.o)
    0x08001218   0x0000006e   Code   RO         7583    .text               mf_w.l(fepilogue.o)
    0x08001286   0x000000ba   Code   RO         7585    .text               mf_w.l(depilogue.o)
    0x08001340   0x000000a2   Code   RO         7591    .text               mf_w.l(dsqrt.o)
    0x080013e2   0x00000002   PAD
    0x080013e4   0x00000024   Code   RO         7601    .text               mc_w.l(init.o)
    0x08001408   0x00000056   Code   RO         7610    .text               mc_w.l(__dczerorl2.o)
    0x0800145e   0x00000002   PAD
    0x08001460   0x00000004   Code   RO         7153    SVC_TABLE           RTX_CM4.lib(svc_table.o)
    0x08001464   0x00000094   Code   RO          555    i.AccelConfig       accelerometer_thread.o
    0x080014f8   0x00000004   Code   RO          352    i.BusFault_Handler  stm32f4xx_it.o
    0x080014fc   0x0000014c   Code   RO         1079    i.CC2500_Init       cc2500.o
    0x08001648   0x0000004c   Code   RO         1080    i.CC2500_Read       cc2500.o
    0x08001694   0x00000058   Code   RO         1081    i.CC2500_Reset      cc2500.o
    0x080016ec   0x00000074   Code   RO         1082    i.CC2500_SendByte   cc2500.o
    0x08001760   0x00000004   Code   RO         1083    i.CC2500_TIMEOUT_UserCallback  cc2500.o
    0x08001764   0x00000044   Code   RO         1084    i.CC2500_Write      cc2500.o
    0x080017a8   0x0000000a   Code   RO         1180    i.CC2500_flush_tx   cc2500.o
    0x080017b2   0x0000000a   Code   RO         1152    i.CC2500_get_state  cc2500.o
    0x080017bc   0x0000000a   Code   RO         1169    i.CC2500_get_txbytes  cc2500.o
    0x080017c6   0x00000014   Code   RO         1142    i.CC2500_read_one   cc2500.o
    0x080017da   0x00000012   Code   RO         1147    i.CC2500_write_one  cc2500.o
    0x080017ec   0x00000026   Code   RO         1203    i.CC2500_write_tx   cc2500.o
    0x08001812   0x00000002   Code   RO          353    i.DebugMon_Handler  stm32f4xx_it.o
    0x08001814   0x0000000a   Code   RO          354    i.EXTI0_IRQHandler  stm32f4xx_it.o
    0x0800181e   0x00000002   PAD
    0x08001820   0x00000184   Code   RO         1500    i.Enable_GPIO_Clock  otg_fs_stm32f4xx.o
    0x080019a4   0x00000180   Code   RO          337    i.Error_Handler     supporting_functions.o
    0x08001b24   0x00000174   Code   RO         2492    i.HAL_GPIO_DeInit   stm32f4xx_hal_gpio.o
    0x08001c98   0x00000018   Code   RO          556    i.HAL_GPIO_EXTI_Callback  accelerometer_thread.o
    0x08001cb0   0x0000001c   Code   RO         2494    i.HAL_GPIO_EXTI_IRQHandler  stm32f4xx_hal_gpio.o
    0x08001ccc   0x0000020c   Code   RO         2495    i.HAL_GPIO_Init     stm32f4xx_hal_gpio.o
    0x08001ed8   0x00000010   Code   RO         2497    i.HAL_GPIO_ReadPin  stm32f4xx_hal_gpio.o
    0x08001ee8   0x00000008   Code   RO         2498    i.HAL_GPIO_TogglePin  stm32f4xx_hal_gpio.o
    0x08001ef0   0x0000000c   Code   RO         2499    i.HAL_GPIO_WritePin  stm32f4xx_hal_gpio.o
    0x08001efc   0x0000000c   Code   RO         1808    i.HAL_GetTick       stm32f4xx_hal.o
    0x08001f08   0x0000003c   Code   RO         1810    i.HAL_Init          stm32f4xx_hal.o
    0x08001f44   0x00000028   Code   RO         1811    i.HAL_InitTick      stm32f4xx_hal.o
    0x08001f6c   0x00000002   Code   RO         1813    i.HAL_MspInit       stm32f4xx_hal.o
    0x08001f6e   0x00000020   Code   RO         2220    i.HAL_NVIC_EnableIRQ  stm32f4xx_hal_cortex.o
    0x08001f8e   0x0000007c   Code   RO         2226    i.HAL_NVIC_SetPriority  stm32f4xx_hal_cortex.o
    0x0800200a   0x00000002   PAD
    0x0800200c   0x00000028   Code   RO         2227    i.HAL_NVIC_SetPriorityGrouping  stm32f4xx_hal_cortex.o
    0x08002034   0x000001d0   Code   RO         2733    i.HAL_RCC_ClockConfig  stm32f4xx_hal_rcc.o
    0x08002204   0x000000b4   Code   RO         2742    i.HAL_RCC_GetSysClockFreq  stm32f4xx_hal_rcc.o
    0x080022b8   0x0000039c   Code   RO         2745    i.HAL_RCC_OscConfig  stm32f4xx_hal_rcc.o
    0x08002654   0x00000036   Code   RO         3240    i.HAL_SPI_DeInit    stm32f4xx_hal_spi.o
    0x0800268a   0x000000a0   Code   RO         3245    i.HAL_SPI_Init      stm32f4xx_hal_spi.o
    0x0800272a   0x00000002   Code   RO         3246    i.HAL_SPI_MspDeInit  stm32f4xx_hal_spi.o
    0x0800272c   0x000000ec   Code   RO         1333    i.HAL_SPI_MspInit   lis3dsh.o
    0x08002818   0x00000034   Code   RO         2231    i.HAL_SYSTICK_Config  stm32f4xx_hal_cortex.o
    0x0800284c   0x00000002   Code   RO         4287    i.HAL_TIMEx_BreakCallback  stm32f4xx_hal_tim_ex.o
    0x0800284e   0x00000002   Code   RO         4288    i.HAL_TIMEx_CommutationCallback  stm32f4xx_hal_tim_ex.o
    0x08002850   0x00000034   Code   RO         3648    i.HAL_TIM_Base_Init  stm32f4xx_hal_tim.o
    0x08002884   0x00000002   Code   RO         3650    i.HAL_TIM_Base_MspInit  stm32f4xx_hal_tim.o
    0x08002886   0x0000001e   Code   RO         3653    i.HAL_TIM_Base_Start_IT  stm32f4xx_hal_tim.o
    0x080028a4   0x00000002   Code   RO         3677    i.HAL_TIM_IC_CaptureCallback  stm32f4xx_hal_tim.o
    0x080028a6   0x00000196   Code   RO         3690    i.HAL_TIM_IRQHandler  stm32f4xx_hal_tim.o
    0x08002a3c   0x00000002   Code   RO         3693    i.HAL_TIM_OC_DelayElapsedCallback  stm32f4xx_hal_tim.o
    0x08002a3e   0x00000002   Code   RO         3720    i.HAL_TIM_PWM_PulseFinishedCallback  stm32f4xx_hal_tim.o
    0x08002a40   0x000000b4   Code   RO         1045    i.HAL_TIM_PeriodElapsedCallback  tim.o
    0x08002af4   0x00000002   Code   RO         3731    i.HAL_TIM_TriggerCallback  stm32f4xx_hal_tim.o
    0x08002af6   0x00000004   Code   RO          355    i.HardFault_Handler  stm32f4xx_it.o
    0x08002afa   0x00000002   PAD
    0x08002afc   0x00000030   Code   RO         1727    i.ITM_SendChar      retarget_io.o
    0x08002b2c   0x00000482   Code   RO          626    i.Kalmanfilter_C    kalman_filter_funcs.o
    0x08002fae   0x00000002   PAD
    0x08002fb0   0x0000003c   Code   RO          449    i.LED_thread        led_thread.o
    0x08002fec   0x0000004c   Code   RO          450    i.LED_thread_periph_init  led_thread.o
    0x08003038   0x0000002a   Code   RO         1335    i.LIS3DSH_DataReadyInterruptConfig  lis3dsh.o
    0x08003062   0x00000002   PAD
    0x08003064   0x000000dc   Code   RO         1337    i.LIS3DSH_Init      lis3dsh.o
    0x08003140   0x0000004c   Code   RO         1339    i.LIS3DSH_Read      lis3dsh.o
    0x0800318c   0x000001c0   Code   RO         1340    i.LIS3DSH_ReadACC   lis3dsh.o
    0x0800334c   0x00000074   Code   RO         1341    i.LIS3DSH_SendByte  lis3dsh.o
    0x080033c0   0x00000004   Code   RO         1342    i.LIS3DSH_TIMEOUT_UserCallback  lis3dsh.o
    0x080033c4   0x00000044   Code   RO         1343    i.LIS3DSH_Write     lis3dsh.o
    0x08003408   0x00000004   Code   RO          356    i.MemManage_Handler  stm32f4xx_it.o
    0x0800340c   0x00000002   Code   RO          357    i.NMI_Handler       stm32f4xx_it.o
    0x0800340e   0x0000001a   Code   RO         1501    i.OTG_FS_IRQHandler  otg_fs_stm32f4xx.o
    0x08003428   0x000000b8   Code   RO         1504    i.OTG_FS_PinsConfigure  otg_fs_stm32f4xx.o
    0x080034e0   0x00000054   Code   RO         1505    i.OTG_FS_PinsUnconfigure  otg_fs_stm32f4xx.o
    0x08003534   0x0000000a   Code   RO         1085    i.SPI_CC2500_ReceiveData  cc2500.o
    0x0800353e   0x00000006   Code   RO         1086    i.SPI_CC2500_SendData  cc2500.o
    0x08003544   0x0000000a   Code   RO         1344    i.SPI_ReceiveData   lis3dsh.o
    0x0800354e   0x00000006   Code   RO         1345    i.SPI_SendData      lis3dsh.o
    0x08003554   0x000000a8   Code   RO          425    i.SystemClock_Config  sysclk_config.o
    0x080035fc   0x00000064   Code   RO         5155    i.SystemInit        system_stm32f4xx.o
    0x08003660   0x00000010   Code   RO          358    i.TIM4_IRQHandler   stm32f4xx_it.o
    0x08003670   0x000000e4   Code   RO         3732    i.TIM_Base_SetConfig  stm32f4xx_hal_tim.o
    0x08003754   0x00000280   Code   RO          557    i.Thread_Accelerometer  accelerometer_thread.o
    0x080039d4   0x00000064   Code   RO         1046    i.Tim4Init          tim.o
    0x08003a38   0x00000006   Code   RO         6362    i.USBD0_Core_Thread  USB_CM3_L.lib(usbd_core.o)
    0x08003a3e   0x00000008   Code   RO         5188    i.USBD0_SignalDeviceEvent  usbd_config_0.o
    0x08003a46   0x0000000a   Code   RO         5189    i.USBD0_SignalEndpointEvent  usbd_config_0.o
    0x08003a50   0x0000002c   Code   RO         6366    i.USBD_CheckDevice  USB_CM3_L.lib(usbd_core.o)
    0x08003a7c   0x00000038   Code   RO         5190    i.USBD_ClassInitialize  usbd_config_0.o
    0x08003ab4   0x00000004   Code   RO         5192    i.USBD_Class_Endpoint0_InDataSent  usbd_config_0.o
    0x08003ab8   0x00000004   Code   RO         5193    i.USBD_Class_Endpoint0_OutDataReceived  usbd_config_0.o
    0x08003abc   0x00000002   Code   RO         5194    i.USBD_Class_Endpoint0_SetupPacketProcessed  usbd_config_0.o
    0x08003abe   0x00000004   Code   RO         5195    i.USBD_Class_Endpoint0_SetupPacketReceived  usbd_config_0.o
    0x08003ac2   0x00000002   PAD
    0x08003ac4   0x00000040   Code   RO         6367    i.USBD_ConfigureEndpoint0  USB_CM3_L.lib(usbd_core.o)
    0x08003b04   0x00000018   Code   RO         6369    i.USBD_Connect      USB_CM3_L.lib(usbd_core.o)
    0x08003b1c   0x0000006e   Code   RO         6370    i.USBD_Core         USB_CM3_L.lib(usbd_core.o)
    0x08003b8a   0x00000002   PAD
    0x08003b8c   0x00000040   Code   RO         7108    i.USBD_Core_Endpoint0_InDataSent  USB_CM3_L.lib(usbd_core_custom_device.o)
    0x08003bcc   0x00000040   Code   RO         7109    i.USBD_Core_Endpoint0_OutDataReceived  USB_CM3_L.lib(usbd_core_custom_device.o)
    0x08003c0c   0x0000003c   Code   RO         7110    i.USBD_Core_Endpoint0_SetupPacketProcessed  USB_CM3_L.lib(usbd_core_custom_device.o)
    0x08003c48   0x00000048   Code   RO         7111    i.USBD_Core_Endpoint0_SetupPacketReceived  USB_CM3_L.lib(usbd_core_custom_device.o)
    0x08003c90   0x0000008c   Code   RO         6371    i.USBD_Core_Thread  USB_CM3_L.lib(usbd_core.o)
    0x08003d1c   0x00000050   Code   RO         6372    i.USBD_DataInStage  USB_CM3_L.lib(usbd_core.o)
    0x08003d6c   0x0000002c   Code   RO         6373    i.USBD_DataOutStage  USB_CM3_L.lib(usbd_core.o)
    0x08003d98   0x00000004   Code   RO         5196    i.USBD_Device0_Endpoint0_InDataSent  usbd_config_0.o
    0x08003d9c   0x00000004   Code   RO         5197    i.USBD_Device0_Endpoint0_OutDataReceived  usbd_config_0.o
    0x08003da0   0x00000002   Code   RO         5198    i.USBD_Device0_Endpoint0_SetupPacketProcessed  usbd_config_0.o
    0x08003da2   0x00000004   Code   RO         5199    i.USBD_Device0_Endpoint0_SetupPacketReceived  usbd_config_0.o
    0x08003da6   0x00000002   Code   RO         5200    i.USBD_Device0_EventReset  usbd_config_0.o
    0x08003da8   0x00000002   Code   RO         5201    i.USBD_Device0_Initialize  usbd_config_0.o
    0x08003daa   0x00000002   Code   RO         5202    i.USBD_Device0_Uninitialize  usbd_config_0.o
    0x08003dac   0x00000034   Code   RO         1577    i.USBD_DeviceConnect  usbd_fs_stm32f4xx.o
    0x08003de0   0x00000034   Code   RO         1578    i.USBD_DeviceDisconnect  usbd_fs_stm32f4xx.o
    0x08003e14   0x0000000c   Code   RO         1579    i.USBD_DeviceGetState  usbd_fs_stm32f4xx.o
    0x08003e20   0x00000038   Code   RO         1580    i.USBD_DeviceRemoteWakeup  usbd_fs_stm32f4xx.o
    0x08003e58   0x00000028   Code   RO         1581    i.USBD_DeviceSetAddress  usbd_fs_stm32f4xx.o
    0x08003e80   0x00000050   Code   RO         6375    i.USBD_DriverDeviceConnect  USB_CM3_L.lib(usbd_core.o)
    0x08003ed0   0x0000005c   Code   RO         6379    i.USBD_DriverDeviceSetAddress  USB_CM3_L.lib(usbd_core.o)
    0x08003f2c   0x0000009c   Code   RO         6380    i.USBD_DriverEndpointConfigure  USB_CM3_L.lib(usbd_core.o)
    0x08003fc8   0x00000094   Code   RO         6381    i.USBD_DriverEndpointStall  USB_CM3_L.lib(usbd_core.o)
    0x0800405c   0x000000c8   Code   RO         6382    i.USBD_DriverEndpointTransfer  USB_CM3_L.lib(usbd_core.o)
    0x08004124   0x00000088   Code   RO         6383    i.USBD_DriverEndpointTransferAbort  USB_CM3_L.lib(usbd_core.o)
    0x080041ac   0x00000064   Code   RO         6384    i.USBD_DriverEndpointTransferGetResult  USB_CM3_L.lib(usbd_core.o)
    0x08004210   0x00000094   Code   RO         6385    i.USBD_DriverEndpointUnconfigure  USB_CM3_L.lib(usbd_core.o)
    0x080042a4   0x00000010   Code   RO         6386    i.USBD_DriverGetCapabilities  USB_CM3_L.lib(usbd_core.o)
    0x080042b4   0x00000010   Code   RO         6388    i.USBD_DriverGetVersion  USB_CM3_L.lib(usbd_core.o)
    0x080042c4   0x00000060   Code   RO         6389    i.USBD_DriverInitialize  USB_CM3_L.lib(usbd_core.o)
    0x08004324   0x0000005c   Code   RO         6390    i.USBD_DriverPowerControl  USB_CM3_L.lib(usbd_core.o)
    0x08004380   0x0000005c   Code   RO         6391    i.USBD_DriverReadSetupPacket  USB_CM3_L.lib(usbd_core.o)
    0x080043dc   0x00000290   Code   RO         6393    i.USBD_Endpoint0    USB_CM3_L.lib(usbd_core.o)
    0x0800466c   0x00000004   Code   RO         5203    i.USBD_Endpoint0_Out_ADC_ReqToEP  usbd_config_0.o
    0x08004670   0x00000004   Code   RO         5204    i.USBD_Endpoint0_Out_ADC_ReqToIF  usbd_config_0.o
    0x08004674   0x00000004   Code   RO         5205    i.USBD_Endpoint0_Out_CDC_ReqToIF  usbd_config_0.o
    0x08004678   0x00000064   Code   RO         7096    i.USBD_Endpoint0_Out_HID_ReqToIF  USB_CM3_L.lib(usbd_core_hid.o)
    0x080046dc   0x000000f0   Code   RO         7097    i.USBD_Endpoint0_ReqGetDescriptor_HID  USB_CM3_L.lib(usbd_core_hid.o)
    0x080047cc   0x00000004   Code   RO         5206    i.USBD_Endpoint0_Setup_ADC_ReqToEP  usbd_config_0.o
    0x080047d0   0x00000004   Code   RO         5207    i.USBD_Endpoint0_Setup_ADC_ReqToIF  usbd_config_0.o
    0x080047d4   0x00000004   Code   RO         5208    i.USBD_Endpoint0_Setup_CDC_ReqToIF  usbd_config_0.o
    0x080047d8   0x00000134   Code   RO         7098    i.USBD_Endpoint0_Setup_HID_ReqToIF  USB_CM3_L.lib(usbd_core_hid.o)
    0x0800490c   0x00000004   Code   RO         5209    i.USBD_Endpoint0_Setup_MSC_ReqToIF  usbd_config_0.o
    0x08004910   0x0000017c   Code   RO         1582    i.USBD_EndpointConfigure  usbd_fs_stm32f4xx.o
    0x08004a8c   0x000000bc   Code   RO         1583    i.USBD_EndpointReadSet  usbd_fs_stm32f4xx.o
    0x08004b48   0x000001b0   Code   RO         1584    i.USBD_EndpointStall  usbd_fs_stm32f4xx.o
    0x08004cf8   0x00000058   Code   RO         6397    i.USBD_EndpointStall  USB_CM3_L.lib(usbd_core.o)
    0x08004d50   0x000000d8   Code   RO         1585    i.USBD_EndpointTransfer  usbd_fs_stm32f4xx.o
    0x08004e28   0x000000d4   Code   RO         1586    i.USBD_EndpointTransferAbort  usbd_fs_stm32f4xx.o
    0x08004efc   0x00000028   Code   RO         1587    i.USBD_EndpointTransferGetResult  usbd_fs_stm32f4xx.o
    0x08004f24   0x000001f4   Code   RO         1588    i.USBD_EndpointUnconfigure  usbd_fs_stm32f4xx.o
    0x08005118   0x00000002   Code   RO         5210    i.USBD_EventDisableRemoteWakeup  usbd_config_0.o
    0x0800511a   0x00000002   Code   RO         5211    i.USBD_EventEnableRemoteWakeup  usbd_config_0.o
    0x0800511c   0x00000002   Code   RO         5212    i.USBD_EventEndpointClearFeatureStall  usbd_config_0.o
    0x0800511e   0x00000002   Code   RO         5213    i.USBD_EventEndpointSetFeatureStall  usbd_config_0.o
    0x08005120   0x00000044   Code   RO         5214    i.USBD_EventEndpointStart  usbd_config_0.o
    0x08005164   0x00000002   Code   RO         5215    i.USBD_EventEndpointStop  usbd_config_0.o
    0x08005166   0x00000002   Code   RO         5216    i.USBD_EventHighSpeed  usbd_config_0.o
    0x08005168   0x00000002   Code   RO         5217    i.USBD_EventPowerOff  usbd_config_0.o
    0x0800516a   0x00000002   Code   RO         5218    i.USBD_EventPowerOn  usbd_config_0.o
    0x0800516c   0x00000038   Code   RO         5219    i.USBD_EventReset   usbd_config_0.o
    0x080051a4   0x00000002   Code   RO         5220    i.USBD_EventResume  usbd_config_0.o
    0x080051a6   0x00000002   PAD
    0x080051a8   0x0000002c   Code   RO         5221    i.USBD_EventSetConfiguration  usbd_config_0.o
    0x080051d4   0x00000002   Code   RO         5222    i.USBD_EventSetInterface  usbd_config_0.o
    0x080051d6   0x00000002   Code   RO         5223    i.USBD_EventSuspend  usbd_config_0.o
    0x080051d8   0x00000624   Code   RO         1589    i.USBD_FS_IRQ       usbd_fs_stm32f4xx.o
    0x080057fc   0x0000003c   Code   RO         1590    i.USBD_FlushInEpFifo  usbd_fs_stm32f4xx.o
    0x08005838   0x0000000c   Code   RO         1591    i.USBD_GetCapabilities  usbd_fs_stm32f4xx.o
    0x08005844   0x0000001c   Code   RO         1592    i.USBD_GetFrameNumber  usbd_fs_stm32f4xx.o
    0x08005860   0x00000010   Code   RO         1593    i.USBD_GetVersion   usbd_fs_stm32f4xx.o
    0x08005870   0x00000006   Code   RO         5224    i.USBD_HID0_GetProtocol  usbd_config_0.o
    0x08005876   0x00000032   Code   RO         1429    i.USBD_HID0_GetReport  usbd_user_hid_mouse_0.o
    0x080058a8   0x00000002   Code   RO         1430    i.USBD_HID0_Initialize  usbd_user_hid_mouse_0.o
    0x080058aa   0x00000004   Code   RO         5227    i.USBD_HID0_SetProtocol  usbd_config_0.o
    0x080058ae   0x0000001a   Code   RO         1431    i.USBD_HID0_SetReport  usbd_user_hid_mouse_0.o
    0x080058c8   0x00000006   Code   RO         6482    i.USBD_HID0_Thread  USB_CM3_L.lib(usbd_hid.o)
    0x080058ce   0x00000002   Code   RO         1432    i.USBD_HID0_Uninitialize  usbd_user_hid_mouse_0.o
    0x080058d0   0x0000003c   Code   RO         6486    i.USBD_HID_CheckInstance  USB_CM3_L.lib(usbd_hid.o)
    0x0800590c   0x00000094   Code   RO         6487    i.USBD_HID_ClassInitialize  USB_CM3_L.lib(usbd_hid.o)
    0x080059a0   0x00000038   Code   RO         6489    i.USBD_HID_CoreGetIdle  USB_CM3_L.lib(usbd_hid.o)
    0x080059d8   0x00000044   Code   RO         6490    i.USBD_HID_CoreGetProtocol  USB_CM3_L.lib(usbd_hid.o)
    0x08005a1c   0x00000058   Code   RO         6491    i.USBD_HID_CoreGetReport  USB_CM3_L.lib(usbd_hid.o)
    0x08005a74   0x00000080   Code   RO         6492    i.USBD_HID_CoreSetIdle  USB_CM3_L.lib(usbd_hid.o)
    0x08005af4   0x00000040   Code   RO         6493    i.USBD_HID_CoreSetProtocol  USB_CM3_L.lib(usbd_hid.o)
    0x08005b34   0x00000060   Code   RO         6494    i.USBD_HID_CoreSetReport  USB_CM3_L.lib(usbd_hid.o)
    0x08005b94   0x00000030   Code   RO         6495    i.USBD_HID_EventEndpointStart  USB_CM3_L.lib(usbd_hid.o)
    0x08005bc4   0x00000180   Code   RO         6496    i.USBD_HID_EventEpIntIn  USB_CM3_L.lib(usbd_hid.o)
    0x08005d44   0x00000090   Code   RO         6497    i.USBD_HID_EventEpIntOut  USB_CM3_L.lib(usbd_hid.o)
    0x08005dd4   0x0000004c   Code   RO         6498    i.USBD_HID_EventReset  USB_CM3_L.lib(usbd_hid.o)
    0x08005e20   0x00000044   Code   RO         6499    i.USBD_HID_EventSetConfiguration  USB_CM3_L.lib(usbd_hid.o)
    0x08005e64   0x0000002a   Code   RO         6501    i.USBD_HID_Thread   USB_CM3_L.lib(usbd_hid.o)
    0x08005e8e   0x00000002   PAD
    0x08005e90   0x00000134   Code   RO         6502    i.USBD_HID_Timer    USB_CM3_L.lib(usbd_hid.o)
    0x08005fc4   0x00000040   Code   RO         1594    i.USBD_Initialize   usbd_fs_stm32f4xx.o
    0x08006004   0x000000f4   Code   RO         6400    i.USBD_Initialize   USB_CM3_L.lib(usbd_core.o)
    0x080060f8   0x00000254   Code   RO         1595    i.USBD_PowerControl  usbd_fs_stm32f4xx.o
    0x0800634c   0x000000e0   Code   RO         1596    i.USBD_ReadFromFifo  usbd_fs_stm32f4xx.o
    0x0800642c   0x00000048   Code   RO         1597    i.USBD_ReadSetupPacket  usbd_fs_stm32f4xx.o
    0x08006474   0x00000024   Code   RO         6401    i.USBD_ReqGetConfiguration  USB_CM3_L.lib(usbd_core.o)
    0x08006498   0x00000134   Code   RO         6402    i.USBD_ReqGetDescriptor  USB_CM3_L.lib(usbd_core.o)
    0x080065cc   0x00000038   Code   RO         6403    i.USBD_ReqGetInterface  USB_CM3_L.lib(usbd_core.o)
    0x08006604   0x0000007c   Code   RO         6404    i.USBD_ReqGetStatus  USB_CM3_L.lib(usbd_core.o)
    0x08006680   0x00000028   Code   RO         6405    i.USBD_ReqSetAddress  USB_CM3_L.lib(usbd_core.o)
    0x080066a8   0x000000fc   Code   RO         6406    i.USBD_ReqSetClrFeature  USB_CM3_L.lib(usbd_core.o)
    0x080067a4   0x0000023c   Code   RO         6407    i.USBD_ReqSetConfiguration  USB_CM3_L.lib(usbd_core.o)
    0x080069e0   0x0000018c   Code   RO         6408    i.USBD_ReqSetInterface  USB_CM3_L.lib(usbd_core.o)
    0x08006b6c   0x000000f8   Code   RO         1598    i.USBD_Reset        usbd_fs_stm32f4xx.o
    0x08006c64   0x00000028   Code   RO         6409    i.USBD_ResetCore    USB_CM3_L.lib(usbd_core.o)
    0x08006c8c   0x00000018   Code   RO         6410    i.USBD_SetupStage   USB_CM3_L.lib(usbd_core.o)
    0x08006ca4   0x00000010   Code   RO         6411    i.USBD_SignalDeviceEvent  USB_CM3_L.lib(usbd_core.o)
    0x08006cb4   0x00000044   Code   RO         6412    i.USBD_SignalEndpointEvent  USB_CM3_L.lib(usbd_core.o)
    0x08006cf8   0x0000000c   Code   RO         6413    i.USBD_StatusInStage  USB_CM3_L.lib(usbd_core.o)
    0x08006d04   0x00000012   Code   RO         6414    i.USBD_StatusInStageDone  USB_CM3_L.lib(usbd_core.o)
    0x08006d16   0x0000000c   Code   RO         6415    i.USBD_StatusOutStage  USB_CM3_L.lib(usbd_core.o)
    0x08006d22   0x00000002   PAD
    0x08006d24   0x00000034   Code   RO         6416    i.USBD_StatusOutStageDone  USB_CM3_L.lib(usbd_core.o)
    0x08006d58   0x00000018   Code   RO         6417    i.USBD_SwitchToHighSpeedCore  USB_CM3_L.lib(usbd_core.o)
    0x08006d70   0x0000001c   Code   RO         1599    i.USBD_Uninitialize  usbd_fs_stm32f4xx.o
    0x08006d8c   0x00000100   Code   RO         1600    i.USBD_WriteToFifo  usbd_fs_stm32f4xx.o
    0x08006e8c   0x00000004   Code   RO          359    i.UsageFault_Handler  stm32f4xx_it.o
    0x08006e90   0x00000020   Code   RO         7358    i.__0printf$5       mc_w.l(printf5.o)
    0x08006eb0   0x00000030   Code   RO         7548    i.__ARM_fpclassify  m_wm.l(fpclassify.o)
    0x08006ee0   0x00000010   Code   RO         2233    i.__NVIC_GetPriorityGrouping  stm32f4xx_hal_cortex.o
    0x08006ef0   0x00000028   Code   RO         2234    i.__NVIC_SetPriority  stm32f4xx_hal_cortex.o
    0x08006f18   0x000002d8   Code   RO         7156    i.__hardfp_atan     m_wm.l(atan.o)
    0x080071f0   0x0000007a   Code   RO         7196    i.__hardfp_sqrt     m_wm.l(sqrt_full.o)
    0x0800726a   0x000000f8   Code   RO         7550    i.__kernel_poly     m_wm.l(poly.o)
    0x08007362   0x00000014   Code   RO         7529    i.__mathlib_dbl_infnan  m_wm.l(dunder.o)
    0x08007376   0x00000002   PAD
    0x08007378   0x00000020   Code   RO         7534    i.__mathlib_dbl_underflow  m_wm.l(dunder.o)
    0x08007398   0x0000000e   Code   RO         7604    i.__scatterload_copy  mc_w.l(handlers.o)
    0x080073a6   0x00000002   Code   RO         7605    i.__scatterload_null  mc_w.l(handlers.o)
    0x080073a8   0x0000000e   Code   RO         7606    i.__scatterload_zeroinit  mc_w.l(handlers.o)
    0x080073b6   0x00000002   PAD
    0x080073b8   0x0000000c   Code   RO         7577    i.__set_errno       mc_w.l(errno.o)
    0x080073c4   0x00000046   Code   RO         6983    i._init_box         RTX_CM4.lib(rt_membox.o)
    0x0800740a   0x00000002   PAD
    0x0800740c   0x000002c0   Code   RO         7365    i._printf_core      mc_w.l(printf5.o)
    0x080076cc   0x000000dc   Code   RO         1234    i.burst_transmit    transceiver_protocol.o
    0x080077a8   0x00000030   Code   RO         7036    i.dbg_init          RTX_CM4.lib(hal_cm.o)
    0x080077d8   0x00000020   Code   RO         7037    i.dbg_task_notify   RTX_CM4.lib(hal_cm.o)
    0x080077f8   0x00000010   Code   RO         7038    i.dbg_task_switch   RTX_CM4.lib(hal_cm.o)
    0x08007808   0x0000002a   Code   RO          636    i.extract_col       kalman_filter_funcs.o
    0x08007832   0x00000018   Code   RO         7544    i.fabs              m_wm.l(fabs.o)
    0x0800784a   0x0000001c   Code   RO          637    i.fill_me_up        kalman_filter_funcs.o
    0x08007866   0x00000002   PAD
    0x08007868   0x00000020   Code   RO         1732    i.fputc             retarget_io.o
    0x08007888   0x00000050   Code   RO         7486    i.free              mc_w.l(malloc.o)
    0x080078d8   0x00000028   Code   RO          489    i.get_pitch_from_accelerometer  mouse_thread.o
    0x08007900   0x00000038   Code   RO         1292    i.get_report_array  transceiver_thread.o
    0x08007938   0x00000028   Code   RO          490    i.get_roll_from_accelerometer  mouse_thread.o
    0x08007960   0x00000070   Code   RO          638    i.initKalman        kalman_filter_funcs.o
    0x080079d0   0x0000002a   Code   RO         5736    i.isrMessageGet     RTX_CM4.lib(rt_cmsis.o)
    0x080079fa   0x0000002c   Code   RO         5737    i.isrMessagePut     RTX_CM4.lib(rt_cmsis.o)
    0x08007a26   0x00000028   Code   RO         5738    i.isrSemaphoreRelease  RTX_CM4.lib(rt_cmsis.o)
    0x08007a4e   0x00000024   Code   RO         5739    i.isrSignalSet      RTX_CM4.lib(rt_cmsis.o)
    0x08007a72   0x00000002   PAD
    0x08007a74   0x00000028   Code   RO         6707    i.isr_evt_set       RTX_CM4.lib(rt_event.o)
    0x08007a9c   0x00000056   Code   RO         6829    i.isr_mbx_receive   RTX_CM4.lib(rt_mailbox.o)
    0x08007af2   0x0000000e   Code   RO         6830    i.isr_mbx_send      RTX_CM4.lib(rt_mailbox.o)
    0x08007b00   0x00000010   Code   RO         6877    i.isr_sem_send      RTX_CM4.lib(rt_semaphore.o)
    0x08007b10   0x0000004e   Code   RO            4    i.main              main.o
    0x08007b5e   0x00000002   PAD
    0x08007b60   0x0000006c   Code   RO         7487    i.malloc            mc_w.l(malloc.o)
    0x08007bcc   0x000000bc   Code   RO          491    i.mouse_thread      mouse_thread.o
    0x08007c88   0x00000098   Code   RO          492    i.mouse_thread_periph_init  mouse_thread.o
    0x08007d20   0x00000018   Code   RO         5740    i.osDelay           RTX_CM4.lib(rt_cmsis.o)
    0x08007d38   0x00000024   Code   RO         5741    i.osKernelInitialize  RTX_CM4.lib(rt_cmsis.o)
    0x08007d5c   0x0000006c   Code   RO         5743    i.osKernelStart     RTX_CM4.lib(rt_cmsis.o)
    0x08007dc8   0x00000018   Code   RO         5752    i.osMessageGet      RTX_CM4.lib(rt_cmsis.o)
    0x08007de0   0x00000030   Code   RO         5754    i.osMutexCreate     RTX_CM4.lib(rt_cmsis.o)
    0x08007e10   0x00000018   Code   RO         5756    i.osMutexRelease    RTX_CM4.lib(rt_cmsis.o)
    0x08007e28   0x00000018   Code   RO         5757    i.osMutexWait       RTX_CM4.lib(rt_cmsis.o)
    0x08007e40   0x00000030   Code   RO         5762    i.osSemaphoreCreate  RTX_CM4.lib(rt_cmsis.o)
    0x08007e70   0x00000018   Code   RO         5764    i.osSemaphoreRelease  RTX_CM4.lib(rt_cmsis.o)
    0x08007e88   0x00000018   Code   RO         5765    i.osSemaphoreWait   RTX_CM4.lib(rt_cmsis.o)
    0x08007ea0   0x00000018   Code   RO         5767    i.osSignalSet       RTX_CM4.lib(rt_cmsis.o)
    0x08007eb8   0x00000018   Code   RO         5768    i.osSignalWait      RTX_CM4.lib(rt_cmsis.o)
    0x08007ed0   0x00000030   Code   RO         5769    i.osThreadCreate    RTX_CM4.lib(rt_cmsis.o)
    0x08007f00   0x00000018   Code   RO         5770    i.osThreadExit      RTX_CM4.lib(rt_cmsis.o)
    0x08007f18   0x0000000c   Code   RO         5776    i.osTimerCall       RTX_CM4.lib(rt_cmsis.o)
    0x08007f24   0x00000034   Code   RO         5777    i.osTimerCreate     RTX_CM4.lib(rt_cmsis.o)
    0x08007f58   0x00000018   Code   RO         5779    i.osTimerStart      RTX_CM4.lib(rt_cmsis.o)
    0x08007f70   0x00000018   Code   RO         5780    i.osTimerStop       RTX_CM4.lib(rt_cmsis.o)
    0x08007f88   0x0000002c   Code   RO         5781    i.osTimerThread     RTX_CM4.lib(rt_cmsis.o)
    0x08007fb4   0x00000022   Code   RO         1463    i.os_error          rtx_conf_cm.o
    0x08007fd6   0x00000004   Code   RO         1464    i.os_idle_demon     rtx_conf_cm.o
    0x08007fda   0x00000002   PAD
    0x08007fdc   0x00000028   Code   RO         6617    i.os_tick_init      RTX_CM4.lib(rt_system.o)
    0x08008004   0x00000002   Code   RO         6618    i.os_tick_irqack    RTX_CM4.lib(rt_system.o)
    0x08008006   0x0000001a   Code   RO         6984    i.rt_alloc_box      RTX_CM4.lib(rt_membox.o)
    0x08008020   0x0000003e   Code   RO         7012    i.rt_alloc_mem      RTX_CM4.lib(rt_memory.o)
    0x0800805e   0x00000002   PAD
    0x08008060   0x00000038   Code   RO         6532    i.rt_block          RTX_CM4.lib(rt_task.o)
    0x08008098   0x00000048   Code   RO         7122    i.rt_chk_robin      RTX_CM4.lib(rt_robin.o)
    0x080080e0   0x00000070   Code   RO         6753    i.rt_dec_dly        RTX_CM4.lib(rt_list.o)
    0x08008150   0x00000044   Code   RO         6533    i.rt_dispatch       RTX_CM4.lib(rt_task.o)
    0x08008194   0x00000006   Code   RO         6919    i.rt_dly_wait       RTX_CM4.lib(rt_time.o)
    0x0800819a   0x00000002   PAD
    0x0800819c   0x00000050   Code   RO         6710    i.rt_evt_psh        RTX_CM4.lib(rt_event.o)
    0x080081ec   0x0000005c   Code   RO         6711    i.rt_evt_set        RTX_CM4.lib(rt_event.o)
    0x08008248   0x0000003c   Code   RO         6712    i.rt_evt_wait       RTX_CM4.lib(rt_event.o)
    0x08008284   0x0000002c   Code   RO         6985    i.rt_free_box       RTX_CM4.lib(rt_membox.o)
    0x080082b0   0x00000028   Code   RO         7013    i.rt_free_mem       RTX_CM4.lib(rt_memory.o)
    0x080082d8   0x00000028   Code   RO         6754    i.rt_get_first      RTX_CM4.lib(rt_list.o)
    0x08008300   0x00000008   Code   RO         5786    i.rt_id2obj         RTX_CM4.lib(rt_cmsis.o)
    0x08008308   0x00000048   Code   RO         6534    i.rt_init_context   RTX_CM4.lib(rt_task.o)
    0x08008350   0x0000001a   Code   RO         7014    i.rt_init_mem       RTX_CM4.lib(rt_memory.o)
    0x0800836a   0x00000002   PAD
    0x0800836c   0x00000018   Code   RO         7123    i.rt_init_robin     RTX_CM4.lib(rt_robin.o)
    0x08008384   0x00000080   Code   RO         7039    i.rt_init_stack     RTX_CM4.lib(hal_cm.o)
    0x08008404   0x00000008   Code   RO         6831    i.rt_mbx_check      RTX_CM4.lib(rt_mailbox.o)
    0x0800840c   0x0000001a   Code   RO         6832    i.rt_mbx_init       RTX_CM4.lib(rt_mailbox.o)
    0x08008426   0x00000002   PAD
    0x08008428   0x000000f0   Code   RO         6833    i.rt_mbx_psh        RTX_CM4.lib(rt_mailbox.o)
    0x08008518   0x000000b4   Code   RO         6835    i.rt_mbx_wait       RTX_CM4.lib(rt_mailbox.o)
    0x080085cc   0x00000044   Code   RO         5787    i.rt_ms2tick        RTX_CM4.lib(rt_cmsis.o)
    0x08008610   0x00000010   Code   RO         6953    i.rt_mut_init       RTX_CM4.lib(rt_mutex.o)
    0x08008620   0x000000d8   Code   RO         6954    i.rt_mut_release    RTX_CM4.lib(rt_mutex.o)
    0x080086f8   0x00000068   Code   RO         6955    i.rt_mut_wait       RTX_CM4.lib(rt_mutex.o)
    0x08008760   0x0000007c   Code   RO         6621    i.rt_pop_req        RTX_CM4.lib(rt_system.o)
    0x080087dc   0x00000020   Code   RO         6622    i.rt_psh_req        RTX_CM4.lib(rt_system.o)
    0x080087fc   0x0000005c   Code   RO         6756    i.rt_psq_enq        RTX_CM4.lib(rt_list.o)
    0x08008858   0x00000048   Code   RO         6757    i.rt_put_dly        RTX_CM4.lib(rt_list.o)
    0x080088a0   0x00000036   Code   RO         6758    i.rt_put_prio       RTX_CM4.lib(rt_list.o)
    0x080088d6   0x00000002   PAD
    0x080088d8   0x00000014   Code   RO         6759    i.rt_put_rdy_first  RTX_CM4.lib(rt_list.o)
    0x080088ec   0x00000034   Code   RO         6760    i.rt_resort_prio    RTX_CM4.lib(rt_list.o)
    0x08008920   0x00000010   Code   RO         7040    i.rt_ret_regs       RTX_CM4.lib(hal_cm.o)
    0x08008930   0x0000000c   Code   RO         7041    i.rt_ret_val        RTX_CM4.lib(hal_cm.o)
    0x0800893c   0x00000010   Code   RO         7042    i.rt_ret_val2       RTX_CM4.lib(hal_cm.o)
    0x0800894c   0x00000028   Code   RO         6761    i.rt_rmv_dly        RTX_CM4.lib(rt_list.o)
    0x08008974   0x00000030   Code   RO         6762    i.rt_rmv_list       RTX_CM4.lib(rt_list.o)
    0x080089a4   0x0000000c   Code   RO         6879    i.rt_sem_init       RTX_CM4.lib(rt_semaphore.o)
    0x080089b0   0x00000034   Code   RO         6880    i.rt_sem_psh        RTX_CM4.lib(rt_semaphore.o)
    0x080089e4   0x0000002a   Code   RO         6881    i.rt_sem_send       RTX_CM4.lib(rt_semaphore.o)
    0x08008a0e   0x00000002   PAD
    0x08008a10   0x00000040   Code   RO         6882    i.rt_sem_wait       RTX_CM4.lib(rt_semaphore.o)
    0x08008a50   0x00000024   Code   RO         6624    i.rt_stk_check      RTX_CM4.lib(rt_system.o)
    0x08008a74   0x00000028   Code   RO         6535    i.rt_switch_req     RTX_CM4.lib(rt_task.o)
    0x08008a9c   0x000000cc   Code   RO         6536    i.rt_sys_init       RTX_CM4.lib(rt_task.o)
    0x08008b68   0x00000078   Code   RO         6537    i.rt_sys_start      RTX_CM4.lib(rt_task.o)
    0x08008be0   0x00000040   Code   RO         6626    i.rt_systick        RTX_CM4.lib(rt_system.o)
    0x08008c20   0x00000012   Code   RO         5788    i.rt_tid2ptcb       RTX_CM4.lib(rt_cmsis.o)
    0x08008c32   0x00000002   PAD
    0x08008c34   0x00000034   Code   RO         5789    i.rt_timer_insert   RTX_CM4.lib(rt_cmsis.o)
    0x08008c68   0x0000003c   Code   RO         5790    i.rt_timer_remove   RTX_CM4.lib(rt_cmsis.o)
    0x08008ca4   0x00000088   Code   RO         6538    i.rt_tsk_create     RTX_CM4.lib(rt_task.o)
    0x08008d2c   0x0000017c   Code   RO         6539    i.rt_tsk_delete     RTX_CM4.lib(rt_task.o)
    0x08008ea8   0x0000007c   Code   RO         6541    i.rt_tsk_prio       RTX_CM4.lib(rt_task.o)
    0x08008f24   0x00000010   Code   RO         6542    i.rt_tsk_self       RTX_CM4.lib(rt_task.o)
    0x08008f34   0x00000022   Code   RO          639    i.runKalman         kalman_filter_funcs.o
    0x08008f56   0x00000002   PAD
    0x08008f58   0x00000034   Code   RO         1293    i.set_report_array  transceiver_thread.o
    0x08008f8c   0x00000030   Code   RO          493    i.set_roll_and_pitch_to_mouse  mouse_thread.o
    0x08008fbc   0x0000001c   Code   RO          451    i.start_LED_thread  led_thread.o
    0x08008fd8   0x00000090   Code   RO          560    i.start_accelerometer_thread  accelerometer_thread.o
    0x08009068   0x0000001c   Code   RO          494    i.start_mouse_thread  mouse_thread.o
    0x08009084   0x0000001c   Code   RO         1294    i.start_transceiver_thread  transceiver_thread.o
    0x080090a0   0x0000000c   Code   RO         1733    i.stdout_putchar    retarget_io.o
    0x080090ac   0x00000012   Code   RO         5791    i.svcDelay          RTX_CM4.lib(rt_cmsis.o)
    0x080090be   0x00000002   PAD
    0x080090c0   0x00000070   Code   RO         5792    i.svcKernelInitialize  RTX_CM4.lib(rt_cmsis.o)
    0x08009130   0x00000048   Code   RO         5794    i.svcKernelStart    RTX_CM4.lib(rt_cmsis.o)
    0x08009178   0x00000024   Code   RO         5797    i.svcMessageCreate  RTX_CM4.lib(rt_cmsis.o)
    0x0800919c   0x0000003a   Code   RO         5798    i.svcMessageGet     RTX_CM4.lib(rt_cmsis.o)
    0x080091d6   0x0000001c   Code   RO         5800    i.svcMutexCreate    RTX_CM4.lib(rt_cmsis.o)
    0x080091f2   0x00000022   Code   RO         5802    i.svcMutexRelease   RTX_CM4.lib(rt_cmsis.o)
    0x08009214   0x00000036   Code   RO         5803    i.svcMutexWait      RTX_CM4.lib(rt_cmsis.o)
    0x0800924a   0x00000024   Code   RO         5805    i.svcSemaphoreCreate  RTX_CM4.lib(rt_cmsis.o)
    0x0800926e   0x00000028   Code   RO         5807    i.svcSemaphoreRelease  RTX_CM4.lib(rt_cmsis.o)
    0x08009296   0x00000032   Code   RO         5808    i.svcSemaphoreWait  RTX_CM4.lib(rt_cmsis.o)
    0x080092c8   0x00000024   Code   RO         5810    i.svcSignalSet      RTX_CM4.lib(rt_cmsis.o)
    0x080092ec   0x00000054   Code   RO         5811    i.svcSignalWait     RTX_CM4.lib(rt_cmsis.o)
    0x08009340   0x00000070   Code   RO         5812    i.svcThreadCreate   RTX_CM4.lib(rt_cmsis.o)
    0x080093b0   0x0000001c   Code   RO         5813    i.svcThreadGetId    RTX_CM4.lib(rt_cmsis.o)
    0x080093cc   0x00000038   Code   RO         5816    i.svcThreadTerminate  RTX_CM4.lib(rt_cmsis.o)
    0x08009404   0x00000018   Code   RO         5818    i.svcTimerCall      RTX_CM4.lib(rt_cmsis.o)
    0x0800941c   0x00000038   Code   RO         5819    i.svcTimerCreate    RTX_CM4.lib(rt_cmsis.o)
    0x08009454   0x00000064   Code   RO         5821    i.svcTimerStart     RTX_CM4.lib(rt_cmsis.o)
    0x080094b8   0x00000024   Code   RO         5822    i.svcTimerStop      RTX_CM4.lib(rt_cmsis.o)
    0x080094dc   0x0000005c   Code   RO         5827    i.sysTimerTick      RTX_CM4.lib(rt_cmsis.o)
    0x08009538   0x00000024   Code   RO         1295    i.transceiver_thread  transceiver_thread.o
    0x0800955c   0x0000002a   Code   RO          641    i.update_col        kalman_filter_funcs.o
    0x08009586   0x00000002   PAD
    0x08009588   0x00000010   Data   RO          452    .constdata          led_thread.o
    0x08009598   0x00000014   Data   RO          496    .constdata          mouse_thread.o
    0x080095ac   0x00000010   Data   RO          562    .constdata          accelerometer_thread.o
    0x080095bc   0x00000014   Data   RO         1297    .constdata          transceiver_thread.o
    0x080095d0   0x00000034   Data   RO         1433    .constdata          usbd_user_hid_mouse_0.o
    0x08009604   0x00000068   Data   RO         1466    .constdata          rtx_conf_cm.o
    0x0800966c   0x00000050   Data   RO         1602    .constdata          usbd_fs_stm32f4xx.o
    0x080096bc   0x00000010   Data   RO         2746    .constdata          stm32f4xx_hal_rcc.o
    0x080096cc   0x0000028e   Data   RO         5231    .constdata          usbd_config_0.o
    0x0800995a   0x00000020   Data   RO         6503    .constdata          USB_CM3_L.lib(usbd_hid.o)
    0x0800997a   0x00000006   PAD
    0x08009980   0x00000098   Data   RO         7159    .constdata          m_wm.l(atan.o)
    0x08009a18   0x00000020   Data   RO         7603    Region$$Table       anon$$obj.o


    Execution Region ER_RW (Base: 0x20000000, Size: 0x000002b0, Max: 0xffffffff, ABSOLUTE, COMPRESSED[0x00000094])

    Base Addr    Size         Type   Attr      Idx    E Section Name        Object

    0x20000000   0x00000004   Data   RW          453    .data               led_thread.o
    0x20000004   0x00000014   Data   RW          497    .data               mouse_thread.o
    0x20000018   0x00000010   Data   RW          563    .data               accelerometer_thread.o
    0x20000028   0x00000004   Data   RW          760    .data               keypad_thread.o
    0x2000002c   0x00000014   Data   RW          849    .data               segment_display.o
    0x20000040   0x00000004   Data   RW          977    .data               temperature_thread.o
    0x20000044   0x00000010   Data   RW         1048    .data               tim.o
    0x20000054   0x0000004d   Data   RW         1088    .data               cc2500.o
    0x200000a1   0x00000003   PAD
    0x200000a4   0x00000010   Data   RW         1298    .data               transceiver_thread.o
    0x200000b4   0x00000004   Data   RW         1347    .data               lis3dsh.o
    0x200000b8   0x00000010   Data   RW         1467    .data               rtx_conf_cm.o
    0x200000c8   0x00000001   Data   RW         1506    .data               otg_fs_stm32f4xx.o
    0x200000c9   0x00000003   PAD
    0x200000cc   0x00000020   Data   RW         1603    .data               usbd_fs_stm32f4xx.o
    0x200000ec   0x00000004   Data   RW         1816    .data               stm32f4xx_hal.o
    0x200000f0   0x00000004   Data   RW         5157    .data               system_stm32f4xx.o
    0x200000f4   0x00000184   Data   RW         5232    .data               usbd_config_0.o
    0x20000278   0x00000008   Data   RW         5830    .data               RTX_CM4.lib(rt_cmsis.o)
    0x20000280   0x00000008   Data   RW         6544    .data               RTX_CM4.lib(rt_task.o)
    0x20000288   0x00000008   Data   RW         6629    .data               RTX_CM4.lib(rt_system.o)
    0x20000290   0x00000004   Data   RW         6923    .data               RTX_CM4.lib(rt_time.o)
    0x20000294   0x00000001   Data   RW         7043    .data               RTX_CM4.lib(hal_cm.o)
    0x20000295   0x00000003   PAD
    0x20000298   0x00000008   Data   RW         7124    .data               RTX_CM4.lib(rt_robin.o)
    0x200002a0   0x00000004   Data   RW         7215    .data               mc_w.l(stdout.o)
    0x200002a4   0x00000004   Data   RW         7573    .data               mc_w.l(mvars.o)
    0x200002a8   0x00000004   Data   RW         7574    .data               mc_w.l(mvars.o)
    0x200002ac   0x00000004   Data   RW         7578    .data               mc_w.l(errno.o)


    Execution Region ER_ZI (Base: 0x200002b0, Size: 0x00002be0, Max: 0xffffffff, ABSOLUTE)

    Base Addr    Size         Type   Attr      Idx    E Section Name        Object

    0x200002b0   0x00000010   Zero   RW          495    .bss                mouse_thread.o
    0x200002c0   0x00000068   Zero   RW          561    .bss                accelerometer_thread.o
    0x20000328   0x00000078   Zero   RW         1047    .bss                tim.o
    0x200003a0   0x00000058   Zero   RW         1087    .bss                cc2500.o
    0x200003f8   0x00000010   Zero   RW         1296    .bss                transceiver_thread.o
    0x20000408   0x00000058   Zero   RW         1346    .bss                lis3dsh.o
    0x20000460   0x00002210   Zero   RW         1465    .bss                rtx_conf_cm.o
    0x20002670   0x000000a0   Zero   RW         1601    .bss                usbd_fs_stm32f4xx.o
    0x20002710   0x0000011c   Zero   RW         5230    .bss                usbd_config_0.o
    0x2000282c   0x00000034   Zero   RW         6543    .bss                RTX_CM4.lib(rt_task.o)
    0x20002860   0x00000030   Zero   RW         6763    .bss                RTX_CM4.lib(rt_list.o)
    0x20002890   0x00000200   Zero   RW         5145    HEAP                startup_stm32f407xx.o
    0x20002a90   0x00000400   Zero   RW         5144    STACK               startup_stm32f407xx.o


==============================================================================

Image component sizes


      Code (inc. data)   RO Data    RW Data    ZI Data      Debug   Object Name

       956        186         16         16        104       4480   accelerometer_thread.o
       806         78          0         77         88      10616   cc2500.o
      1412          8          0          0          0       6082   kalman_filter_funcs.o
         0          0          0          4          0        916   keypad_thread.o
       164         40         16          4          0       2446   led_thread.o
      1226        114          0          4         88       7196   lis3dsh.o
        78          0          0          0          0     367660   main.o
       496         62         20         20         16       4883   mouse_thread.o
       682         60          0          1          0       6594   otg_fs_stm32f4xx.o
        92         12          0          0          0       1759   retarget_io.o
        62          6        104         16       8720       7784   rtx_conf_cm.o
         0          0          0         20          0       1243   segment_display.o
        36          8        392          0       1536        868   startup_stm32f407xx.o
       114         16          0          4          0       3839   stm32f4xx_hal.o
       304         22          0          0          0      32243   stm32f4xx_hal_cortex.o
       960         98          0          0          0       5473   stm32f4xx_hal_gpio.o
      1568         48         16          0          0       4123   stm32f4xx_hal_rcc.o
       216          0          0          0          0       2568   stm32f4xx_hal_spi.o
       726         44          0          0          0       6658   stm32f4xx_hal_tim.o
         4          0          0          0          0       1730   stm32f4xx_hal_tim_ex.o
        46          6          0          0          0       3802   stm32f4xx_it.o
       384        312          0          0          0        596   supporting_functions.o
       168         10          0          0          0       1157   sysclk_config.o
       100         18          0          4          0       1265   system_stm32f4xx.o
         0          0          0          4          0        823   temperature_thread.o
       280         50          0         16        120       2114   tim.o
       220        112          0          0          0       2409   transceiver_protocol.o
       172         38         20         16         16       3424   transceiver_thread.o
       336         28        654        388        284      47023   usbd_config_0.o
      5356        398         80         32        160      48610   usbd_fs_stm32f4xx.o
        80          0         52          0          0       3194   usbd_user_hid_mouse_0.o

    ----------------------------------------------------------------------
     17068       1774       1402        632      11132     593578   Object Totals
         0          0         32          0          0          0   (incl. Generated)
        24          0          0          6          0          0   (incl. Padding)

    ----------------------------------------------------------------------

      Code (inc. data)   RO Data    RW Data    ZI Data      Debug   Library Member Name

       268         24          0          1          0       4452   hal_cm.o
       408         34          0          0          0        816   hal_cm4.o
      2190        236          0          8          0      52410   rt_cmsis.o
       272         18          0          0          0       2810   rt_event.o
       530         34          0          0         48       8597   rt_list.o
       554         10          0          0          0       4189   rt_mailbox.o
       140          0          0          0          0       2045   rt_membox.o
       128          0          0          0          0       2419   rt_memory.o
       336         12          0          0          0       2201   rt_mutex.o
        96         22          0          8          0       1230   rt_robin.o
       186         10          0          0          0       3102   rt_semaphore.o
       298         52          0          8          0       6439   rt_system.o
      1216        174          0          8         52      10025   rt_task.o
         6          0          0          4          0        684   rt_time.o
         4          4          0          0          0        200   svc_table.o
      4922        308          0          0          0       3324   usbd_core.o
       260         52          0          0          0        324   usbd_core_custom_device.o
       648         60          0          0          0        264   usbd_core_hid.o
      1784        194         32          0          0       1348   usbd_hid.o
       132          0          0          0          0        883   arm_copy_f32.o
       264          0          0          0          0      18178   arm_mat_add_f32.o
         8          0          0          0          0        959   arm_mat_init_f32.o
      1328          4          0          0          0       4742   arm_mat_inverse_f32.o
       316          4          0          0          0       2335   arm_mat_mult_f32.o
       264          0          0          0          0       1786   arm_mat_sub_f32.o
       276          0          0          0          0       2200   arm_mat_trans_f32.o
       728        106        152          0          0        228   atan.o
        52          8          0          0          0        248   dunder.o
        24          0          0          0          0        124   fabs.o
        48          0          0          0          0        124   fpclassify.o
       248          0          0          0          0        152   poly.o
       122          0          0          0          0        148   sqrt_full.o
        86          0          0          0          0          0   __dczerorl2.o
         0          0          0          0          0          0   entry.o
         0          0          0          0          0          0   entry10a.o
         0          0          0          0          0          0   entry11a.o
         8          4          0          0          0          0   entry2.o
         4          0          0          0          0          0   entry5.o
         0          0          0          0          0          0   entry7b.o
         0          0          0          0          0          0   entry8b.o
        12          6          0          4          0         68   errno.o
        30          0          0          0          0          0   handlers.o
        36          8          0          0          0         68   init.o
         0          0          0          0          0          0   iusefp.o
        30          0          0          0          0         68   llshl.o
        36          0          0          0          0         68   llsshr.o
        32          0          0          0          0         68   llushr.o
       188         20          0          0          0        160   malloc.o
        36          0          0          0          0        108   memseta.o
         0          0          0          8          0          0   mvars.o
       736         56          0          0          0        184   printf5.o
         0          0          0          4          0          0   stdout.o
        98          0          0          0          0         92   uldiv.o
        56          0          0          0          0         88   d2f.o
       334          0          0          0          0        148   dadd.o
       222          0          0          0          0        100   ddiv.o
       186          0          0          0          0        176   depilogue.o
        62          0          0          0          0         80   dfixi.o
       228          0          0          0          0         96   dmul.o
       162          0          0          0          0        100   dsqrt.o
        38          0          0          0          0         68   f2d.o
       110          0          0          0          0        168   fepilogue.o

    ----------------------------------------------------------------------
     20820       1460        190         56        100     140894   Library Totals
        34          0          6          3          0          0   (incl. Padding)

    ----------------------------------------------------------------------

      Code (inc. data)   RO Data    RW Data    ZI Data      Debug   Library Name

      6632        630          0         37        100     101619   RTX_CM4.lib
      7614        614         32          0          0       5260   USB_CM3_L.lib
      2588          8          0          0          0      31083   arm_cortexM4lf_math.lib
      1222        114        152          0          0       1024   m_wm.l
      1332         94          0         16          0        884   mc_w.l
      1398          0          0          0          0       1024   mf_w.l

    ----------------------------------------------------------------------
     20820       1460        190         56        100     140894   Library Totals

    ----------------------------------------------------------------------

==============================================================================


      Code (inc. data)   RO Data    RW Data    ZI Data      Debug   

     37888       3234       1592        688      11232     702696   Grand Totals
     37888       3234       1592        148      11232     702696   ELF Image Totals (compressed)
     37888       3234       1592        148          0          0   ROM Totals

==============================================================================

    Total RO  Size (Code + RO Data)                39480 (  38.55kB)
    Total RW  Size (RW Data + ZI Data)             11920 (  11.64kB)
    Total ROM Size (Code + RO Data + RW Data)      39628 (  38.70kB)

==============================================================================

