Component: ARM Compiler 5.05 update 2 (build 169) Tool: armlink [4d0f33]

==============================================================================

Section Cross References

    main.o(i.main) refers to rt_cmsis.o(i.osKernelInitialize) for osKernelInitialize
    main.o(i.main) refers to stm32f4xx_hal.o(i.HAL_Init) for HAL_Init
    main.o(i.main) refers to sysclk_config.o(i.SystemClock_Config) for SystemClock_Config
    main.o(i.main) refers to tim.o(i.Tim4Init) for Tim4Init
    main.o(i.main) refers to usbd_core.o(i.USBD_Initialize) for USBD_Initialize
    main.o(i.main) refers to usbd_core.o(i.USBD_Connect) for USBD_Connect
    main.o(i.main) refers to accelerometer_thread.o(i.start_accelerometer_thread) for start_accelerometer_thread
    main.o(i.main) refers to segment_display.o(i.start_segment_thread) for start_segment_thread
    main.o(i.main) refers to keypad_thread.o(i.start_keypad_thread) for start_keypad_thread
    main.o(i.main) refers to led_thread.o(i.start_LED_thread) for start_LED_thread
    main.o(i.main) refers to mouse_thread.o(i.start_mouse_thread) for start_mouse_thread
    main.o(i.main) refers to rt_cmsis.o(i.osKernelStart) for osKernelStart
    main.o(i.main) refers to rt_cmsis.o(i.osDelay) for osDelay
    supporting_functions.o(i.Error_Handler) refers to printfb.o(i.__0printf$bare) for __2printf
    stm32f4xx_it.o(i.EXTI0_IRQHandler) refers to stm32f4xx_hal_gpio.o(i.HAL_GPIO_EXTI_IRQHandler) for HAL_GPIO_EXTI_IRQHandler
    stm32f4xx_it.o(i.TIM4_IRQHandler) refers to stm32f4xx_hal_tim.o(i.HAL_TIM_IRQHandler) for HAL_TIM_IRQHandler
    stm32f4xx_it.o(i.TIM4_IRQHandler) refers to tim.o(.bss) for TIM4_handle
    sysclk_config.o(i.SystemClock_Config) refers to stm32f4xx_hal_rcc.o(i.HAL_RCC_OscConfig) for HAL_RCC_OscConfig
    sysclk_config.o(i.SystemClock_Config) refers to supporting_functions.o(i.Error_Handler) for Error_Handler
    sysclk_config.o(i.SystemClock_Config) refers to stm32f4xx_hal_rcc.o(i.HAL_RCC_ClockConfig) for HAL_RCC_ClockConfig
    led_thread.o(i.LED_thread) refers to led_thread.o(i.LED_thread_periph_init) for LED_thread_periph_init
    led_thread.o(i.LED_thread) refers to rt_cmsis.o(i.osSignalWait) for osSignalWait
    led_thread.o(i.LED_thread) refers to stm32f4xx_hal_gpio.o(i.HAL_GPIO_TogglePin) for HAL_GPIO_TogglePin
    led_thread.o(i.LED_thread) refers to printfb.o(i.__0printf$bare) for __2printf
    led_thread.o(i.LED_thread_periph_init) refers to stm32f4xx_hal_gpio.o(i.HAL_GPIO_Init) for HAL_GPIO_Init
    led_thread.o(i.start_LED_thread) refers to rt_cmsis.o(i.osThreadCreate) for osThreadCreate
    led_thread.o(i.start_LED_thread) refers to led_thread.o(.constdata) for os_thread_def_LED_thread
    led_thread.o(i.start_LED_thread) refers to led_thread.o(.data) for LED_thread_ID
    led_thread.o(.constdata) refers to led_thread.o(i.LED_thread) for LED_thread
    mouse_thread.o(i.get_pitch_from_accelerometer) refers to rt_cmsis.o(i.osMutexWait) for osMutexWait
    mouse_thread.o(i.get_pitch_from_accelerometer) refers to rt_cmsis.o(i.osMutexRelease) for osMutexRelease
    mouse_thread.o(i.get_pitch_from_accelerometer) refers to mouse_thread.o(.data) for mouse_mutex
    mouse_thread.o(i.get_roll_from_accelerometer) refers to rt_cmsis.o(i.osMutexWait) for osMutexWait
    mouse_thread.o(i.get_roll_from_accelerometer) refers to rt_cmsis.o(i.osMutexRelease) for osMutexRelease
    mouse_thread.o(i.get_roll_from_accelerometer) refers to mouse_thread.o(.data) for mouse_mutex
    mouse_thread.o(i.mouse_thread) refers to mouse_thread.o(i.mouse_thread_periph_init) for mouse_thread_periph_init
    mouse_thread.o(i.mouse_thread) refers to rt_cmsis.o(i.osSignalWait) for osSignalWait
    mouse_thread.o(i.mouse_thread) refers to mouse_thread.o(i.get_roll_from_accelerometer) for get_roll_from_accelerometer
    mouse_thread.o(i.mouse_thread) refers to mouse_thread.o(i.get_pitch_from_accelerometer) for get_pitch_from_accelerometer
    mouse_thread.o(i.mouse_thread) refers to stm32f4xx_hal_gpio.o(i.HAL_GPIO_ReadPin) for HAL_GPIO_ReadPin
    mouse_thread.o(i.mouse_thread) refers to usbd_hid.o(i.USBD_HID_GetReportTrigger) for USBD_HID_GetReportTrigger
    mouse_thread.o(i.mouse_thread) refers to mouse_thread.o(.data) for mouse_in_report
    mouse_thread.o(i.mouse_thread_periph_init) refers to stm32f4xx_hal_gpio.o(i.HAL_GPIO_Init) for HAL_GPIO_Init
    mouse_thread.o(i.set_roll_and_pitch_to_mouse) refers to rt_cmsis.o(i.osMutexWait) for osMutexWait
    mouse_thread.o(i.set_roll_and_pitch_to_mouse) refers to rt_cmsis.o(i.osMutexRelease) for osMutexRelease
    mouse_thread.o(i.set_roll_and_pitch_to_mouse) refers to mouse_thread.o(.data) for mouse_mutex
    mouse_thread.o(i.start_mouse_thread) refers to rt_cmsis.o(i.osThreadCreate) for osThreadCreate
    mouse_thread.o(i.start_mouse_thread) refers to mouse_thread.o(.constdata) for os_thread_def_mouse_thread
    mouse_thread.o(i.start_mouse_thread) refers to mouse_thread.o(.data) for mouse_thread_ID
[...]
    fputc                                    0x080075d1   Thumb Code    26  retarget_io.o(i.fputc)
    free                                     0x080075f1   Thumb Code    76  malloc.o(i.free)
    get_angle_decs                           0x08007641   Thumb Code   252  segment_display.o(i.get_angle_decs)
    get_col                                  0x08007755   Thumb Code    56  keypad_thread.o(i.get_col)
    get_kb_value                             0x08007791   Thumb Code    38  keypad_thread.o(i.get_kb_value)
    get_num_pad_value                        0x080077b9   Thumb Code    60  keypad_thread.o(i.get_num_pad_value)
    get_piezo_decs                           0x080077f9   Thumb Code   136  segment_display.o(i.get_piezo_decs)
    get_pitch_from_accelerometer             0x08007891   Thumb Code    30  mouse_thread.o(i.get_pitch_from_accelerometer)
    get_processor_temp                       0x080078b9   Thumb Code   194  segment_display.o(i.get_processor_temp)
    get_roll_from_accelerometer              0x0800798d   Thumb Code    30  mouse_thread.o(i.get_roll_from_accelerometer)
    get_row                                  0x080079b5   Thumb Code    68  keypad_thread.o(i.get_row)
    initKalman                               0x080079fd   Thumb Code   104  kalman_filter_funcs.o(i.initKalman)
    init_columns                             0x08007a6d   Thumb Code    86  keypad_thread.o(i.init_columns)
    init_keypad_config                       0x08007ad9   Thumb Code     8  keypad_thread.o(i.init_keypad_config)
    init_rows                                0x08007ae1   Thumb Code    86  keypad_thread.o(i.init_rows)
    isrMessageGet                            0x08007b4d   Thumb Code    42  rt_cmsis.o(i.isrMessageGet)
    isrMessagePut                            0x08007b77   Thumb Code    44  rt_cmsis.o(i.isrMessagePut)
    isrSemaphoreRelease                      0x08007ba3   Thumb Code    40  rt_cmsis.o(i.isrSemaphoreRelease)
    isrSignalSet                             0x08007bcb   Thumb Code    36  rt_cmsis.o(i.isrSignalSet)
    isr_evt_set                              0x08007bf1   Thumb Code    34  rt_event.o(i.isr_evt_set)
    isr_mbx_receive                          0x08007c19   Thumb Code    86  rt_mailbox.o(i.isr_mbx_receive)
    isr_mbx_send                             0x08007c6f   Thumb Code    14  rt_mailbox.o(i.isr_mbx_send)
    isr_sem_send                             0x08007c7d   Thumb Code    16  rt_semaphore.o(i.isr_sem_send)
    main                                     0x08007c8d   Thumb Code    76  main.o(i.main)
    malloc                                   0x08007cd9   Thumb Code    92  malloc.o(i.malloc)
    mouse_thread                             0x08007d45   Thumb Code   120  mouse_thread.o(i.mouse_thread)
    mouse_thread_periph_init                 0x08007dc5   Thumb Code    62  mouse_thread.o(i.mouse_thread_periph_init)
    osDelay                                  0x08007e0d   Thumb Code    18  rt_cmsis.o(i.osDelay)
    osKernelInitialize                       0x08007e25   Thumb Code    30  rt_cmsis.o(i.osKernelInitialize)
    osKernelStart                            0x08007e49   Thumb Code    98  rt_cmsis.o(i.osKernelStart)
    osMessageGet                             0x08007eb5   Thumb Code    18  rt_cmsis.o(i.osMessageGet)
    osMutexCreate                            0x08007ecd   Thumb Code    38  rt_cmsis.o(i.osMutexCreate)
    osMutexRelease                           0x08007efd   Thumb Code    18  rt_cmsis.o(i.osMutexRelease)
    osMutexWait                              0x08007f15   Thumb Code    18  rt_cmsis.o(i.osMutexWait)
    osSemaphoreCreate                        0x08007f2d   Thumb Code    38  rt_cmsis.o(i.osSemaphoreCreate)
    osSemaphoreRelease                       0x08007f5d   Thumb Code    18  rt_cmsis.o(i.osSemaphoreRelease)
    osSemaphoreWait                          0x08007f75   Thumb Code    20  rt_cmsis.o(i.osSemaphoreWait)
    osSignalSet                              0x08007f8d   Thumb Code    18  rt_cmsis.o(i.osSignalSet)
    osSignalWait                             0x08007fa5   Thumb Code    18  rt_cmsis.o(i.osSignalWait)
    osThreadCreate                           0x08007fbd   Thumb Code    38  rt_cmsis.o(i.osThreadCreate)
    osThreadExit                             0x08007fed   Thumb Code    14  rt_cmsis.o(i.osThreadExit)
    osTimerCall                              0x08008005   Thumb Code     8  rt_cmsis.o(i.osTimerCall)
    osTimerCreate                            0x08008011   Thumb Code    44  rt_cmsis.o(i.osTimerCreate)
    osTimerStart                             0x08008045   Thumb Code    18  rt_cmsis.o(i.osTimerStart)
    osTimerStop                              0x0800805d   Thumb Code    18  rt_cmsis.o(i.osTimerStop)
    osTimerThread                            0x08008075   Thumb Code    38  rt_cmsis.o(i.osTimerThread)
    os_error                                 0x080080a1   Thumb Code    34  rtx_conf_cm.o(i.os_error)
    os_idle_demon                            0x080080c3   Thumb Code     4  rtx_conf_cm.o(i.os_idle_demon)
    os_tick_init                             0x080080c9   Thumb Code    32  rt_system.o(i.os_tick_init)
    os_tick_irqack                           0x080080f1   Thumb Code     2  rt_system.o(i.os_tick_irqack)
    rt_alloc_box                             0x080080f3   Thumb Code    26  rt_membox.o(i.rt_alloc_box)
    rt_alloc_mem                             0x0800810d   Thumb Code    62  rt_memory.o(i.rt_alloc_mem)
    rt_block                                 0x0800814d   Thumb Code    48  rt_task.o(i.rt_block)
    rt_chk_robin                             0x08008185   Thumb Code    60  rt_robin.o(i.rt_chk_robin)
    rt_dec_dly                               0x080081cd   Thumb Code   102  rt_list.o(i.rt_dec_dly)
    rt_dispatch                              0x0800823d   Thumb Code    60  rt_task.o(i.rt_dispatch)
    rt_dly_wait                              0x08008281   Thumb Code     6  rt_time.o(i.rt_dly_wait)
    rt_evt_psh                               0x08008289   Thumb Code    76  rt_event.o(i.rt_evt_psh)
    rt_evt_set                               0x080082d9   Thumb Code    88  rt_event.o(i.rt_evt_set)
    rt_evt_wait                              0x08008335   Thumb Code    56  rt_event.o(i.rt_evt_wait)
    rt_free_box                              0x08008371   Thumb Code    44  rt_membox.o(i.rt_free_box)
    rt_free_mem                              0x0800839d   Thumb Code    40  rt_memory.o(i.rt_free_mem)
    rt_get_first                             0x080083c5   Thumb Code    40  rt_list.o(i.rt_get_first)
    rt_init_mem                              0x0800843d   Thumb Code    26  rt_memory.o(i.rt_init_mem)
    rt_init_robin                            0x08008459   Thumb Code    14  rt_robin.o(i.rt_init_robin)
    rt_init_stack                            0x08008471   Thumb Code   118  hal_cm.o(i.rt_init_stack)
    rt_mbx_check                             0x080084f1   Thumb Code     8  rt_mailbox.o(i.rt_mbx_check)
    rt_mbx_init                              0x080084f9   Thumb Code    26  rt_mailbox.o(i.rt_mbx_init)
    rt_mbx_psh                               0x08008515   Thumb Code   236  rt_mailbox.o(i.rt_mbx_psh)
    rt_mbx_wait                              0x08008605   Thumb Code   174  rt_mailbox.o(i.rt_mbx_wait)
    rt_mut_init                              0x080086fd   Thumb Code    16  rt_mutex.o(i.rt_mut_init)
    rt_mut_release                           0x0800870d   Thumb Code   208  rt_mutex.o(i.rt_mut_release)
    rt_mut_wait                              0x080087e5   Thumb Code   100  rt_mutex.o(i.rt_mut_wait)
    rt_pop_req                               0x0800884d   Thumb Code   112  rt_system.o(i.rt_pop_req)
    rt_psh_req                               0x080088c9   Thumb Code    22  rt_system.o(i.rt_psh_req)
    rt_psq_enq                               0x080088e9   Thumb Code    88  rt_list.o(i.rt_psq_enq)
    rt_put_dly                               0x08008945   Thumb Code    68  rt_list.o(i.rt_put_dly)
    rt_put_prio                              0x0800898d   Thumb Code    54  rt_list.o(i.rt_put_prio)
    rt_put_rdy_first                         0x080089c5   Thumb Code    14  rt_list.o(i.rt_put_rdy_first)
    rt_resort_prio                           0x080089d9   Thumb Code    46  rt_list.o(i.rt_resort_prio)
    rt_ret_val                               0x08008a1d   Thumb Code    12  hal_cm.o(i.rt_ret_val)
    rt_ret_val2                              0x08008a29   Thumb Code    16  hal_cm.o(i.rt_ret_val2)
    rt_rmv_dly                               0x08008a39   Thumb Code    40  rt_list.o(i.rt_rmv_dly)
    rt_rmv_list                              0x08008a61   Thumb Code    44  rt_list.o(i.rt_rmv_list)
    rt_sem_init                              0x08008a91   Thumb Code    12  rt_semaphore.o(i.rt_sem_init)
    rt_sem_psh                               0x08008a9d   Thumb Code    48  rt_semaphore.o(i.rt_sem_psh)
    rt_sem_send                              0x08008ad1   Thumb Code    42  rt_semaphore.o(i.rt_sem_send)
    rt_sem_wait                              0x08008afd   Thumb Code    58  rt_semaphore.o(i.rt_sem_wait)
    rt_stk_check                             0x08008b3d   Thumb Code    28  rt_system.o(i.rt_stk_check)
    rt_switch_req                            0x08008b61   Thumb Code    30  rt_task.o(i.rt_switch_req)
    rt_sys_init                              0x08008b89   Thumb Code   138  rt_task.o(i.rt_sys_init)
    rt_sys_start                             0x08008c55   Thumb Code   110  rt_task.o(i.rt_sys_start)
    rt_systick                               0x08008ccd   Thumb Code    50  rt_system.o(i.rt_systick)
    rt_tsk_create                            0x08008d91   Thumb Code   118  rt_task.o(i.rt_tsk_create)
    rt_tsk_delete                            0x08008e19   Thumb Code   352  rt_task.o(i.rt_tsk_delete)
    rt_tsk_prio                              0x08008f95   Thumb Code   108  rt_task.o(i.rt_tsk_prio)
    rt_tsk_self                              0x08009011   Thumb Code    12  rt_task.o(i.rt_tsk_self)
    runKalman                                0x08009021   Thumb Code    34  kalman_filter_funcs.o(i.runKalman)
    run_segment_display                      0x08009045   Thumb Code  1404  segment_display.o(i.run_segment_display)
    segment_thread                           0x080095c5   Thumb Code   396  segment_display.o(i.segment_thread)
    select_and_display_segment               0x08009755   Thumb Code    44  segment_display.o(i.select_and_display_segment)
    set_roll_and_pitch_to_mouse              0x08009785   Thumb Code    36  mouse_thread.o(i.set_roll_and_pitch_to_mouse)
    seven_segment_init                       0x080097b5   Thumb Code    62  segment_display.o(i.seven_segment_init)
    seven_segment_select                     0x080097fd   Thumb Code    16  segment_display.o(i.seven_segment_select)
    seven_segment_select_init                0x08009811   Thumb Code    74  segment_display.o(i.seven_segment_select_init)
    start_LED_thread                         0x08009865   Thumb Code    18  led_thread.o(i.start_LED_thread)
    start_accelerometer_thread               0x08009881   Thumb Code    40  accelerometer_thread.o(i.start_accelerometer_thread)
    start_keypad_thread                      0x08009911   Thumb Code    40  keypad_thread.o(i.start_keypad_thread)
    start_mouse_thread                       0x0800999d   Thumb Code    18  mouse_thread.o(i.start_mouse_thread)
    start_segment_thread                     0x080099b9   Thumb Code    38  segment_display.o(i.start_segment_thread)
    svcDelay                                 0x08009a3d   Thumb Code    18  rt_cmsis.o(i.svcDelay)
    svcKernelInitialize                      0x08009a51   Thumb Code    80  rt_cmsis.o(i.svcKernelInitialize)
    svcKernelStart                           0x08009ac1   Thumb Code    62  rt_cmsis.o(i.svcKernelStart)
    svcMessageCreate                         0x08009b09   Thumb Code    36  rt_cmsis.o(i.svcMessageCreate)
    svcMessageGet                            0x08009b2d   Thumb Code    58  rt_cmsis.o(i.svcMessageGet)
    svcMutexCreate                           0x08009b67   Thumb Code    28  rt_cmsis.o(i.svcMutexCreate)
    svcMutexRelease                          0x08009b83   Thumb Code    34  rt_cmsis.o(i.svcMutexRelease)
    svcMutexWait                             0x08009ba5   Thumb Code    54  rt_cmsis.o(i.svcMutexWait)
    svcSemaphoreCreate                       0x08009bdb   Thumb Code    36  rt_cmsis.o(i.svcSemaphoreCreate)
    svcSemaphoreRelease                      0x08009bff   Thumb Code    40  rt_cmsis.o(i.svcSemaphoreRelease)
    svcSemaphoreWait                         0x08009c27   Thumb Code    50  rt_cmsis.o(i.svcSemaphoreWait)
    svcSignalSet                             0x08009c59   Thumb Code    36  rt_cmsis.o(i.svcSignalSet)
    svcSignalWait                            0x08009c7d   Thumb Code    80  rt_cmsis.o(i.svcSignalWait)
    svcThreadCreate                          0x08009cd1   Thumb Code   100  rt_cmsis.o(i.svcThreadCreate)
    svcThreadGetId                           0x08009d41   Thumb Code    22  rt_cmsis.o(i.svcThreadGetId)
    svcThreadTerminate                       0x08009d5d   Thumb Code    50  rt_cmsis.o(i.svcThreadTerminate)
    svcTimerCall                             0x08009d95   Thumb Code    24  rt_cmsis.o(i.svcTimerCall)
    svcTimerCreate                           0x08009dad   Thumb Code    52  rt_cmsis.o(i.svcTimerCreate)
    svcTimerStart                            0x08009de5   Thumb Code    96  rt_cmsis.o(i.svcTimerStart)
    svcTimerStop                             0x08009e49   Thumb Code    36  rt_cmsis.o(i.svcTimerStop)
    sysTimerTick                             0x08009e6d   Thumb Code    84  rt_cmsis.o(i.sysTimerTick)
    update_col                               0x08009ec9   Thumb Code    42  kalman_filter_funcs.o(i.update_col)
    os_thread_def_LED_thread                 0x08009ef4   Data          16  led_thread.o(.constdata)
    os_thread_def_mouse_thread               0x08009f04   Data          16  mouse_thread.o(.constdata)
    os_mutex_def_mouse_mutex                 0x08009f14   Data           4  mouse_thread.o(.constdata)
    os_thread_def_Thread_Accelerometer       0x08009f18   Data          16  accelerometer_thread.o(.constdata)
    os_thread_def_Thread_Keypad              0x08009f28   Data          16  keypad_thread.o(.constdata)
    os_thread_def_segment_thread             0x08009f68   Data          16  segment_display.o(.constdata)
    os_mutex_def_segment_mutex               0x08009f78   Data           4  segment_display.o(.constdata)
    usbd_hid0_report_descriptor              0x08009f7c   Data          52  usbd_user_hid_mouse_0.o(.constdata)
    os_maxtaskrun                            0x08009fb0   Data           2  rtx_conf_cm.o(.constdata)
    os_stackinfo                             0x08009fb4   Data           4  rtx_conf_cm.o(.constdata)
    os_rrobin                                0x08009fb8   Data           4  rtx_conf_cm.o(.constdata)
    os_tickfreq                              0x08009fbc   Data           4  rtx_conf_cm.o(.constdata)
    os_tickus_i                              0x08009fc0   Data           2  rtx_conf_cm.o(.constdata)
    os_tickus_f                              0x08009fc2   Data           2  rtx_conf_cm.o(.constdata)
    os_trv                                   0x08009fc4   Data           4  rtx_conf_cm.o(.constdata)
    os_flags                                 0x08009fc8   Data           1  rtx_conf_cm.o(.constdata)
    CMSIS_RTOS_API_Version                   0x08009fcc   Data           4  rtx_conf_cm.o(.constdata)
    CMSIS_RTOS_RTX_Version                   0x08009fd0   Data           4  rtx_conf_cm.o(.constdata)
    os_clockrate                             0x08009fd4   Data           4  rtx_conf_cm.o(.constdata)
    os_timernum                              0x08009fd8   Data           4  rtx_conf_cm.o(.constdata)
    mp_tcb_size                              0x08009fdc   Data           2  rtx_conf_cm.o(.constdata)
    mp_stk_size                              0x08009fe0   Data           4  rtx_conf_cm.o(.constdata)
    os_stack_sz                              0x08009fe4   Data           4  rtx_conf_cm.o(.constdata)
    os_fifo_size                             0x08009fe8   Data           1  rtx_conf_cm.o(.constdata)
    os_thread_def_osTimerThread              0x08009fec   Data          16  rtx_conf_cm.o(.constdata)
    os_messageQ_def_osTimerMessageQ          0x08009ffc   Data           8  rtx_conf_cm.o(.constdata)
    mp_tmr_size                              0x0800a004   Data           2  rtx_conf_cm.o(.constdata)
    os_thread_def_main                       0x0800a008   Data          16  rtx_conf_cm.o(.constdata)
    Driver_USBD0                             0x0800a020   Data          72  usbd_fs_stm32f4xx.o(.constdata)
    APBAHBPrescTable                         0x0800a068   Data          16  stm32f4xx_hal_rcc.o(.constdata)
    os_thread_def_USBD0_Core_Thread          0x0800a078   Data          16  usbd_config_0.o(.constdata)
    usbd0_dev                                0x0800a088   Data          24  usbd_config_0.o(.constdata)
    os_semaphore_def_usbd0_driver_semaphore_def 0x0800a0a0   Data           4  usbd_config_0.o(.constdata)
    os_semaphore_def_usbd0_driver_ep0out_semaphore_def 0x0800a0a4   Data           4  usbd_config_0.o(.constdata)
    os_semaphore_def_usbd0_driver_ep0in_semaphore_def 0x0800a0a8   Data           4  usbd_config_0.o(.constdata)
    os_semaphore_def_usbd0_driver_ep1out_semaphore_def 0x0800a0ac   Data           4  usbd_config_0.o(.constdata)
    os_semaphore_def_usbd0_driver_ep1in_semaphore_def 0x0800a0b0   Data           4  usbd_config_0.o(.constdata)
    os_semaphore_def_usbd0_driver_ep2out_semaphore_def 0x0800a0b4   Data           4  usbd_config_0.o(.constdata)
    os_semaphore_def_usbd0_driver_ep2in_semaphore_def 0x0800a0b8   Data           4  usbd_config_0.o(.constdata)
    os_semaphore_def_usbd0_driver_ep3out_semaphore_def 0x0800a0bc   Data           4  usbd_config_0.o(.constdata)
    os_semaphore_def_usbd0_driver_ep3in_semaphore_def 0x0800a0c0   Data           4  usbd_config_0.o(.constdata)
    os_semaphore_def_usbd0_driver_ep4out_semaphore_def 0x0800a0c4   Data           4  usbd_config_0.o(.constdata)
    os_semaphore_def_usbd0_driver_ep4in_semaphore_def 0x0800a0c8   Data           4  usbd_config_0.o(.constdata)
    os_semaphore_def_usbd0_driver_ep5out_semaphore_def 0x0800a0cc   Data           4  usbd_config_0.o(.constdata)
    os_semaphore_def_usbd0_driver_ep5in_semaphore_def 0x0800a0d0   Data           4  usbd_config_0.o(.constdata)
    os_semaphore_def_usbd0_driver_ep6out_semaphore_def 0x0800a0d4   Data           4  usbd_config_0.o(.constdata)
    os_semaphore_def_usbd0_driver_ep6in_semaphore_def 0x0800a0d8   Data           4  usbd_config_0.o(.constdata)
    os_semaphore_def_usbd0_driver_ep7out_semaphore_def 0x0800a0dc   Data           4  usbd_config_0.o(.constdata)
    os_semaphore_def_usbd0_driver_ep7in_semaphore_def 0x0800a0e0   Data           4  usbd_config_0.o(.constdata)
    os_semaphore_def_usbd0_driver_ep8out_semaphore_def 0x0800a0e4   Data           4  usbd_config_0.o(.constdata)
    os_semaphore_def_usbd0_driver_ep8in_semaphore_def 0x0800a0e8   Data           4  usbd_config_0.o(.constdata)
    os_semaphore_def_usbd0_driver_ep9out_semaphore_def 0x0800a0ec   Data           4  usbd_config_0.o(.constdata)
    os_semaphore_def_usbd0_driver_ep9in_semaphore_def 0x0800a0f0   Data           4  usbd_config_0.o(.constdata)
    os_semaphore_def_usbd0_driver_ep10out_semaphore_def 0x0800a0f4   Data           4  usbd_config_0.o(.constdata)
    os_semaphore_def_usbd0_driver_ep10in_semaphore_def 0x0800a0f8   Data           4  usbd_config_0.o(.constdata)
    os_semaphore_def_usbd0_driver_ep11out_semaphore_def 0x0800a0fc   Data           4  usbd_config_0.o(.constdata)
    os_semaphore_def_usbd0_driver_ep11in_semaphore_def 0x0800a100   Data           4  usbd_config_0.o(.constdata)
    os_semaphore_def_usbd0_driver_ep12out_semaphore_def 0x0800a104   Data           4  usbd_config_0.o(.constdata)
    os_semaphore_def_usbd0_driver_ep12in_semaphore_def 0x0800a108   Data           4  usbd_config_0.o(.constdata)
    os_semaphore_def_usbd0_driver_ep13out_semaphore_def 0x0800a10c   Data           4  usbd_config_0.o(.constdata)
    os_semaphore_def_usbd0_driver_ep13in_semaphore_def 0x0800a110   Data           4  usbd_config_0.o(.constdata)
    os_semaphore_def_usbd0_driver_ep14out_semaphore_def 0x0800a114   Data           4  usbd_config_0.o(.constdata)
    os_semaphore_def_usbd0_driver_ep14in_semaphore_def 0x0800a118   Data           4  usbd_config_0.o(.constdata)
    os_semaphore_def_usbd0_driver_ep15out_semaphore_def 0x0800a11c   Data           4  usbd_config_0.o(.constdata)
    os_semaphore_def_usbd0_driver_ep15in_semaphore_def 0x0800a120   Data           4  usbd_config_0.o(.constdata)
    usbd_driver_semaphore_def_ptr            0x0800a124   Data           4  usbd_config_0.o(.constdata)
    usbd_driver_ep_semaphore_def_ptr         0x0800a128   Data         128  usbd_config_0.o(.constdata)
    usbd_dev_num                             0x0800a1a8   Data           1  usbd_config_0.o(.constdata)
    usbd_dev_ptr                             0x0800a1ac   Data           4  usbd_config_0.o(.constdata)
    os_thread_def_USBD_HID0_Thread           0x0800a1b0   Data          16  usbd_config_0.o(.constdata)
    usbd_hid_thread_def_ptr                  0x0800a1c0   Data           4  usbd_config_0.o(.constdata)
    os_timer_def_usbd_hid0_timer             0x0800a1c4   Data           8  usbd_config_0.o(.constdata)
    usbd_hid_timer_def_ptr                   0x0800a1cc   Data           4  usbd_config_0.o(.constdata)
    os_mutex_def_usbd_hid0_mutex             0x0800a1d0   Data           4  usbd_config_0.o(.constdata)
    usbd_hid_mutex_def_ptr                   0x0800a1d4   Data           4  usbd_config_0.o(.constdata)
    usbd_hid_num                             0x0800a1d8   Data           1  usbd_config_0.o(.constdata)
    usbd_hid                                 0x0800a1dc   Data          56  usbd_config_0.o(.constdata)
    usbd_ep_max_num                          0x0800a214   Data           1  usbd_config_0.o(.constdata)
    usbd_core_thread_def_ptr                 0x0800a218   Data           4  usbd_config_0.o(.constdata)
    usbd_cb_device_event_ptr                 0x0800a21c   Data           4  usbd_config_0.o(.constdata)
    usbd_cb_endpoint_event_ptr               0x0800a220   Data           4  usbd_config_0.o(.constdata)
    USBD_HID_Initialize                      0x0800a224   Data           4  usbd_config_0.o(.constdata)
    USBD_HID_Uninitialize                    0x0800a228   Data           4  usbd_config_0.o(.constdata)
    USBD_HID_GetReport                       0x0800a22c   Data           4  usbd_config_0.o(.constdata)
    USBD_HID_SetReport                       0x0800a230   Data           4  usbd_config_0.o(.constdata)
    USBD_HID_GetProtocol                     0x0800a234   Data           4  usbd_config_0.o(.constdata)
    USBD_HID_SetProtocol                     0x0800a238   Data           4  usbd_config_0.o(.constdata)
    USBD_Device_Initialize                   0x0800a23c   Data           4  usbd_config_0.o(.constdata)
    USBD_Device_Uninitialize                 0x0800a240   Data           4  usbd_config_0.o(.constdata)
    USBD_Device_EventReset                   0x0800a244   Data           4  usbd_config_0.o(.constdata)
    USBD_Device_Endpoint0_SetupPacketReceived 0x0800a248   Data           4  usbd_config_0.o(.constdata)
    USBD_Device_Endpoint0_SetupPacketProcessed 0x0800a24c   Data           4  usbd_config_0.o(.constdata)
    USBD_Device_Endpoint0_OutDataReceived    0x0800a250   Data           4  usbd_config_0.o(.constdata)
    USBD_Device_Endpoint0_InDataSent         0x0800a254   Data           4  usbd_config_0.o(.constdata)
    usbd_hid_desc_ptr                        0x0800a258   Data           4  usbd_config_0.o(.constdata)
    usbd0_ep0_descriptor                     0x0800a25c   Data           7  usbd_config_0.o(.constdata)
    usbd0_device_descriptor                  0x0800a263   Data          18  usbd_config_0.o(.constdata)
    usbd0_config_descriptor_fs               0x0800a275   Data          42  usbd_config_0.o(.constdata)
    usbd0_device_qualifier_fs                0x0800a29f   Data           1  usbd_config_0.o(.constdata)
    usbd0_device_qualifier_hs                0x0800a2a0   Data           1  usbd_config_0.o(.constdata)
    usbd0_config_descriptor_hs               0x0800a2a1   Data           1  usbd_config_0.o(.constdata)
    usbd0_other_speed_config_descriptor_fs   0x0800a2a2   Data           1  usbd_config_0.o(.constdata)
    usbd0_other_speed_config_descriptor_hs   0x0800a2a3   Data           1  usbd_config_0.o(.constdata)
    usbd0_string_descriptor                  0x0800a2a4   Data          98  usbd_config_0.o(.constdata)
    INTERVAL_HS                              0x0800a306   Data          32  usbd_hid.o(.constdata)
    Region$$Table$$Base                      0x0800a3c0   Number         0  anon$$obj.o(Region$$Table)
    Region$$Table$$Limit                     0x0800a3e0   Number         0  anon$$obj.o(Region$$Table)
    LED_thread_ID                            0x20000000   Data           4  led_thread.o(.data)
    mouse_thread_ID                          0x20000004   Data           4  mouse_thread.o(.data)
    mouse_in_report                          0x20000008   Data           4  mouse_thread.o(.data)
    roll                                     0x2000000c   Data           4  mouse_thread.o(.data)
    pitch                                    0x20000010   Data           4  mouse_thread.o(.data)
    mouse_mutex                              0x20000014   Data           4  mouse_thread.o(.data)
    AccelInit                                0x20000018   Data           6  accelerometer_thread.o(.data)
    AccelInterrupt                           0x2000001e   Data           3  accelerometer_thread.o(.data)
    tid_Thread_Accelerometer                 0x20000024   Data           4  accelerometer_thread.o(.data)
    tid_Thread_Keypad                        0x20000028   Data           4  keypad_thread.o(.data)
    segment_thread_ID                        0x2000002c   Data           4  segment_display.o(.data)
    selected_mode                            0x20000030   Data           4  segment_display.o(.data)
    filteredTemp                             0x20000034   Data           4  segment_display.o(.data)
    displayed_angle                          0x20000038   Data           4  segment_display.o(.data)
    segment_mutex                            0x2000003c   Data           4  segment_display.o(.data)
    tid_Thread_ADCTemp                       0x20000040   Data           4  temperature_thread.o(.data)
    keypad_TIM_counter                       0x20000044   Data           4  tim.o(.data)
    segment_TIM_counter                      0x20000048   Data           4  tim.o(.data)
    mouse_TIM_counter                        0x2000004c   Data           4  tim.o(.data)
    LIS3DSHTimeout                           0x20000050   Data           4  lis3dsh.o(.data)
    osThreadId_osTimerThread                 0x20000054   Data           4  rtx_conf_cm.o(.data)
    osMessageQId_osTimerMessageQ             0x20000058   Data           4  rtx_conf_cm.o(.data)
    os_tmr                                   0x2000005c   Data           4  rtx_conf_cm.o(.data)
    m_tmr                                    0x20000060   Data           4  rtx_conf_cm.o(.data)
    otg_fs_role                              0x20000064   Data           1  otg_fs_stm32f4xx.o(.data)
    uwTick                                   0x20000088   Data           4  stm32f4xx_hal.o(.data)
    SystemCoreClock                          0x2000008c   Data           4  system_stm32f4xx.o(.data)
    usbd0_alt_setting                        0x20000090   Data           1  usbd_config_0.o(.data)
    usbd0_ep0_buf                            0x20000094   Data           8  usbd_config_0.o(.data)
    usbd_core_thread_id                      0x2000009c   Data           4  usbd_config_0.o(.data)
    usbd_driver_semaphore_id                 0x200000a0   Data           4  usbd_config_0.o(.data)
    os_semaphore_cb_usbd0_driver_semaphore_def 0x200000a4   Data           8  usbd_config_0.o(.data)
    os_semaphore_cb_usbd0_driver_ep0out_semaphore_def 0x200000ac   Data           8  usbd_config_0.o(.data)
    os_semaphore_cb_usbd0_driver_ep0in_semaphore_def 0x200000b4   Data           8  usbd_config_0.o(.data)
    os_semaphore_cb_usbd0_driver_ep1out_semaphore_def 0x200000bc   Data           8  usbd_config_0.o(.data)
    os_semaphore_cb_usbd0_driver_ep1in_semaphore_def 0x200000c4   Data           8  usbd_config_0.o(.data)
    os_semaphore_cb_usbd0_driver_ep2out_semaphore_def 0x200000cc   Data           8  usbd_config_0.o(.data)
    os_semaphore_cb_usbd0_driver_ep2in_semaphore_def 0x200000d4   Data           8  usbd_config_0.o(.data)
    os_semaphore_cb_usbd0_driver_ep3out_semaphore_def 0x200000dc   Data           8  usbd_config_0.o(.data)
    os_semaphore_cb_usbd0_driver_ep3in_semaphore_def 0x200000e4   Data           8  usbd_config_0.o(.data)
    os_semaphore_cb_usbd0_driver_ep4out_semaphore_def 0x200000ec   Data           8  usbd_config_0.o(.data)
    os_semaphore_cb_usbd0_driver_ep4in_semaphore_def 0x200000f4   Data           8  usbd_config_0.o(.data)
    os_semaphore_cb_usbd0_driver_ep5out_semaphore_def 0x200000fc   Data           8  usbd_config_0.o(.data)
    os_semaphore_cb_usbd0_driver_ep5in_semaphore_def 0x20000104   Data           8  usbd_config_0.o(.data)
    os_semaphore_cb_usbd0_driver_ep6out_semaphore_def 0x2000010c   Data           8  usbd_config_0.o(.data)
    os_semaphore_cb_usbd0_driver_ep6in_semaphore_def 0x20000114   Data           8  usbd_config_0.o(.data)
    os_semaphore_cb_usbd0_driver_ep7out_semaphore_def 0x2000011c   Data           8  usbd_config_0.o(.data)
    os_semaphore_cb_usbd0_driver_ep7in_semaphore_def 0x20000124   Data           8  usbd_config_0.o(.data)
    os_semaphore_cb_usbd0_driver_ep8out_semaphore_def 0x2000012c   Data           8  usbd_config_0.o(.data)
    os_semaphore_cb_usbd0_driver_ep8in_semaphore_def 0x20000134   Data           8  usbd_config_0.o(.data)
    os_semaphore_cb_usbd0_driver_ep9out_semaphore_def 0x2000013c   Data           8  usbd_config_0.o(.data)
    os_semaphore_cb_usbd0_driver_ep9in_semaphore_def 0x20000144   Data           8  usbd_config_0.o(.data)
    os_semaphore_cb_usbd0_driver_ep10out_semaphore_def 0x2000014c   Data           8  usbd_config_0.o(.data)
    os_semaphore_cb_usbd0_driver_ep10in_semaphore_def 0x20000154   Data           8  usbd_config_0.o(.data)
    os_semaphore_cb_usbd0_driver_ep11out_semaphore_def 0x2000015c   Data           8  usbd_config_0.o(.data)
    os_semaphore_cb_usbd0_driver_ep11in_semaphore_def 0x20000164   Data           8  usbd_config_0.o(.data)
    os_semaphore_cb_usbd0_driver_ep12out_semaphore_def 0x2000016c   Data           8  usbd_config_0.o(.data)
    os_semaphore_cb_usbd0_driver_ep12in_semaphore_def 0x20000174   Data           8  usbd_config_0.o(.data)
    os_semaphore_cb_usbd0_driver_ep13out_semaphore_def 0x2000017c   Data           8  usbd_config_0.o(.data)
    os_semaphore_cb_usbd0_driver_ep13in_semaphore_def 0x20000184   Data           8  usbd_config_0.o(.data)
    os_semaphore_cb_usbd0_driver_ep14out_semaphore_def 0x2000018c   Data           8  usbd_config_0.o(.data)
    os_semaphore_cb_usbd0_driver_ep14in_semaphore_def 0x20000194   Data           8  usbd_config_0.o(.data)
    os_semaphore_cb_usbd0_driver_ep15out_semaphore_def 0x2000019c   Data           8  usbd_config_0.o(.data)
    os_semaphore_cb_usbd0_driver_ep15in_semaphore_def 0x200001a4   Data           8  usbd_config_0.o(.data)
    usbd_hid_thread_id                       0x200001ac   Data           4  usbd_config_0.o(.data)
    usbd_hid_timer_id                        0x200001b0   Data           4  usbd_config_0.o(.data)
    usbd_hid_mutex_id                        0x200001b4   Data           4  usbd_config_0.o(.data)
    usbd_hid0_idle_count                     0x200001b8   Data           2  usbd_config_0.o(.data)
    usbd_hid0_idle_reload                    0x200001ba   Data           2  usbd_config_0.o(.data)
    usbd_hid0_idle_set                       0x200001bc   Data           1  usbd_config_0.o(.data)
    usbd_hid0_in_report                      0x200001c0   Data           5  usbd_config_0.o(.data)
    usbd_hid0_out_report                     0x200001c8   Data           1  usbd_config_0.o(.data)
    usbd_hid0_feat_report                    0x200001cc   Data           1  usbd_config_0.o(.data)
    usbd_hid_ptr                             0x200001d0   Data           4  usbd_config_0.o(.data)
    usbd_ep_thread_id_ptr                    0x200001d4   Data           8  usbd_config_0.o(.data)
    usbd_drv_version                         0x200001dc   Data           4  usbd_config_0.o(.data)
    usbd_capabilities                        0x200001e0   Data           4  usbd_config_0.o(.data)
    usbd_hid0_desc                           0x200001e4   Data           8  usbd_config_0.o(.data)
    usbd0_desc                               0x200001ec   Data          36  usbd_config_0.o(.data)
    usbd_desc_ptr                            0x20000210   Data           4  usbd_config_0.o(.data)
    os_initialized                           0x20000214   Data           1  rt_cmsis.o(.data)
    os_running                               0x20000215   Data           1  rt_cmsis.o(.data)
    os_timer_head                            0x20000218   Data           4  rt_cmsis.o(.data)
    os_tsk                                   0x2000021c   Data           8  rt_task.o(.data)
    os_tick_irqn                             0x20000228   Data           4  rt_system.o(.data)
    os_time                                  0x2000022c   Data           4  rt_time.o(.data)
    dbg_msg                                  0x20000230   Data           1  hal_cm.o(.data)
    os_robin                                 0x20000234   Data           8  rt_robin.o(.data)
    __stdout                                 0x2000023c   Data           4  stdout.o(.data)
    __microlib_freelist                      0x20000240   Data           4  mvars.o(.data)
    __microlib_freelist_initialised          0x20000244   Data           4  mvars.o(.data)
    os_mutex_cb_mouse_mutex                  0x2000024c   Data          16  mouse_thread.o(.bss)
    AccelGPIO                                0x2000025c   Data          20  accelerometer_thread.o(.bss)
    kalman1                                  0x20000270   Data          28  accelerometer_thread.o(.bss)
    kalman2                                  0x2000028c   Data          28  accelerometer_thread.o(.bss)
    kalman3                                  0x200002a8   Data          28  accelerometer_thread.o(.bss)
    GPIO_InitCOLS                            0x200002c4   Data          20  keypad_thread.o(.bss)
    GPIO_InitROWS                            0x200002d8   Data          20  keypad_thread.o(.bss)
    os_mutex_cb_segment_mutex                0x200002ec   Data          16  segment_display.o(.bss)
    TIM3_handle                              0x200002fc   Data          60  tim.o(.bss)
    TIM4_handle                              0x20000338   Data          60  tim.o(.bss)
    SpiHandle                                0x20000374   Data          88  lis3dsh.o(.bss)
    mp_tcb                                   0x200003d0   Data         584  rtx_conf_cm.o(.bss)
    mp_stk                                   0x20000618   Data        4816  rtx_conf_cm.o(.bss)
    os_stack_mem                             0x200018e8   Data        3112  rtx_conf_cm.o(.bss)
    os_fifo                                  0x20002510   Data         132  rtx_conf_cm.o(.bss)
    os_active_TCB                            0x20002594   Data          44  rtx_conf_cm.o(.bss)
    os_messageQ_q_osTimerMessageQ            0x200025c0   Data          32  rtx_conf_cm.o(.bss)
    usbd0_data                               0x20002680   Data          80  usbd_config_0.o(.bss)
    usbd_driver_ep_semaphore_id              0x200026d0   Data         128  usbd_config_0.o(.bss)
    os_timer_cb_usbd_hid0_timer              0x20002750   Data          24  usbd_config_0.o(.bss)
    os_mutex_cb_usbd_hid0_mutex              0x20002768   Data          16  usbd_config_0.o(.bss)
    usbd_hid_data                            0x20002778   Data          36  usbd_config_0.o(.bss)
    os_idle_TCB                              0x2000279c   Data          52  rt_task.o(.bss)
    os_rdy                                   0x200027d0   Data          24  rt_list.o(.bss)
    os_dly                                   0x200027e8   Data          24  rt_list.o(.bss)
    __heap_base                              0x20002800   Data           0  startup_stm32f407xx.o(HEAP)
    __heap_limit                             0x20002a00   Data           0  startup_stm32f407xx.o(HEAP)
    __initial_sp                             0x20002e00   Data           0  startup_stm32f407xx.o(STACK)



==============================================================================

Memory Map of the image

  Image Entry point : 0x08000345

  Load Region LR_1 (Base: 0x08000000, Size: 0x0000a62c, Max: 0xffffffff, ABSOLUTE, COMPRESSED[0x0000a420])

    Execution Region ER_RO (Base: 0x08000000, Size: 0x0000a3e0, Max: 0xffffffff, ABSOLUTE)

    Base Addr    Size         Type   Attr      Idx    E Section Name        Object

    0x08000000   0x00000188   Data   RO         4888    RESET               startup_stm32f407xx.o
    0x08000188   0x00000000   Code   RO         6950  * .ARM.Collect$$$$00000000  mc_w.l(entry.o)
    0x08000188   0x00000004   Code   RO         7294    .ARM.Collect$$$$00000001  mc_w.l(entry2.o)
    0x0800018c   0x00000004   Code   RO         7297    .ARM.Collect$$$$00000004  mc_w.l(entry5.o)
    0x08000190   0x00000000   Code   RO         7299    .ARM.Collect$$$$00000008  mc_w.l(entry7b.o)
    0x08000190   0x00000000   Code   RO         7301    .ARM.Collect$$$$0000000A  mc_w.l(entry8b.o)
    0x08000190   0x00000000   Code   RO         7302    .ARM.Collect$$$$0000000D  mc_w.l(entry10a.o)
    0x08000190   0x00000000   Code   RO         7304    .ARM.Collect$$$$0000000F  mc_w.l(entry11a.o)
    0x08000190   0x00000018   Code   RO         1197    .ARM.Collect$$$$000000FF  rtx_conf_cm.o
    0x080001a8   0x00000004   Code   RO         7295    .ARM.Collect$$$$00002712  mc_w.l(entry2.o)
    0x080001ac   0x00000198   Code   RO         6885    .emb_text           RTX_CM4.lib(hal_cm4.o)
    0x08000344   0x00000024   Code   RO         4889  * .text               startup_stm32f407xx.o
    0x08000368   0x00000108   Code   RO         5231    .text               arm_cortexM4lf_math.lib(arm_mat_add_f32.o)
    0x08000470   0x00000008   Code   RO         5283    .text               arm_cortexM4lf_math.lib(arm_mat_init_f32.o)
    0x08000478   0x00000530   Code   RO         5307    .text               arm_cortexM4lf_math.lib(arm_mat_inverse_f32.o)
    0x080009a8   0x0000013c   Code   RO         5331    .text               arm_cortexM4lf_math.lib(arm_mat_mult_f32.o)
    0x08000ae4   0x00000108   Code   RO         5355    .text               arm_cortexM4lf_math.lib(arm_mat_sub_f32.o)
    0x08000bec   0x00000114   Code   RO         5379    .text               arm_cortexM4lf_math.lib(arm_mat_trans_f32.o)
    0x08000d00   0x00000084   Code   RO         5454    .text               arm_cortexM4lf_math.lib(arm_copy_f32.o)
    0x08000d84   0x00000062   Code   RO         6959    .text               mc_w.l(uldiv.o)
    0x08000de6   0x00000024   Code   RO         6961    .text               mc_w.l(memcpya.o)
    0x08000e0a   0x00000024   Code   RO         6963    .text               mc_w.l(memseta.o)
    0x08000e2e   0x0000014e   Code   RO         7255    .text               mf_w.l(dadd.o)
    0x08000f7c   0x000000e4   Code   RO         7257    .text               mf_w.l(dmul.o)
    0x08001060   0x000000de   Code   RO         7259    .text               mf_w.l(ddiv.o)
    0x0800113e   0x00000022   Code   RO         7261    .text               mf_w.l(dflti.o)
    0x08001160   0x0000003e   Code   RO         7263    .text               mf_w.l(dfixi.o)
    0x0800119e   0x00000026   Code   RO         7265    .text               mf_w.l(f2d.o)
    0x080011c4   0x00000038   Code   RO         7267    .text               mf_w.l(d2f.o)
    0x080011fc   0x0000001e   Code   RO         7308    .text               mc_w.l(llshl.o)
    0x0800121a   0x00000020   Code   RO         7310    .text               mc_w.l(llushr.o)
    0x0800123a   0x00000024   Code   RO         7312    .text               mc_w.l(llsshr.o)
    0x0800125e   0x00000000   Code   RO         7323    .text               mc_w.l(iusefp.o)
    0x0800125e   0x0000006e   Code   RO         7324    .text               mf_w.l(fepilogue.o)
    0x080012cc   0x000000ba   Code   RO         7326    .text               mf_w.l(depilogue.o)
    0x08001386   0x000000a2   Code   RO         7332    .text               mf_w.l(dsqrt.o)
    0x08001428   0x00000086   Code   RO         7334    .text               mf_w.l(drem.o)
    0x080014ae   0x00000002   PAD
    0x080014b0   0x00000024   Code   RO         7342    .text               mc_w.l(init.o)
    0x080014d4   0x00000056   Code   RO         7351    .text               mc_w.l(__dczerorl2.o)
    0x0800152a   0x00000002   PAD
    0x0800152c   0x00000004   Code   RO         6895    SVC_TABLE           RTX_CM4.lib(svc_table.o)
    0x08001530   0x00000094   Code   RO          551    i.AccelConfig       accelerometer_thread.o
    0x080015c4   0x00000024   Code   RO          826    i.AlarmSet          segment_display.o
    0x080015e8   0x00000004   Code   RO          345    i.BusFault_Handler  stm32f4xx_it.o
    0x080015ec   0x00000002   Code   RO          346    i.DebugMon_Handler  stm32f4xx_it.o
    0x080015ee   0x0000000a   Code   RO          347    i.EXTI0_IRQHandler  stm32f4xx_it.o
    0x080015f8   0x00000184   Code   RO         1235    i.Enable_GPIO_Clock  otg_fs_stm32f4xx.o
    0x0800177c   0x00000180   Code   RO          330    i.Error_Handler     supporting_functions.o
    0x080018fc   0x00000174   Code   RO         2234    i.HAL_GPIO_DeInit   stm32f4xx_hal_gpio.o
    0x08001a70   0x00000018   Code   RO          552    i.HAL_GPIO_EXTI_Callback  accelerometer_thread.o
    0x08001a88   0x0000001c   Code   RO         2236    i.HAL_GPIO_EXTI_IRQHandler  stm32f4xx_hal_gpio.o
    0x08001aa4   0x0000020c   Code   RO         2237    i.HAL_GPIO_Init     stm32f4xx_hal_gpio.o
    0x08001cb0   0x00000010   Code   RO         2239    i.HAL_GPIO_ReadPin  stm32f4xx_hal_gpio.o
    0x08001cc0   0x00000008   Code   RO         2240    i.HAL_GPIO_TogglePin  stm32f4xx_hal_gpio.o
    0x08001cc8   0x0000000c   Code   RO         2241    i.HAL_GPIO_WritePin  stm32f4xx_hal_gpio.o
    0x08001cd4   0x0000000c   Code   RO         1550    i.HAL_GetTick       stm32f4xx_hal.o
    0x08001ce0   0x0000003c   Code   RO         1552    i.HAL_Init          stm32f4xx_hal.o
    0x08001d1c   0x00000028   Code   RO         1553    i.HAL_InitTick      stm32f4xx_hal.o
    0x08001d44   0x00000002   Code   RO         1555    i.HAL_MspInit       stm32f4xx_hal.o
    0x08001d46   0x00000020   Code   RO         1962    i.HAL_NVIC_EnableIRQ  stm32f4xx_hal_cortex.o
    0x08001d66   0x0000007c   Code   RO         1968    i.HAL_NVIC_SetPriority  stm32f4xx_hal_cortex.o
    0x08001de2   0x00000002   PAD
    0x08001de4   0x00000028   Code   RO         1969    i.HAL_NVIC_SetPriorityGrouping  stm32f4xx_hal_cortex.o
    0x08001e0c   0x000001d0   Code   RO         2475    i.HAL_RCC_ClockConfig  stm32f4xx_hal_rcc.o
    0x08001fdc   0x000000b4   Code   RO         2484    i.HAL_RCC_GetSysClockFreq  stm32f4xx_hal_rcc.o
    0x08002090   0x0000039c   Code   RO         2487    i.HAL_RCC_OscConfig  stm32f4xx_hal_rcc.o
    0x0800242c   0x00000036   Code   RO         2982    i.HAL_SPI_DeInit    stm32f4xx_hal_spi.o
    0x08002462   0x000000a0   Code   RO         2987    i.HAL_SPI_Init      stm32f4xx_hal_spi.o
    0x08002502   0x00000002   Code   RO         2988    i.HAL_SPI_MspDeInit  stm32f4xx_hal_spi.o
    0x08002504   0x000000ec   Code   RO         1068    i.HAL_SPI_MspInit   lis3dsh.o
    0x080025f0   0x00000034   Code   RO         1973    i.HAL_SYSTICK_Config  stm32f4xx_hal_cortex.o
    0x08002624   0x00000002   Code   RO         4029    i.HAL_TIMEx_BreakCallback  stm32f4xx_hal_tim_ex.o
    0x08002626   0x00000002   Code   RO         4030    i.HAL_TIMEx_CommutationCallback  stm32f4xx_hal_tim_ex.o
    0x08002628   0x00000034   Code   RO         3390    i.HAL_TIM_Base_Init  stm32f4xx_hal_tim.o
    0x0800265c   0x00000002   Code   RO         3392    i.HAL_TIM_Base_MspInit  stm32f4xx_hal_tim.o
    0x0800265e   0x0000001e   Code   RO         3395    i.HAL_TIM_Base_Start_IT  stm32f4xx_hal_tim.o
    0x0800267c   0x00000002   Code   RO         3419    i.HAL_TIM_IC_CaptureCallback  stm32f4xx_hal_tim.o
    0x0800267e   0x00000196   Code   RO         3432    i.HAL_TIM_IRQHandler  stm32f4xx_hal_tim.o
    0x08002814   0x00000002   Code   RO         3435    i.HAL_TIM_OC_DelayElapsedCallback  stm32f4xx_hal_tim.o
    0x08002816   0x00000002   Code   RO         3462    i.HAL_TIM_PWM_PulseFinishedCallback  stm32f4xx_hal_tim.o
    0x08002818   0x000000a4   Code   RO         1034    i.HAL_TIM_PeriodElapsedCallback  tim.o
    0x080028bc   0x00000002   Code   RO         3473    i.HAL_TIM_TriggerCallback  stm32f4xx_hal_tim.o
    0x080028be   0x00000004   Code   RO          348    i.HardFault_Handler  stm32f4xx_it.o
    0x080028c2   0x00000002   PAD
    0x080028c4   0x00000030   Code   RO         1469    i.ITM_SendChar      retarget_io.o
    0x080028f4   0x00000482   Code   RO          622    i.Kalmanfilter_C    kalman_filter_funcs.o
    0x08002d76   0x00000002   PAD
    0x08002d78   0x0000003c   Code   RO          442    i.LED_thread        led_thread.o
    0x08002db4   0x0000004c   Code   RO          443    i.LED_thread_periph_init  led_thread.o
    0x08002e00   0x0000002a   Code   RO         1070    i.LIS3DSH_DataReadyInterruptConfig  lis3dsh.o
    0x08002e2a   0x00000002   PAD
    0x08002e2c   0x000000dc   Code   RO         1072    i.LIS3DSH_Init      lis3dsh.o
    0x08002f08   0x0000004c   Code   RO         1074    i.LIS3DSH_Read      lis3dsh.o
    0x08002f54   0x000001c0   Code   RO         1075    i.LIS3DSH_ReadACC   lis3dsh.o
    0x08003114   0x00000074   Code   RO         1076    i.LIS3DSH_SendByte  lis3dsh.o
    0x08003188   0x00000004   Code   RO         1077    i.LIS3DSH_TIMEOUT_UserCallback  lis3dsh.o
    0x0800318c   0x00000044   Code   RO         1078    i.LIS3DSH_Write     lis3dsh.o
    0x080031d0   0x00000004   Code   RO          349    i.MemManage_Handler  stm32f4xx_it.o
    0x080031d4   0x00000002   Code   RO          350    i.NMI_Handler       stm32f4xx_it.o
    0x080031d6   0x0000001a   Code   RO         1236    i.OTG_FS_IRQHandler  otg_fs_stm32f4xx.o
    0x080031f0   0x000000b8   Code   RO         1239    i.OTG_FS_PinsConfigure  otg_fs_stm32f4xx.o
    0x080032a8   0x00000054   Code   RO         1240    i.OTG_FS_PinsUnconfigure  otg_fs_stm32f4xx.o
    0x080032fc   0x0000000a   Code   RO         1079    i.SPI_ReceiveData   lis3dsh.o
    0x08003306   0x00000006   Code   RO         1080    i.SPI_SendData      lis3dsh.o
    0x0800330c   0x00000038   Code   RO          827    i.SevenSegment_GetDisplayValue_Angle  segment_display.o
    0x08003344   0x00000038   Code   RO          828    i.SevenSegment_GetDisplayValue_Temp  segment_display.o
    0x0800337c   0x000000a8   Code   RO          418    i.SystemClock_Config  sysclk_config.o
    0x08003424   0x00000064   Code   RO         4897    i.SystemInit        system_stm32f4xx.o
    0x08003488   0x00000010   Code   RO          351    i.TIM4_IRQHandler   stm32f4xx_it.o
    0x08003498   0x000000e4   Code   RO         3474    i.TIM_Base_SetConfig  stm32f4xx_hal_tim.o
    0x0800357c   0x000002a0   Code   RO          553    i.Thread_Accelerometer  accelerometer_thread.o
    0x0800381c   0x00000050   Code   RO          745    i.Thread_Keypad     keypad_thread.o
    0x0800386c   0x00000064   Code   RO         1035    i.Tim4Init          tim.o
    0x080038d0   0x00000006   Code   RO         6104    i.USBD0_Core_Thread  USB_CM3_L.lib(usbd_core.o)
    0x080038d6   0x00000008   Code   RO         4930    i.USBD0_SignalDeviceEvent  usbd_config_0.o
    0x080038de   0x0000000a   Code   RO         4931    i.USBD0_SignalEndpointEvent  usbd_config_0.o
    0x080038e8   0x0000002c   Code   RO         6108    i.USBD_CheckDevice  USB_CM3_L.lib(usbd_core.o)
    0x08003914   0x00000038   Code   RO         4932    i.USBD_ClassInitialize  usbd_config_0.o
    0x0800394c   0x00000004   Code   RO         4934    i.USBD_Class_Endpoint0_InDataSent  usbd_config_0.o
    0x08003950   0x00000004   Code   RO         4935    i.USBD_Class_Endpoint0_OutDataReceived  usbd_config_0.o
    0x08003954   0x00000002   Code   RO         4936    i.USBD_Class_Endpoint0_SetupPacketProcessed  usbd_config_0.o
    0x08003956   0x00000004   Code   RO         4937    i.USBD_Class_Endpoint0_SetupPacketReceived  usbd_config_0.o
    0x0800395a   0x00000002   PAD
    0x0800395c   0x00000040   Code   RO         6109    i.USBD_ConfigureEndpoint0  USB_CM3_L.lib(usbd_core.o)
    0x0800399c   0x00000018   Code   RO         6111    i.USBD_Connect      USB_CM3_L.lib(usbd_core.o)
    0x080039b4   0x0000006e   Code   RO         6112    i.USBD_Core         USB_CM3_L.lib(usbd_core.o)
    0x08003a22   0x00000002   PAD
    0x08003a24   0x00000040   Code   RO         6850    i.USBD_Core_Endpoint0_InDataSent  USB_CM3_L.lib(usbd_core_custom_device.o)
    0x08003a64   0x00000040   Code   RO         6851    i.USBD_Core_Endpoint0_OutDataReceived  USB_CM3_L.lib(usbd_core_custom_device.o)
    0x08003aa4   0x0000003c   Code   RO         6852    i.USBD_Core_Endpoint0_SetupPacketProcessed  USB_CM3_L.lib(usbd_core_custom_device.o)
    0x08003ae0   0x00000048   Code   RO         6853    i.USBD_Core_Endpoint0_SetupPacketReceived  USB_CM3_L.lib(usbd_core_custom_device.o)
    0x08003b28   0x0000008c   Code   RO         6113    i.USBD_Core_Thread  USB_CM3_L.lib(usbd_core.o)
    0x08003bb4   0x00000050   Code   RO         6114    i.USBD_DataInStage  USB_CM3_L.lib(usbd_core.o)
    0x08003c04   0x0000002c   Code   RO         6115    i.USBD_DataOutStage  USB_CM3_L.lib(usbd_core.o)
    0x08003c30   0x00000004   Code   RO         4938    i.USBD_Device0_Endpoint0_InDataSent  usbd_config_0.o
    0x08003c34   0x00000004   Code   RO         4939    i.USBD_Device0_Endpoint0_OutDataReceived  usbd_config_0.o
    0x08003c38   0x00000002   Code   RO         4940    i.USBD_Device0_Endpoint0_SetupPacketProcessed  usbd_config_0.o
    0x08003c3a   0x00000004   Code   RO         4941    i.USBD_Device0_Endpoint0_SetupPacketReceived  usbd_config_0.o
    0x08003c3e   0x00000002   Code   RO         4942    i.USBD_Device0_EventReset  usbd_config_0.o
    0x08003c40   0x00000002   Code   RO         4943    i.USBD_Device0_Initialize  usbd_config_0.o
    0x08003c42   0x00000002   Code   RO         4944    i.USBD_Device0_Uninitialize  usbd_config_0.o
    0x08003c44   0x00000034   Code   RO         1312    i.USBD_DeviceConnect  usbd_fs_stm32f4xx.o
    0x08003c78   0x00000034   Code   RO         1313    i.USBD_DeviceDisconnect  usbd_fs_stm32f4xx.o
    0x08003cac   0x0000000c   Code   RO         1314    i.USBD_DeviceGetState  usbd_fs_stm32f4xx.o
    0x08003cb8   0x00000038   Code   RO         1315    i.USBD_DeviceRemoteWakeup  usbd_fs_stm32f4xx.o
    0x08003cf0   0x00000028   Code   RO         1316    i.USBD_DeviceSetAddress  usbd_fs_stm32f4xx.o
    0x08003d18   0x00000050   Code   RO         6117    i.USBD_DriverDeviceConnect  USB_CM3_L.lib(usbd_core.o)
    0x08003d68   0x0000005c   Code   RO         6121    i.USBD_DriverDeviceSetAddress  USB_CM3_L.lib(usbd_core.o)
    0x08003dc4   0x0000009c   Code   RO         6122    i.USBD_DriverEndpointConfigure  USB_CM3_L.lib(usbd_core.o)
    0x08003e60   0x00000094   Code   RO         6123    i.USBD_DriverEndpointStall  USB_CM3_L.lib(usbd_core.o)
    0x08003ef4   0x000000c8   Code   RO         6124    i.USBD_DriverEndpointTransfer  USB_CM3_L.lib(usbd_core.o)
    0x08003fbc   0x00000088   Code   RO         6125    i.USBD_DriverEndpointTransferAbort  USB_CM3_L.lib(usbd_core.o)
    0x08004044   0x00000064   Code   RO         6126    i.USBD_DriverEndpointTransferGetResult  USB_CM3_L.lib(usbd_core.o)
    0x080040a8   0x00000094   Code   RO         6127    i.USBD_DriverEndpointUnconfigure  USB_CM3_L.lib(usbd_core.o)
    0x0800413c   0x00000010   Code   RO         6128    i.USBD_DriverGetCapabilities  USB_CM3_L.lib(usbd_core.o)
    0x0800414c   0x00000010   Code   RO         6130    i.USBD_DriverGetVersion  USB_CM3_L.lib(usbd_core.o)
    0x0800415c   0x00000060   Code   RO         6131    i.USBD_DriverInitialize  USB_CM3_L.lib(usbd_core.o)
    0x080041bc   0x0000005c   Code   RO         6132    i.USBD_DriverPowerControl  USB_CM3_L.lib(usbd_core.o)
    0x08004218   0x0000005c   Code   RO         6133    i.USBD_DriverReadSetupPacket  USB_CM3_L.lib(usbd_core.o)
    0x08004274   0x00000290   Code   RO         6135    i.USBD_Endpoint0    USB_CM3_L.lib(usbd_core.o)
    0x08004504   0x00000004   Code   RO         4945    i.USBD_Endpoint0_Out_ADC_ReqToEP  usbd_config_0.o
    0x08004508   0x00000004   Code   RO         4946    i.USBD_Endpoint0_Out_ADC_ReqToIF  usbd_config_0.o
    0x0800450c   0x00000004   Code   RO         4947    i.USBD_Endpoint0_Out_CDC_ReqToIF  usbd_config_0.o
    0x08004510   0x00000064   Code   RO         6838    i.USBD_Endpoint0_Out_HID_ReqToIF  USB_CM3_L.lib(usbd_core_hid.o)
    0x08004574   0x000000f0   Code   RO         6839    i.USBD_Endpoint0_ReqGetDescriptor_HID  USB_CM3_L.lib(usbd_core_hid.o)
    0x08004664   0x00000004   Code   RO         4948    i.USBD_Endpoint0_Setup_ADC_ReqToEP  usbd_config_0.o
    0x08004668   0x00000004   Code   RO         4949    i.USBD_Endpoint0_Setup_ADC_ReqToIF  usbd_config_0.o
    0x0800466c   0x00000004   Code   RO         4950    i.USBD_Endpoint0_Setup_CDC_ReqToIF  usbd_config_0.o
    0x08004670   0x00000134   Code   RO         6840    i.USBD_Endpoint0_Setup_HID_ReqToIF  USB_CM3_L.lib(usbd_core_hid.o)
    0x080047a4   0x00000004   Code   RO         4951    i.USBD_Endpoint0_Setup_MSC_ReqToIF  usbd_config_0.o
    0x080047a8   0x0000017c   Code   RO         1317    i.USBD_EndpointConfigure  usbd_fs_stm32f4xx.o
    0x08004924   0x000000bc   Code   RO         1318    i.USBD_EndpointReadSet  usbd_fs_stm32f4xx.o
    0x080049e0   0x000001b0   Code   RO         1319    i.USBD_EndpointStall  usbd_fs_stm32f4xx.o
    0x08004b90   0x00000058   Code   RO         6139    i.USBD_EndpointStall  USB_CM3_L.lib(usbd_core.o)
    0x08004be8   0x000000d8   Code   RO         1320    i.USBD_EndpointTransfer  usbd_fs_stm32f4xx.o
    0x08004cc0   0x000000d4   Code   RO         1321    i.USBD_EndpointTransferAbort  usbd_fs_stm32f4xx.o
    0x08004d94   0x00000028   Code   RO         1322    i.USBD_EndpointTransferGetResult  usbd_fs_stm32f4xx.o
    0x08004dbc   0x000001f4   Code   RO         1323    i.USBD_EndpointUnconfigure  usbd_fs_stm32f4xx.o
    0x08004fb0   0x00000002   Code   RO         4952    i.USBD_EventDisableRemoteWakeup  usbd_config_0.o
    0x08004fb2   0x00000002   Code   RO         4953    i.USBD_EventEnableRemoteWakeup  usbd_config_0.o
    0x08004fb4   0x00000002   Code   RO         4954    i.USBD_EventEndpointClearFeatureStall  usbd_config_0.o
    0x08004fb6   0x00000002   Code   RO         4955    i.USBD_EventEndpointSetFeatureStall  usbd_config_0.o
    0x08004fb8   0x00000044   Code   RO         4956    i.USBD_EventEndpointStart  usbd_config_0.o
    0x08004ffc   0x00000002   Code   RO         4957    i.USBD_EventEndpointStop  usbd_config_0.o
    0x08004ffe   0x00000002   Code   RO         4958    i.USBD_EventHighSpeed  usbd_config_0.o
    0x08005000   0x00000002   Code   RO         4959    i.USBD_EventPowerOff  usbd_config_0.o
    0x08005002   0x00000002   Code   RO         4960    i.USBD_EventPowerOn  usbd_config_0.o
    0x08005004   0x00000038   Code   RO         4961    i.USBD_EventReset   usbd_config_0.o
    0x0800503c   0x00000002   Code   RO         4962    i.USBD_EventResume  usbd_config_0.o
    0x0800503e   0x00000002   PAD
    0x08005040   0x0000002c   Code   RO         4963    i.USBD_EventSetConfiguration  usbd_config_0.o
    0x0800506c   0x00000002   Code   RO         4964    i.USBD_EventSetInterface  usbd_config_0.o
    0x0800506e   0x00000002   Code   RO         4965    i.USBD_EventSuspend  usbd_config_0.o
    0x08005070   0x00000624   Code   RO         1324    i.USBD_FS_IRQ       usbd_fs_stm32f4xx.o
    0x08005694   0x0000003c   Code   RO         1325    i.USBD_FlushInEpFifo  usbd_fs_stm32f4xx.o
    0x080056d0   0x0000000c   Code   RO         1326    i.USBD_GetCapabilities  usbd_fs_stm32f4xx.o
    0x080056dc   0x0000001c   Code   RO         1327    i.USBD_GetFrameNumber  usbd_fs_stm32f4xx.o
    0x080056f8   0x00000010   Code   RO         1328    i.USBD_GetVersion   usbd_fs_stm32f4xx.o
    0x08005708   0x00000006   Code   RO         4966    i.USBD_HID0_GetProtocol  usbd_config_0.o
    0x0800570e   0x00000032   Code   RO         1164    i.USBD_HID0_GetReport  usbd_user_hid_mouse_0.o
    0x08005740   0x00000002   Code   RO         1165    i.USBD_HID0_Initialize  usbd_user_hid_mouse_0.o
    0x08005742   0x00000004   Code   RO         4969    i.USBD_HID0_SetProtocol  usbd_config_0.o
    0x08005746   0x0000001a   Code   RO         1166    i.USBD_HID0_SetReport  usbd_user_hid_mouse_0.o
    0x08005760   0x00000006   Code   RO         6224    i.USBD_HID0_Thread  USB_CM3_L.lib(usbd_hid.o)
    0x08005766   0x00000002   Code   RO         1167    i.USBD_HID0_Uninitialize  usbd_user_hid_mouse_0.o
    0x08005768   0x0000003c   Code   RO         6228    i.USBD_HID_CheckInstance  USB_CM3_L.lib(usbd_hid.o)
    0x080057a4   0x00000094   Code   RO         6229    i.USBD_HID_ClassInitialize  USB_CM3_L.lib(usbd_hid.o)
    0x08005838   0x00000038   Code   RO         6231    i.USBD_HID_CoreGetIdle  USB_CM3_L.lib(usbd_hid.o)
    0x08005870   0x00000044   Code   RO         6232    i.USBD_HID_CoreGetProtocol  USB_CM3_L.lib(usbd_hid.o)
    0x080058b4   0x00000058   Code   RO         6233    i.USBD_HID_CoreGetReport  USB_CM3_L.lib(usbd_hid.o)
    0x0800590c   0x00000080   Code   RO         6234    i.USBD_HID_CoreSetIdle  USB_CM3_L.lib(usbd_hid.o)
    0x0800598c   0x00000040   Code   RO         6235    i.USBD_HID_CoreSetProtocol  USB_CM3_L.lib(usbd_hid.o)
    0x080059cc   0x00000060   Code   RO         6236    i.USBD_HID_CoreSetReport  USB_CM3_L.lib(usbd_hid.o)
    0x08005a2c   0x00000030   Code   RO         6237    i.USBD_HID_EventEndpointStart  USB_CM3_L.lib(usbd_hid.o)
    0x08005a5c   0x00000180   Code   RO         6238    i.USBD_HID_EventEpIntIn  USB_CM3_L.lib(usbd_hid.o)
    0x08005bdc   0x00000090   Code   RO         6239    i.USBD_HID_EventEpIntOut  USB_CM3_L.lib(usbd_hid.o)
    0x08005c6c   0x0000004c   Code   RO         6240    i.USBD_HID_EventReset  USB_CM3_L.lib(usbd_hid.o)
    0x08005cb8   0x00000044   Code   RO         6241    i.USBD_HID_EventSetConfiguration  USB_CM3_L.lib(usbd_hid.o)
    0x08005cfc   0x0000009c   Code   RO         6242    i.USBD_HID_GetReportTrigger  USB_CM3_L.lib(usbd_hid.o)
    0x08005d98   0x0000002a   Code   RO         6243    i.USBD_HID_Thread   USB_CM3_L.lib(usbd_hid.o)
    0x08005dc2   0x00000002   PAD
    0x08005dc4   0x00000134   Code   RO         6244    i.USBD_HID_Timer    USB_CM3_L.lib(usbd_hid.o)
    0x08005ef8   0x00000040   Code   RO         1329    i.USBD_Initialize   usbd_fs_stm32f4xx.o
    0x08005f38   0x000000f4   Code   RO         6142    i.USBD_Initialize   USB_CM3_L.lib(usbd_core.o)
    0x0800602c   0x00000254   Code   RO         1330    i.USBD_PowerControl  usbd_fs_stm32f4xx.o
    0x08006280   0x000000e0   Code   RO         1331    i.USBD_ReadFromFifo  usbd_fs_stm32f4xx.o
    0x08006360   0x00000048   Code   RO         1332    i.USBD_ReadSetupPacket  usbd_fs_stm32f4xx.o
    0x080063a8   0x00000024   Code   RO         6143    i.USBD_ReqGetConfiguration  USB_CM3_L.lib(usbd_core.o)
    0x080063cc   0x00000134   Code   RO         6144    i.USBD_ReqGetDescriptor  USB_CM3_L.lib(usbd_core.o)
    0x08006500   0x00000038   Code   RO         6145    i.USBD_ReqGetInterface  USB_CM3_L.lib(usbd_core.o)
    0x08006538   0x0000007c   Code   RO         6146    i.USBD_ReqGetStatus  USB_CM3_L.lib(usbd_core.o)
    0x080065b4   0x00000028   Code   RO         6147    i.USBD_ReqSetAddress  USB_CM3_L.lib(usbd_core.o)
    0x080065dc   0x000000fc   Code   RO         6148    i.USBD_ReqSetClrFeature  USB_CM3_L.lib(usbd_core.o)
    0x080066d8   0x0000023c   Code   RO         6149    i.USBD_ReqSetConfiguration  USB_CM3_L.lib(usbd_core.o)
    0x08006914   0x0000018c   Code   RO         6150    i.USBD_ReqSetInterface  USB_CM3_L.lib(usbd_core.o)
    0x08006aa0   0x000000f8   Code   RO         1333    i.USBD_Reset        usbd_fs_stm32f4xx.o
    0x08006b98   0x00000028   Code   RO         6151    i.USBD_ResetCore    USB_CM3_L.lib(usbd_core.o)
    0x08006bc0   0x00000018   Code   RO         6152    i.USBD_SetupStage   USB_CM3_L.lib(usbd_core.o)
    0x08006bd8   0x00000010   Code   RO         6153    i.USBD_SignalDeviceEvent  USB_CM3_L.lib(usbd_core.o)
    0x08006be8   0x00000044   Code   RO         6154    i.USBD_SignalEndpointEvent  USB_CM3_L.lib(usbd_core.o)
    0x08006c2c   0x0000000c   Code   RO         6155    i.USBD_StatusInStage  USB_CM3_L.lib(usbd_core.o)
    0x08006c38   0x00000012   Code   RO         6156    i.USBD_StatusInStageDone  USB_CM3_L.lib(usbd_core.o)
    0x08006c4a   0x0000000c   Code   RO         6157    i.USBD_StatusOutStage  USB_CM3_L.lib(usbd_core.o)
    0x08006c56   0x00000002   PAD
    0x08006c58   0x00000034   Code   RO         6158    i.USBD_StatusOutStageDone  USB_CM3_L.lib(usbd_core.o)
    0x08006c8c   0x00000018   Code   RO         6159    i.USBD_SwitchToHighSpeedCore  USB_CM3_L.lib(usbd_core.o)
    0x08006ca4   0x0000001c   Code   RO         1334    i.USBD_Uninitialize  usbd_fs_stm32f4xx.o
    0x08006cc0   0x00000100   Code   RO         1335    i.USBD_WriteToFifo  usbd_fs_stm32f4xx.o
    0x08006dc0   0x00000004   Code   RO          352    i.UsageFault_Handler  stm32f4xx_it.o
    0x08006dc4   0x00000010   Code   RO         6968    i.__0printf$bare    mc_w.l(printfb.o)
    0x08006dd4   0x00000030   Code   RO         7289    i.__ARM_fpclassify  m_wm.l(fpclassify.o)
    0x08006e04   0x00000010   Code   RO         1975    i.__NVIC_GetPriorityGrouping  stm32f4xx_hal_cortex.o
    0x08006e14   0x00000028   Code   RO         1976    i.__NVIC_SetPriority  stm32f4xx_hal_cortex.o
    0x08006e3c   0x00000004   PAD
    0x08006e40   0x000002d8   Code   RO         6898    i.__hardfp_atan     m_wm.l(atan.o)
    0x08007118   0x00000104   Code   RO         6912    i.__hardfp_fmod     m_wm.l(fmod.o)
    0x0800721c   0x0000007a   Code   RO         6938    i.__hardfp_sqrt     m_wm.l(sqrt_full.o)
    0x08007296   0x000000f8   Code   RO         7291    i.__kernel_poly     m_wm.l(poly.o)
    0x0800738e   0x00000014   Code   RO         7270    i.__mathlib_dbl_infnan  m_wm.l(dunder.o)
    0x080073a2   0x00000006   PAD
    0x080073a8   0x00000020   Code   RO         7272    i.__mathlib_dbl_invalid  m_wm.l(dunder.o)
    0x080073c8   0x00000020   Code   RO         7275    i.__mathlib_dbl_underflow  m_wm.l(dunder.o)
    0x080073e8   0x0000000e   Code   RO         7345    i.__scatterload_copy  mc_w.l(handlers.o)
    0x080073f6   0x00000002   Code   RO         7346    i.__scatterload_null  mc_w.l(handlers.o)
    0x080073f8   0x0000000e   Code   RO         7347    i.__scatterload_zeroinit  mc_w.l(handlers.o)
    0x08007406   0x00000002   PAD
    0x08007408   0x0000000c   Code   RO         7318    i.__set_errno       mc_w.l(errno.o)
    0x08007414   0x00000046   Code   RO         6725    i._init_box         RTX_CM4.lib(rt_membox.o)
    0x0800745a   0x00000022   Code   RO         6975    i._printf_core      mc_w.l(printfb.o)
    0x0800747c   0x00000078   Code   RO          831    i.configure_7_segment_DP  segment_display.o
    0x080074f4   0x0000001a   Code   RO          832    i.configure_7_segment_unit  segment_display.o
    0x0800750e   0x00000002   PAD
    0x08007510   0x00000030   Code   RO         6778    i.dbg_init          RTX_CM4.lib(hal_cm.o)
    0x08007540   0x00000020   Code   RO         6779    i.dbg_task_notify   RTX_CM4.lib(hal_cm.o)
    0x08007560   0x00000010   Code   RO         6780    i.dbg_task_switch   RTX_CM4.lib(hal_cm.o)
    0x08007570   0x0000002a   Code   RO          632    i.extract_col       kalman_filter_funcs.o
    0x0800759a   0x00000018   Code   RO         7285    i.fabs              m_wm.l(fabs.o)
    0x080075b2   0x0000001c   Code   RO          633    i.fill_me_up        kalman_filter_funcs.o
    0x080075ce   0x00000002   PAD
    0x080075d0   0x00000020   Code   RO         1474    i.fputc             retarget_io.o
    0x080075f0   0x00000050   Code   RO         7227    i.free              mc_w.l(malloc.o)
    0x08007640   0x00000114   Code   RO          833    i.get_angle_decs    segment_display.o
    0x08007754   0x0000003c   Code   RO          746    i.get_col           keypad_thread.o
    0x08007790   0x00000026   Code   RO          747    i.get_kb_value      keypad_thread.o
    0x080077b6   0x00000002   PAD
    0x080077b8   0x00000040   Code   RO          748    i.get_num_pad_value  keypad_thread.o
    0x080077f8   0x00000098   Code   RO          834    i.get_piezo_decs    segment_display.o
    0x08007890   0x00000028   Code   RO          482    i.get_pitch_from_accelerometer  mouse_thread.o
    0x080078b8   0x000000d4   Code   RO          835    i.get_processor_temp  segment_display.o
    0x0800798c   0x00000028   Code   RO          483    i.get_roll_from_accelerometer  mouse_thread.o
    0x080079b4   0x00000048   Code   RO          749    i.get_row           keypad_thread.o
    0x080079fc   0x00000070   Code   RO          634    i.initKalman        kalman_filter_funcs.o
    0x08007a6c   0x0000006c   Code   RO          750    i.init_columns      keypad_thread.o
    0x08007ad8   0x00000008   Code   RO          751    i.init_keypad_config  keypad_thread.o
    0x08007ae0   0x0000006c   Code   RO          752    i.init_rows         keypad_thread.o
    0x08007b4c   0x0000002a   Code   RO         5478    i.isrMessageGet     RTX_CM4.lib(rt_cmsis.o)
    0x08007b76   0x0000002c   Code   RO         5479    i.isrMessagePut     RTX_CM4.lib(rt_cmsis.o)
    0x08007ba2   0x00000028   Code   RO         5480    i.isrSemaphoreRelease  RTX_CM4.lib(rt_cmsis.o)
    0x08007bca   0x00000024   Code   RO         5481    i.isrSignalSet      RTX_CM4.lib(rt_cmsis.o)
    0x08007bee   0x00000002   PAD
    0x08007bf0   0x00000028   Code   RO         6449    i.isr_evt_set       RTX_CM4.lib(rt_event.o)
    0x08007c18   0x00000056   Code   RO         6571    i.isr_mbx_receive   RTX_CM4.lib(rt_mailbox.o)
    0x08007c6e   0x0000000e   Code   RO         6572    i.isr_mbx_send      RTX_CM4.lib(rt_mailbox.o)
    0x08007c7c   0x00000010   Code   RO         6619    i.isr_sem_send      RTX_CM4.lib(rt_semaphore.o)
    0x08007c8c   0x0000004c   Code   RO            4    i.main              main.o
    0x08007cd8   0x0000006c   Code   RO         7228    i.malloc            mc_w.l(malloc.o)
    0x08007d44   0x00000080   Code   RO          484    i.mouse_thread      mouse_thread.o
    0x08007dc4   0x00000048   Code   RO          485    i.mouse_thread_periph_init  mouse_thread.o
    0x08007e0c   0x00000018   Code   RO         5482    i.osDelay           RTX_CM4.lib(rt_cmsis.o)
    0x08007e24   0x00000024   Code   RO         5483    i.osKernelInitialize  RTX_CM4.lib(rt_cmsis.o)
    0x08007e48   0x0000006c   Code   RO         5485    i.osKernelStart     RTX_CM4.lib(rt_cmsis.o)
    0x08007eb4   0x00000018   Code   RO         5494    i.osMessageGet      RTX_CM4.lib(rt_cmsis.o)
    0x08007ecc   0x00000030   Code   RO         5496    i.osMutexCreate     RTX_CM4.lib(rt_cmsis.o)
    0x08007efc   0x00000018   Code   RO         5498    i.osMutexRelease    RTX_CM4.lib(rt_cmsis.o)
    0x08007f14   0x00000018   Code   RO         5499    i.osMutexWait       RTX_CM4.lib(rt_cmsis.o)
    0x08007f2c   0x00000030   Code   RO         5504    i.osSemaphoreCreate  RTX_CM4.lib(rt_cmsis.o)
    0x08007f5c   0x00000018   Code   RO         5506    i.osSemaphoreRelease  RTX_CM4.lib(rt_cmsis.o)
    0x08007f74   0x00000018   Code   RO         5507    i.osSemaphoreWait   RTX_CM4.lib(rt_cmsis.o)
    0x08007f8c   0x00000018   Code   RO         5509    i.osSignalSet       RTX_CM4.lib(rt_cmsis.o)
    0x08007fa4   0x00000018   Code   RO         5510    i.osSignalWait      RTX_CM4.lib(rt_cmsis.o)
    0x08007fbc   0x00000030   Code   RO         5511    i.osThreadCreate    RTX_CM4.lib(rt_cmsis.o)
    0x08007fec   0x00000018   Code   RO         5512    i.osThreadExit      RTX_CM4.lib(rt_cmsis.o)
    0x08008004   0x0000000c   Code   RO         5518    i.osTimerCall       RTX_CM4.lib(rt_cmsis.o)
    0x08008010   0x00000034   Code   RO         5519    i.osTimerCreate     RTX_CM4.lib(rt_cmsis.o)
    0x08008044   0x00000018   Code   RO         5521    i.osTimerStart      RTX_CM4.lib(rt_cmsis.o)
    0x0800805c   0x00000018   Code   RO         5522    i.osTimerStop       RTX_CM4.lib(rt_cmsis.o)
    0x08008074   0x0000002c   Code   RO         5523    i.osTimerThread     RTX_CM4.lib(rt_cmsis.o)
    0x080080a0   0x00000022   Code   RO         1198    i.os_error          rtx_conf_cm.o
    0x080080c2   0x00000004   Code   RO         1199    i.os_idle_demon     rtx_conf_cm.o
    0x080080c6   0x00000002   PAD
    0x080080c8   0x00000028   Code   RO         6359    i.os_tick_init      RTX_CM4.lib(rt_system.o)
    0x080080f0   0x00000002   Code   RO         6360    i.os_tick_irqack    RTX_CM4.lib(rt_system.o)
    0x080080f2   0x0000001a   Code   RO         6726    i.rt_alloc_box      RTX_CM4.lib(rt_membox.o)
    0x0800810c   0x0000003e   Code   RO         6754    i.rt_alloc_mem      RTX_CM4.lib(rt_memory.o)
    0x0800814a   0x00000002   PAD
    0x0800814c   0x00000038   Code   RO         6274    i.rt_block          RTX_CM4.lib(rt_task.o)
    0x08008184   0x00000048   Code   RO         6864    i.rt_chk_robin      RTX_CM4.lib(rt_robin.o)
    0x080081cc   0x00000070   Code   RO         6495    i.rt_dec_dly        RTX_CM4.lib(rt_list.o)
    0x0800823c   0x00000044   Code   RO         6275    i.rt_dispatch       RTX_CM4.lib(rt_task.o)
    0x08008280   0x00000006   Code   RO         6661    i.rt_dly_wait       RTX_CM4.lib(rt_time.o)
    0x08008286   0x00000002   PAD
    0x08008288   0x00000050   Code   RO         6452    i.rt_evt_psh        RTX_CM4.lib(rt_event.o)
    0x080082d8   0x0000005c   Code   RO         6453    i.rt_evt_set        RTX_CM4.lib(rt_event.o)
    0x08008334   0x0000003c   Code   RO         6454    i.rt_evt_wait       RTX_CM4.lib(rt_event.o)
    0x08008370   0x0000002c   Code   RO         6727    i.rt_free_box       RTX_CM4.lib(rt_membox.o)
    0x0800839c   0x00000028   Code   RO         6755    i.rt_free_mem       RTX_CM4.lib(rt_memory.o)
    0x080083c4   0x00000028   Code   RO         6496    i.rt_get_first      RTX_CM4.lib(rt_list.o)
    0x080083ec   0x00000008   Code   RO         5528    i.rt_id2obj         RTX_CM4.lib(rt_cmsis.o)
    0x080083f4   0x00000048   Code   RO         6276    i.rt_init_context   RTX_CM4.lib(rt_task.o)
    0x0800843c   0x0000001a   Code   RO         6756    i.rt_init_mem       RTX_CM4.lib(rt_memory.o)
    0x08008456   0x00000002   PAD
    0x08008458   0x00000018   Code   RO         6865    i.rt_init_robin     RTX_CM4.lib(rt_robin.o)
    0x08008470   0x00000080   Code   RO         6781    i.rt_init_stack     RTX_CM4.lib(hal_cm.o)
    0x080084f0   0x00000008   Code   RO         6573    i.rt_mbx_check      RTX_CM4.lib(rt_mailbox.o)
    0x080084f8   0x0000001a   Code   RO         6574    i.rt_mbx_init       RTX_CM4.lib(rt_mailbox.o)
    0x08008512   0x00000002   PAD
    0x08008514   0x000000f0   Code   RO         6575    i.rt_mbx_psh        RTX_CM4.lib(rt_mailbox.o)
    0x08008604   0x000000b4   Code   RO         6577    i.rt_mbx_wait       RTX_CM4.lib(rt_mailbox.o)
    0x080086b8   0x00000044   Code   RO         5529    i.rt_ms2tick        RTX_CM4.lib(rt_cmsis.o)
    0x080086fc   0x00000010   Code   RO         6695    i.rt_mut_init       RTX_CM4.lib(rt_mutex.o)
    0x0800870c   0x000000d8   Code   RO         6696    i.rt_mut_release    RTX_CM4.lib(rt_mutex.o)
    0x080087e4   0x00000068   Code   RO         6697    i.rt_mut_wait       RTX_CM4.lib(rt_mutex.o)
    0x0800884c   0x0000007c   Code   RO         6363    i.rt_pop_req        RTX_CM4.lib(rt_system.o)
    0x080088c8   0x00000020   Code   RO         6364    i.rt_psh_req        RTX_CM4.lib(rt_system.o)
    0x080088e8   0x0000005c   Code   RO         6498    i.rt_psq_enq        RTX_CM4.lib(rt_list.o)
    0x08008944   0x00000048   Code   RO         6499    i.rt_put_dly        RTX_CM4.lib(rt_list.o)
    0x0800898c   0x00000036   Code   RO         6500    i.rt_put_prio       RTX_CM4.lib(rt_list.o)
    0x080089c2   0x00000002   PAD
    0x080089c4   0x00000014   Code   RO         6501    i.rt_put_rdy_first  RTX_CM4.lib(rt_list.o)
    0x080089d8   0x00000034   Code   RO         6502    i.rt_resort_prio    RTX_CM4.lib(rt_list.o)
    0x08008a0c   0x00000010   Code   RO         6782    i.rt_ret_regs       RTX_CM4.lib(hal_cm.o)
    0x08008a1c   0x0000000c   Code   RO         6783    i.rt_ret_val        RTX_CM4.lib(hal_cm.o)
    0x08008a28   0x00000010   Code   RO         6784    i.rt_ret_val2       RTX_CM4.lib(hal_cm.o)
    0x08008a38   0x00000028   Code   RO         6503    i.rt_rmv_dly        RTX_CM4.lib(rt_list.o)
    0x08008a60   0x00000030   Code   RO         6504    i.rt_rmv_list       RTX_CM4.lib(rt_list.o)
    0x08008a90   0x0000000c   Code   RO         6621    i.rt_sem_init       RTX_CM4.lib(rt_semaphore.o)
    0x08008a9c   0x00000034   Code   RO         6622    i.rt_sem_psh        RTX_CM4.lib(rt_semaphore.o)
    0x08008ad0   0x0000002a   Code   RO         6623    i.rt_sem_send       RTX_CM4.lib(rt_semaphore.o)
    0x08008afa   0x00000002   PAD
    0x08008afc   0x00000040   Code   RO         6624    i.rt_sem_wait       RTX_CM4.lib(rt_semaphore.o)
    0x08008b3c   0x00000024   Code   RO         6366    i.rt_stk_check      RTX_CM4.lib(rt_system.o)
    0x08008b60   0x00000028   Code   RO         6277    i.rt_switch_req     RTX_CM4.lib(rt_task.o)
    0x08008b88   0x000000cc   Code   RO         6278    i.rt_sys_init       RTX_CM4.lib(rt_task.o)
    0x08008c54   0x00000078   Code   RO         6279    i.rt_sys_start      RTX_CM4.lib(rt_task.o)
    0x08008ccc   0x00000040   Code   RO         6368    i.rt_systick        RTX_CM4.lib(rt_system.o)
    0x08008d0c   0x00000012   Code   RO         5530    i.rt_tid2ptcb       RTX_CM4.lib(rt_cmsis.o)
    0x08008d1e   0x00000002   PAD
    0x08008d20   0x00000034   Code   RO         5531    i.rt_timer_insert   RTX_CM4.lib(rt_cmsis.o)
    0x08008d54   0x0000003c   Code   RO         5532    i.rt_timer_remove   RTX_CM4.lib(rt_cmsis.o)
    0x08008d90   0x00000088   Code   RO         6280    i.rt_tsk_create     RTX_CM4.lib(rt_task.o)
    0x08008e18   0x0000017c   Code   RO         6281    i.rt_tsk_delete     RTX_CM4.lib(rt_task.o)
    0x08008f94   0x0000007c   Code   RO         6283    i.rt_tsk_prio       RTX_CM4.lib(rt_task.o)
    0x08009010   0x00000010   Code   RO         6284    i.rt_tsk_self       RTX_CM4.lib(rt_task.o)
    0x08009020   0x00000022   Code   RO          635    i.runKalman         kalman_filter_funcs.o
    0x08009042   0x00000002   PAD
    0x08009044   0x00000580   Code   RO          836    i.run_segment_display  segment_display.o
    0x080095c4   0x00000190   Code   RO          837    i.segment_thread    segment_display.o
    0x08009754   0x00000030   Code   RO          838    i.select_and_display_segment  segment_display.o
    0x08009784   0x00000030   Code   RO          486    i.set_roll_and_pitch_to_mouse  mouse_thread.o
    0x080097b4   0x00000048   Code   RO          839    i.seven_segment_init  segment_display.o
    0x080097fc   0x00000014   Code   RO          840    i.seven_segment_select  segment_display.o
    0x08009810   0x00000054   Code   RO          841    i.seven_segment_select_init  segment_display.o
    0x08009864   0x0000001c   Code   RO          444    i.start_LED_thread  led_thread.o
    0x08009880   0x00000090   Code   RO          556    i.start_accelerometer_thread  accelerometer_thread.o
    0x08009910   0x0000008c   Code   RO          753    i.start_keypad_thread  keypad_thread.o
    0x0800999c   0x0000001c   Code   RO          487    i.start_mouse_thread  mouse_thread.o
    0x080099b8   0x00000078   Code   RO          842    i.start_segment_thread  segment_display.o
    0x08009a30   0x0000000c   Code   RO         1475    i.stdout_putchar    retarget_io.o
    0x08009a3c   0x00000012   Code   RO         5533    i.svcDelay          RTX_CM4.lib(rt_cmsis.o)
    0x08009a4e   0x00000002   PAD
    0x08009a50   0x00000070   Code   RO         5534    i.svcKernelInitialize  RTX_CM4.lib(rt_cmsis.o)
    0x08009ac0   0x00000048   Code   RO         5536    i.svcKernelStart    RTX_CM4.lib(rt_cmsis.o)
    0x08009b08   0x00000024   Code   RO         5539    i.svcMessageCreate  RTX_CM4.lib(rt_cmsis.o)
    0x08009b2c   0x0000003a   Code   RO         5540    i.svcMessageGet     RTX_CM4.lib(rt_cmsis.o)
    0x08009b66   0x0000001c   Code   RO         5542    i.svcMutexCreate    RTX_CM4.lib(rt_cmsis.o)
    0x08009b82   0x00000022   Code   RO         5544    i.svcMutexRelease   RTX_CM4.lib(rt_cmsis.o)
    0x08009ba4   0x00000036   Code   RO         5545    i.svcMutexWait      RTX_CM4.lib(rt_cmsis.o)
    0x08009bda   0x00000024   Code   RO         5547    i.svcSemaphoreCreate  RTX_CM4.lib(rt_cmsis.o)
    0x08009bfe   0x00000028   Code   RO         5549    i.svcSemaphoreRelease  RTX_CM4.lib(rt_cmsis.o)
    0x08009c26   0x00000032   Code   RO         5550    i.svcSemaphoreWait  RTX_CM4.lib(rt_cmsis.o)
    0x08009c58   0x00000024   Code   RO         5552    i.svcSignalSet      RTX_CM4.lib(rt_cmsis.o)
    0x08009c7c   0x00000054   Code   RO         5553    i.svcSignalWait     RTX_CM4.lib(rt_cmsis.o)
    0x08009cd0   0x00000070   Code   RO         5554    i.svcThreadCreate   RTX_CM4.lib(rt_cmsis.o)
    0x08009d40   0x0000001c   Code   RO         5555    i.svcThreadGetId    RTX_CM4.lib(rt_cmsis.o)
    0x08009d5c   0x00000038   Code   RO         5558    i.svcThreadTerminate  RTX_CM4.lib(rt_cmsis.o)
    0x08009d94   0x00000018   Code   RO         5560    i.svcTimerCall      RTX_CM4.lib(rt_cmsis.o)
    0x08009dac   0x00000038   Code   RO         5561    i.svcTimerCreate    RTX_CM4.lib(rt_cmsis.o)
    0x08009de4   0x00000064   Code   RO         5563    i.svcTimerStart     RTX_CM4.lib(rt_cmsis.o)
    0x08009e48   0x00000024   Code   RO         5564    i.svcTimerStop      RTX_CM4.lib(rt_cmsis.o)
    0x08009e6c   0x0000005c   Code   RO         5569    i.sysTimerTick      RTX_CM4.lib(rt_cmsis.o)
    0x08009ec8   0x0000002a   Code   RO          637    i.update_col        kalman_filter_funcs.o
    0x08009ef2   0x00000002   PAD
    0x08009ef4   0x00000010   Data   RO          445    .constdata          led_thread.o
    0x08009f04   0x00000014   Data   RO          489    .constdata          mouse_thread.o
    0x08009f18   0x00000010   Data   RO          558    .constdata          accelerometer_thread.o
    0x08009f28   0x00000040   Data   RO          755    .constdata          keypad_thread.o
    0x08009f68   0x00000014   Data   RO          844    .constdata          segment_display.o
    0x08009f7c   0x00000034   Data   RO         1168    .constdata          usbd_user_hid_mouse_0.o
    0x08009fb0   0x00000068   Data   RO         1201    .constdata          rtx_conf_cm.o
    0x0800a018   0x00000050   Data   RO         1337    .constdata          usbd_fs_stm32f4xx.o
    0x0800a068   0x00000010   Data   RO         2488    .constdata          stm32f4xx_hal_rcc.o
    0x0800a078   0x0000028e   Data   RO         4973    .constdata          usbd_config_0.o
    0x0800a306   0x00000020   Data   RO         6245    .constdata          USB_CM3_L.lib(usbd_hid.o)
    0x0800a326   0x00000002   PAD
    0x0800a328   0x00000098   Data   RO         6901    .constdata          m_wm.l(atan.o)
    0x0800a3c0   0x00000020   Data   RO         7344    Region$$Table       anon$$obj.o


    Execution Region ER_RW (Base: 0x20000000, Size: 0x0000024c, Max: 0xffffffff, ABSOLUTE, COMPRESSED[0x00000040])

    Base Addr    Size         Type   Attr      Idx    E Section Name        Object

    0x20000000   0x00000004   Data   RW          446    .data               led_thread.o
    0x20000004   0x00000014   Data   RW          490    .data               mouse_thread.o
    0x20000018   0x00000010   Data   RW          559    .data               accelerometer_thread.o
    0x20000028   0x00000004   Data   RW          756    .data               keypad_thread.o
    0x2000002c   0x00000014   Data   RW          845    .data               segment_display.o
    0x20000040   0x00000004   Data   RW          973    .data               temperature_thread.o
    0x20000044   0x0000000c   Data   RW         1037    .data               tim.o
    0x20000050   0x00000004   Data   RW         1082    .data               lis3dsh.o
    0x20000054   0x00000010   Data   RW         1202    .data               rtx_conf_cm.o
    0x20000064   0x00000001   Data   RW         1241    .data               otg_fs_stm32f4xx.o
    0x20000065   0x00000003   PAD
    0x20000068   0x00000020   Data   RW         1338    .data               usbd_fs_stm32f4xx.o
    0x20000088   0x00000004   Data   RW         1558    .data               stm32f4xx_hal.o
    0x2000008c   0x00000004   Data   RW         4899    .data               system_stm32f4xx.o
    0x20000090   0x00000184   Data   RW         4974    .data               usbd_config_0.o
    0x20000214   0x00000008   Data   RW         5572    .data               RTX_CM4.lib(rt_cmsis.o)
    0x2000021c   0x00000008   Data   RW         6286    .data               RTX_CM4.lib(rt_task.o)
    0x20000224   0x00000008   Data   RW         6371    .data               RTX_CM4.lib(rt_system.o)
    0x2000022c   0x00000004   Data   RW         6665    .data               RTX_CM4.lib(rt_time.o)
    0x20000230   0x00000001   Data   RW         6785    .data               RTX_CM4.lib(hal_cm.o)
    0x20000231   0x00000003   PAD
    0x20000234   0x00000008   Data   RW         6866    .data               RTX_CM4.lib(rt_robin.o)
    0x2000023c   0x00000004   Data   RW         6957    .data               mc_w.l(stdout.o)
    0x20000240   0x00000004   Data   RW         7314    .data               mc_w.l(mvars.o)
    0x20000244   0x00000004   Data   RW         7315    .data               mc_w.l(mvars.o)
    0x20000248   0x00000004   Data   RW         7319    .data               mc_w.l(errno.o)


    Execution Region ER_ZI (Base: 0x2000024c, Size: 0x00002bb4, Max: 0xffffffff, ABSOLUTE)

    Base Addr    Size         Type   Attr      Idx    E Section Name        Object

    0x2000024c   0x00000010   Zero   RW          488    .bss                mouse_thread.o
    0x2000025c   0x00000068   Zero   RW          557    .bss                accelerometer_thread.o
    0x200002c4   0x00000028   Zero   RW          754    .bss                keypad_thread.o
    0x200002ec   0x00000010   Zero   RW          843    .bss                segment_display.o
    0x200002fc   0x00000078   Zero   RW         1036    .bss                tim.o
    0x20000374   0x00000058   Zero   RW         1081    .bss                lis3dsh.o
    0x200003cc   0x00000004   PAD
    0x200003d0   0x00002210   Zero   RW         1200    .bss                rtx_conf_cm.o
    0x200025e0   0x000000a0   Zero   RW         1336    .bss                usbd_fs_stm32f4xx.o
    0x20002680   0x0000011c   Zero   RW         4972    .bss                usbd_config_0.o
    0x2000279c   0x00000034   Zero   RW         6285    .bss                RTX_CM4.lib(rt_task.o)
    0x200027d0   0x00000030   Zero   RW         6505    .bss                RTX_CM4.lib(rt_list.o)
    0x20002800   0x00000200   Zero   RW         4887    HEAP                startup_stm32f407xx.o
    0x20002a00   0x00000400   Zero   RW         4886    STACK               startup_stm32f407xx.o


==============================================================================

Image component sizes


      Code (inc. data)   RO Data    RW Data    ZI Data      Debug   Object Name

       988        208         16         16        104       4320   accelerometer_thread.o
      1412          8          0          0          0       6082   kalman_filter_funcs.o
       678        160         64          4         40       6245   keypad_thread.o
       164         40         16          4          0       2446   led_thread.o
      1226        114          0          4         88       7196   lis3dsh.o
        76          0          0          0          0     367652   main.o
       356         60         20         20         16       4799   mouse_thread.o
       682         60          0          1          0       6594   otg_fs_stm32f4xx.o
        92         12          0          0          0       1759   retarget_io.o
        62          6        104         16       8720       7784   rtx_conf_cm.o
      3086        214         20         20         16      11897   segment_display.o
        36          8        392          0       1536        868   startup_stm32f407xx.o
       114         16          0          4          0       3839   stm32f4xx_hal.o
       304         22          0          0          0      32243   stm32f4xx_hal_cortex.o
       960         98          0          0          0       5473   stm32f4xx_hal_gpio.o
      1568         48         16          0          0       4123   stm32f4xx_hal_rcc.o
       216          0          0          0          0       2568   stm32f4xx_hal_spi.o
       726         44          0          0          0       6658   stm32f4xx_hal_tim.o
         4          0          0          0          0       1730   stm32f4xx_hal_tim_ex.o
        46          6          0          0          0       3802   stm32f4xx_it.o
       384        312          0          0          0        596   supporting_functions.o
       168         10          0          0          0       1157   sysclk_config.o
       100         18          0          4          0       1265   system_stm32f4xx.o
         0          0          0          4          0        823   temperature_thread.o
       264         44          0         12        120       2018   tim.o
       336         28        654        388        284      47023   usbd_config_0.o
      5356        398         80         32        160      49850   usbd_fs_stm32f4xx.o
        80          0         52          0          0       3194   usbd_user_hid_mouse_0.o

    ----------------------------------------------------------------------
     19512       1938       1466        532      11088     594004   Object Totals
         0          0         32          0          0          0   (incl. Generated)
        28          4          0          3          4          0   (incl. Padding)

    ----------------------------------------------------------------------

      Code (inc. data)   RO Data    RW Data    ZI Data      Debug   Library Member Name

       268         24          0          1          0       4452   hal_cm.o
       408         34          0          0          0        816   hal_cm4.o
      2190        236          0          8          0      52410   rt_cmsis.o
       272         18          0          0          0       2810   rt_event.o
       530         34          0          0         48       8597   rt_list.o
       554         10          0          0          0       4189   rt_mailbox.o
       140          0          0          0          0       2045   rt_membox.o
       128          0          0          0          0       2419   rt_memory.o
       336         12          0          0          0       2201   rt_mutex.o
        96         22          0          8          0       1230   rt_robin.o
       186         10          0          0          0       3102   rt_semaphore.o
       298         52          0          8          0       6439   rt_system.o
      1216        174          0          8         52      10025   rt_task.o
         6          0          0          4          0        684   rt_time.o
         4          4          0          0          0        200   svc_table.o
      4922        308          0          0          0       3324   usbd_core.o
       260         52          0          0          0        324   usbd_core_custom_device.o
       648         60          0          0          0        264   usbd_core_hid.o
      1940        208         32          0          0       1436   usbd_hid.o
       132          0          0          0          0        883   arm_copy_f32.o
       264          0          0          0          0      18178   arm_mat_add_f32.o
         8          0          0          0          0        959   arm_mat_init_f32.o
      1328          4          0          0          0       4742   arm_mat_inverse_f32.o
       316          4          0          0          0       2335   arm_mat_mult_f32.o
       264          0          0          0          0       1786   arm_mat_sub_f32.o
       276          0          0          0          0       2200   arm_mat_trans_f32.o
       728        106        152          0          0        228   atan.o
        84         16          0          0          0        372   dunder.o
        24          0          0          0          0        124   fabs.o
       260          6          0          0          0        144   fmod.o
        48          0          0          0          0        124   fpclassify.o
       248          0          0          0          0        152   poly.o
       122          0          0          0          0        148   sqrt_full.o
        86          0          0          0          0          0   __dczerorl2.o
         0          0          0          0          0          0   entry.o
         0          0          0          0          0          0   entry10a.o
         0          0          0          0          0          0   entry11a.o
         8          4          0          0          0          0   entry2.o
         4          0          0          0          0          0   entry5.o
         0          0          0          0          0          0   entry7b.o
         0          0          0          0          0          0   entry8b.o
        12          6          0          4          0         68   errno.o
        30          0          0          0          0          0   handlers.o
        36          8          0          0          0         68   init.o
         0          0          0          0          0          0   iusefp.o
        30          0          0          0          0         68   llshl.o
        36          0          0          0          0         68   llsshr.o
        32          0          0          0          0         68   llushr.o
       188         20          0          0          0        160   malloc.o
        36          0          0          0          0         68   memcpya.o
        36          0          0          0          0        108   memseta.o
         0          0          0          8          0          0   mvars.o
        50          8          0          0          0        152   printfb.o
         0          0          0          4          0          0   stdout.o
        98          0          0          0          0         92   uldiv.o
        56          0          0          0          0         88   d2f.o
       334          0          0          0          0        148   dadd.o
       222          0          0          0          0        100   ddiv.o
       186          0          0          0          0        176   depilogue.o
        62          0          0          0          0         80   dfixi.o
        34          0          0          0          0         76   dflti.o
       228          0          0          0          0         96   dmul.o
       134          0          0          0          0         96   drem.o
       162          0          0          0          0        100   dsqrt.o
        38          0          0          0          0         68   f2d.o
       110          0          0          0          0        168   fepilogue.o

    ----------------------------------------------------------------------
     20788       1440        186         56        100     141458   Library Totals
        36          0          2          3          0          0   (incl. Padding)

    ----------------------------------------------------------------------

      Code (inc. data)   RO Data    RW Data    ZI Data      Debug   Library Name

      6632        630          0         37        100     101619   RTX_CM4.lib
      7770        628         32          0          0       5348   USB_CM3_L.lib
      2588          8          0          0          0      31083   arm_cortexM4lf_math.lib
      1514        128        152          0          0       1292   m_wm.l
       682         46          0         16          0        920   mc_w.l
      1566          0          0          0          0       1196   mf_w.l

    ----------------------------------------------------------------------
     20788       1440        186         56        100     141458   Library Totals

    ----------------------------------------------------------------------

==============================================================================


      Code (inc. data)   RO Data    RW Data    ZI Data      Debug   

     40300       3378       1652        588      11188     702878   Grand Totals
     40300       3378       1652         64      11188     702878   ELF Image Totals (compressed)
     40300       3378       1652         64          0          0   ROM Totals

==============================================================================

    Total RO  Size (Code + RO Data)                41952 (  40.97kB)
    Total RW  Size (RW Data + ZI Data)             11776 (  11.50kB)
    Total ROM Size (Code + RO Data + RW Data)      42016 (  41.03kB)

==============================================================================

